<html>
<body>
<pre>
<h1>µVision3 Build Log</h1>
<h2>Project:</h2>
C:\E\temp\rc\4\FreeRTOSV5.3.1\Demo\CORTEX_STM32F103_Keil\RTOSDemo.uv2
Project File Date:  06/21/2009

<h2>Output:</h2>
Build target 'Target 1'
assembling STM32F10x.s...
compiling lcd.c...
assembling cortexm3_macro_rvds.s...
compiling stm32f10x_usart.c...
compiling stm32f10x_gpio.c...
compiling stm32f10x_lib.c...
compiling stm32f10x_nvic.c...
compiling stm32f10x_rcc.c...
compiling stm32f10x_spi.c...
compiling stm32f10x_systick.c...
compiling stm32f10x_tim.c...
compiling ParTest.c...
compiling serial.c...
compiling timertest.c...
compiling main.c...
compiling spi_flash.c...
compiling semtest.c...
compiling BlockQ.c...
compiling blocktim.c...
compiling comtest.c...
compiling death.c...
compiling flash.c...
compiling integer.c...
compiling PollQ.c...
compiling tasks.c...
compiling list.c...
compiling queue.c...
compiling port.c...
compiling heap_2.c...
linking...
Program Size: Code=22904 RO-data=14540 RW-data=256 ZI-data=18488  
"RTOSDemo.axf" - 0 Error(s), 0 Warning(s).
Load "C:\\E\\temp\\rc\\4\\FreeRTOSV5.3.1\\Demo\\CORTEX_STM32F103_Keil\\RTOSDemo.AXF" 
Erase Done.
Programming Done.
Verify OK.
Clean started: Project: 'RTOSDemo'
   deleting intermediate output files for target 'Target 1'
Build target 'Target 1'
assembling STM32F10x.s...
compiling lcd.c...
assembling cortexm3_macro_rvds.s...
compiling stm32f10x_usart.c...
compiling stm32f10x_gpio.c...
compiling stm32f10x_lib.c...
compiling stm32f10x_nvic.c...
compiling stm32f10x_rcc.c...
compiling stm32f10x_spi.c...
compiling stm32f10x_systick.c...
compiling stm32f10x_tim.c...
compiling ParTest.c...
compiling serial.c...
compiling timertest.c...
compiling main.c...
compiling spi_flash.c...
compiling semtest.c...
compiling BlockQ.c...
compiling blocktim.c...
compiling comtest.c...
compiling death.c...
compiling flash.c...
compiling integer.c...
compiling PollQ.c...
compiling tasks.c...
compiling list.c...
compiling queue.c...
compiling port.c...
compiling heap_2.c...
linking...
Program Size: Code=22904 RO-data=14540 RW-data=256 ZI-data=18488  
"RTOSDemo.axf" - 0 Error(s), 0 Warning(s).
Load "C:\\E\\temp\\rc\\4\\FreeRTOSV5.3.1\\Demo\\CORTEX_STM32F103_Keil\\RTOSDemo.AXF" 
Erase Done.
Programming Done.
Verify OK.
Load "C:\\E\\temp\\rc\\4\\FreeRTOSV5.3.1\\Demo\\CORTEX_STM32F103_Keil\\RTOSDemo.AXF" 
Erase Done.
Programming Done.
Verify OK.
Build target 'Target 1'
linking...
Program Size: Code=22904 RO-data=14540 RW-data=256 ZI-data=18488  
"RTOSDemo.axf" - 0 Error(s), 0 Warning(s).
Load "C:\\E\\temp\\rc\\4\\FreeRTOSV5.3.1\\Demo\\CORTEX_STM32F103_Keil\\RTOSDemo.AXF" 
Erase Done.
Programming Done.
Verify OK.
Build target 'Target 1'
assembling STM32F10x.s...
compiling lcd.c...
assembling cortexm3_macro_rvds.s...
compiling stm32f10x_usart.c...
compiling stm32f10x_gpio.c...
compiling stm32f10x_lib.c...
compiling stm32f10x_nvic.c...
compiling stm32f10x_rcc.c...
compiling stm32f10x_spi.c...
compiling stm32f10x_systick.c...
compiling stm32f10x_tim.c...
compiling ParTest.c...
compiling serial.c...
compiling timertest.c...
compiling main.c...
compiling spi_flash.c...
compiling semtest.c...
compiling BlockQ.c...
compiling blocktim.c...
compiling comtest.c...
compiling death.c...
compiling flash.c...
compiling integer.c...
compiling PollQ.c...
compiling tasks.c...
compiling list.c...
compiling queue.c...
compiling port.c...
compiling heap_2.c...
linking...
Program Size: Code=22904 RO-data=14540 RW-data=256 ZI-data=18488  
"RTOSDemo.axf" - 0 Error(s), 0 Warning(s).
Load "C:\\E\\temp\\rc\\4\\FreeRTOSV5.3.1\\Demo\\CORTEX_STM32F103_Keil\\RTOSDemo.AXF" 
Erase Done.
Programming Done.
Verify OK.
Build target 'Target 1'
assembling STM32F10x.s...
linking...
Program Size: Code=22908 RO-data=14540 RW-data=256 ZI-data=18496  
"RTOSDemo.axf" - 0 Error(s), 0 Warning(s).
Load "C:\\E\\temp\\rc\\4\\FreeRTOSV5.3.1\\Demo\\CORTEX_STM32F103_Keil\\RTOSDemo.AXF" 
Erase Done.
Programming Done.
Verify OK.
Build target 'Target 1'
assembling STM32F10x.s...
compiling lcd.c...
assembling cortexm3_macro_rvds.s...
compiling stm32f10x_usart.c...
compiling stm32f10x_gpio.c...
compiling stm32f10x_lib.c...
compiling stm32f10x_nvic.c...
compiling stm32f10x_rcc.c...
compiling stm32f10x_spi.c...
compiling stm32f10x_systick.c...
compiling stm32f10x_tim.c...
compiling ParTest.c...
compiling serial.c...
compiling timertest.c...
compiling main.c...
compiling spi_flash.c...
compiling semtest.c...
compiling BlockQ.c...
compiling blocktim.c...
compiling comtest.c...
compiling death.c...
compiling flash.c...
compiling integer.c...
compiling PollQ.c...
compiling tasks.c...
compiling list.c...
compiling queue.c...
compiling port.c...
compiling heap_2.c...
linking...
Program Size: Code=20174 RO-data=14530 RW-data=248 ZI-data=18152  
"RTOSDemo.axf" - 0 Error(s), 0 Warning(s).
Load "C:\\E\\temp\\rc\\4\\FreeRTOSV5.3.1\\Demo\\CORTEX_STM32F103_Keil\\RTOSDemo.AXF" 
Erase Done.
Programming Done.
Verify OK.
Clean started: Project: 'RTOSDemo'
   deleting intermediate output files for target 'Target 1'
