Archive member included because of file (symbol)

c:/devtools/codesourcery_coldfire/sourcery g++ lite/bin/../lib/gcc/m68k-elf/4.2.3/../../../../m68k-elf/lib/m5208\libc.a(lib_a-atexit.o)
                              (atexit)
c:/devtools/codesourcery_coldfire/sourcery g++ lite/bin/../lib/gcc/m68k-elf/4.2.3/../../../../m68k-elf/lib/m5208\libc.a(lib_a-exit.o)
                              (exit)
c:/devtools/codesourcery_coldfire/sourcery g++ lite/bin/../lib/gcc/m68k-elf/4.2.3/../../../../m68k-elf/lib/m5208\libc.a(lib_a-impure.o)
                              c:/devtools/codesourcery_coldfire/sourcery g++ lite/bin/../lib/gcc/m68k-elf/4.2.3/../../../../m68k-elf/lib/m5208\libc.a(lib_a-exit.o) (_global_impure_ptr)
c:/devtools/codesourcery_coldfire/sourcery g++ lite/bin/../lib/gcc/m68k-elf/4.2.3/../../../../m68k-elf/lib/m5208\libc.a(lib_a-memcmp.o)
                              ./bin/tasks.o (memcmp)
c:/devtools/codesourcery_coldfire/sourcery g++ lite/bin/../lib/gcc/m68k-elf/4.2.3/../../../../m68k-elf/lib/m5208\libc.a(lib_a-memcpy.o)
                              ./bin/tasks.o (memcpy)
c:/devtools/codesourcery_coldfire/sourcery g++ lite/bin/../lib/gcc/m68k-elf/4.2.3/../../../../m68k-elf/lib/m5208\libc.a(lib_a-memset.o)
                              ./bin/tasks.o (memset)
c:/devtools/codesourcery_coldfire/sourcery g++ lite/bin/../lib/gcc/m68k-elf/4.2.3/../../../../m68k-elf/lib/m5208\libc.a(lib_a-sprintf.o)
                              ./bin/tasks.o (sprintf)
c:/devtools/codesourcery_coldfire/sourcery g++ lite/bin/../lib/gcc/m68k-elf/4.2.3/../../../../m68k-elf/lib/m5208\libc.a(lib_a-strcat.o)
                              ./bin/tasks.o (strcat)
c:/devtools/codesourcery_coldfire/sourcery g++ lite/bin/../lib/gcc/m68k-elf/4.2.3/../../../../m68k-elf/lib/m5208\libc.a(lib_a-strcpy.o)
                              c:/devtools/codesourcery_coldfire/sourcery g++ lite/bin/../lib/gcc/m68k-elf/4.2.3/../../../../m68k-elf/lib/m5208\libc.a(lib_a-strcat.o) (strcpy)
c:/devtools/codesourcery_coldfire/sourcery g++ lite/bin/../lib/gcc/m68k-elf/4.2.3/../../../../m68k-elf/lib/m5208\libc.a(lib_a-strlen.o)
                              ./bin/tasks.o (strlen)
c:/devtools/codesourcery_coldfire/sourcery g++ lite/bin/../lib/gcc/m68k-elf/4.2.3/../../../../m68k-elf/lib/m5208\libc.a(lib_a-strncpy.o)
                              ./bin/tasks.o (strncpy)
c:/devtools/codesourcery_coldfire/sourcery g++ lite/bin/../lib/gcc/m68k-elf/4.2.3/../../../../m68k-elf/lib/m5208\libc.a(lib_a-vfprintf.o)
                              c:/devtools/codesourcery_coldfire/sourcery g++ lite/bin/../lib/gcc/m68k-elf/4.2.3/../../../../m68k-elf/lib/m5208\libc.a(lib_a-sprintf.o) (_vfprintf_r)
c:/devtools/codesourcery_coldfire/sourcery g++ lite/bin/../lib/gcc/m68k-elf/4.2.3/../../../../m68k-elf/lib/m5208\libc.a(lib_a-wsetup.o)
                              c:/devtools/codesourcery_coldfire/sourcery g++ lite/bin/../lib/gcc/m68k-elf/4.2.3/../../../../m68k-elf/lib/m5208\libc.a(lib_a-vfprintf.o) (__swsetup_r)
c:/devtools/codesourcery_coldfire/sourcery g++ lite/bin/../lib/gcc/m68k-elf/4.2.3/../../../../m68k-elf/lib/m5208\libc.a(lib_a-__atexit.o)
                              c:/devtools/codesourcery_coldfire/sourcery g++ lite/bin/../lib/gcc/m68k-elf/4.2.3/../../../../m68k-elf/lib/m5208\libc.a(lib_a-atexit.o) (__register_exitproc)
c:/devtools/codesourcery_coldfire/sourcery g++ lite/bin/../lib/gcc/m68k-elf/4.2.3/../../../../m68k-elf/lib/m5208\libc.a(lib_a-__call_atexit.o)
                              c:/devtools/codesourcery_coldfire/sourcery g++ lite/bin/../lib/gcc/m68k-elf/4.2.3/../../../../m68k-elf/lib/m5208\libc.a(lib_a-exit.o) (__call_exitprocs)
c:/devtools/codesourcery_coldfire/sourcery g++ lite/bin/../lib/gcc/m68k-elf/4.2.3/../../../../m68k-elf/lib/m5208\libc.a(lib_a-dtoa.o)
                              c:/devtools/codesourcery_coldfire/sourcery g++ lite/bin/../lib/gcc/m68k-elf/4.2.3/../../../../m68k-elf/lib/m5208\libc.a(lib_a-vfprintf.o) (_dtoa_r)
c:/devtools/codesourcery_coldfire/sourcery g++ lite/bin/../lib/gcc/m68k-elf/4.2.3/../../../../m68k-elf/lib/m5208\libc.a(lib_a-fflush.o)
                              c:/devtools/codesourcery_coldfire/sourcery g++ lite/bin/../lib/gcc/m68k-elf/4.2.3/../../../../m68k-elf/lib/m5208\libc.a(lib_a-vfprintf.o) (_fflush_r)
c:/devtools/codesourcery_coldfire/sourcery g++ lite/bin/../lib/gcc/m68k-elf/4.2.3/../../../../m68k-elf/lib/m5208\libc.a(lib_a-findfp.o)
                              c:/devtools/codesourcery_coldfire/sourcery g++ lite/bin/../lib/gcc/m68k-elf/4.2.3/../../../../m68k-elf/lib/m5208\libc.a(lib_a-vfprintf.o) (__sinit)
c:/devtools/codesourcery_coldfire/sourcery g++ lite/bin/../lib/gcc/m68k-elf/4.2.3/../../../../m68k-elf/lib/m5208\libc.a(lib_a-fini.o)
                              c:/devtools/codesourcery_coldfire/sourcery g++ lite/bin/../lib/gcc/m68k-elf/4.2.3/../../../../m68k-elf/lib/m5208\libc.a(lib_a-__call_atexit.o) (__libc_fini_array)
[...]
Memory Configuration

Name             Origin             Length             Attributes
ram              0x00000000         0x01000000         xrw
rom              0xffe00000         0x00200000         xr
rombar           0xf0000000         0x00080000         xr
rambar           0x20000000         0x00010000         xrw
ipsbar           0x40000000         0x20000000         rw
*default*        0x00000000         0xffffffff

Linker script and memory map

LOAD ./bin/portasm.o
LOAD ./bin/main.o
LOAD ./bin/ParTest.o
LOAD ./bin/BlockQ.o
LOAD ./bin/blocktim.o
LOAD ./bin/death.o
LOAD ./bin/integer.o
LOAD ./bin/PollQ.o
LOAD ./bin/semtest.o
LOAD ./bin/GenQTest.o
LOAD ./bin/QPeek.o
LOAD ./bin/recmutex.o
LOAD ./bin/port.o
LOAD ./bin/list.o
LOAD ./bin/tasks.o
LOAD ./bin/queue.o
LOAD ./bin/heap_2.o
LOAD ./bin/FreeRTOS_Timer.o
LOAD c:/devtools/codesourcery_coldfire/sourcery g++ lite/bin/../lib/gcc/m68k-elf/4.2.3/m5208\libgcc.a
LOAD c:/devtools/codesourcery_coldfire/sourcery g++ lite/bin/../lib/gcc/m68k-elf/4.2.3/../../../../m68k-elf/lib/m5208\libc.a
LOAD c:/devtools/codesourcery_coldfire/sourcery g++ lite/bin/../lib/gcc/m68k-elf/4.2.3/m5208\libgcc.a
START GROUP
LOAD c:/devtools/codesourcery_coldfire/sourcery g++ lite/bin/../lib/gcc/m68k-elf/4.2.3/m5208\libgcc.a
LOAD c:/devtools/codesourcery_coldfire/sourcery g++ lite/bin/../lib/gcc/m68k-elf/4.2.3/../../../../m68k-elf/lib/m5208\libc.a
LOAD c:/devtools/codesourcery_coldfire/sourcery g++ lite/bin/../lib/gcc/m68k-elf/4.2.3/../../../../m68k-elf/lib/m5208\libcs3.a
LOAD c:/devtools/codesourcery_coldfire/sourcery g++ lite/bin/../lib/gcc/m68k-elf/4.2.3/../../../../m68k-elf/lib/m5208\libcs3hosted.a
LOAD c:/devtools/codesourcery_coldfire/sourcery g++ lite/bin/../lib/gcc/m68k-elf/4.2.3/../../../../m68k-elf/lib/m5208\libcs3coldfire.a
END GROUP
                0x000149d8                PROVIDE (__cs3_heap_start, _end)
                0x01000000                PROVIDE (__cs3_heap_end, (__cs3_region_start_ram + __cs3_region_size_ram))
                0x00000003                PROVIDE (__cs3_region_num, ((__cs3_regions_end - __cs3_regions) / 0x14))
                0x01000000                PROVIDE (__cs3_stack, (__cs3_region_start_ram + __cs3_region_size_ram))

.text           0x00000000     0xdccc
 CREATE_OBJECT_SYMBOLS
                0x00000000                __cs3_region_start_ram = .
 *(.cs3.region-head.ram)
                0x00000001                ASSERT ((. == __cs3_region_start_ram), .cs3.region-head.ram not permitted)
                0x00000000                __cs3_interrupt_vector = __cs3_interrupt_vector_coldfire
 *(.cs3.interrupt_vector)
 .cs3.interrupt_vector
                0x00000000      0x400 c:/devtools/codesourcery_coldfire/sourcery g++ lite/bin/../lib/gcc/m68k-elf/4.2.3/../../../../m68k-elf/lib/m5208\libcs3coldfire.a(coldfire-vector.o)
                0x00000000                __cs3_interrupt_vector_coldfire
                0x00000001                ASSERT ((. != __cs3_interrupt_vector_coldfire), No interrupt vector)
                0x0000dba0                PROVIDE (__cs3_reset_m5282evb, _start)
                0x00000400                __cs3_reset = __cs3_reset_m5282evb
 *(.cs3.reset)
 .cs3.reset     0x00000400       0xe6 c:/devtools/codesourcery_coldfire/sourcery g++ lite/bin/../lib/gcc/m68k-elf/4.2.3/../../../../m68k-elf/lib/m5208\libcs3.a(m5282evb-reset.o)
                0x00000400                __cs3_reset_m5282evb
 *(.text .text.* .gnu.linkonce.t.*)
 *fill*         0x000004e6        0x2 00
 .text          0x000004e8       0x36 ./bin/portasm.o
 *fill*         0x0000051e        0x2 00
 .text          0x00000520        0x0 ./bin/main.o
 .text.main     0x00000520       0x6c ./bin/main.o
                0x00000520                main
 .text.prvSetupHardware
                0x0000058c        0xe ./bin/main.o
 .text.vApplicationStackOverflowHook
                0x0000059a        0x6 ./bin/main.o
                0x0000059a                vApplicationStackOverflowHook
 .text          0x000005a0        0x0 ./bin/ParTest.o
 .text.vParTestInitialise
                0x000005a0       0x60 ./bin/ParTest.o
                0x000005a0                vParTestInitialise
 .text.vParTestSetLED
                0x00000600       0xf0 ./bin/ParTest.o
                0x00000600                vParTestSetLED
 .text.vParTestToggleLED
                0x000006f0      0x106 ./bin/ParTest.o
                0x000006f0                vParTestToggleLED
 *fill*         0x000007f6        0x2 00
 .text          0x000007f8        0x0 ./bin/BlockQ.o
 .text.vStartBlockingQueueTasks
                0x000007f8      0x26c ./bin/BlockQ.o
                0x000007f8                vStartBlockingQueueTasks
 .text.vBlockingQueueProducer
                0x00000a64       0x6e ./bin/BlockQ.o
 .text.vBlockingQueueConsumer
                0x00000ad2       0x88 ./bin/BlockQ.o
 .text.xAreBlockingQueuesStillRunning
                0x00000b5a       0xc8 ./bin/BlockQ.o
                0x00000b5a                xAreBlockingQueuesStillRunning
 *fill*         0x00000c22        0x2 00
 .text          0x00000c24        0x0 ./bin/blocktim.o
 .text.vCreateBlockTimeTasks
                0x00000c24       0x86 ./bin/blocktim.o
                0x00000c24                vCreateBlockTimeTasks
 .text.vPrimaryBlockTimeTestTask
                0x00000caa      0x452 ./bin/blocktim.o
 .text.vSecondaryBlockTimeTestTask
                0x000010fc      0x132 ./bin/blocktim.o
 .text.xAreBlockTimeTestTasksStillRunning
                0x0000122e       0x62 ./bin/blocktim.o
                0x0000122e                xAreBlockTimeTestTasksStillRunning
 .text          0x00001290        0x0 ./bin/death.o
 .text.vCreateSuicidalTasks
                0x00001290       0x64 ./bin/death.o
                0x00001290                vCreateSuicidalTasks
 .text.vSuicidalTask
                0x000012f4       0x72 ./bin/death.o
 .text.vCreateTasks
                0x00001366       0x9e ./bin/death.o
 .text.xIsCreateTaskStillRunning
                0x00001404       0x7c ./bin/death.o
                0x00001404                xIsCreateTaskStillRunning
 .text          0x00001480        0x0 ./bin/integer.o
 .text.vStartIntegerMathTasks
                0x00001480       0x56 ./bin/integer.o
                0x00001480                vStartIntegerMathTasks
 .text.vCompeteingIntMathTask
                0x000014d6       0x78 ./bin/integer.o
 .text.xAreIntegerMathsTaskStillRunning
                0x0000154e       0x56 ./bin/integer.o
                0x0000154e                xAreIntegerMathsTaskStillRunning
 .text          0x000015a4        0x0 ./bin/PollQ.o
 .text.vStartPolledQueueTasks
                0x000015a4       0x8e ./bin/PollQ.o
                0x000015a4                vStartPolledQueueTasks
 .text.vPolledQueueProducer
                0x00001632       0x8a ./bin/PollQ.o
 .text.vPolledQueueConsumer
                0x000016bc       0xa2 ./bin/PollQ.o
 .text.xArePollingQueuesStillRunning
                0x0000175e       0x38 ./bin/PollQ.o
                0x0000175e                xArePollingQueuesStillRunning
 *fill*         0x00001796        0x2 00
 .text          0x00001798        0x0 ./bin/semtest.o
 .text.vStartSemaphoreTasks
                0x00001798      0x1ee ./bin/semtest.o
                0x00001798                vStartSemaphoreTasks
 .text.prvSemaphoreTest
                0x00001986      0x148 ./bin/semtest.o
 .text.xAreSemaphoreTasksStillRunning
                0x00001ace       0x76 ./bin/semtest.o
                0x00001ace                xAreSemaphoreTasksStillRunning
 .text          0x00001b44        0x0 ./bin/GenQTest.o
 .text.vStartGenericQueueTasks
                0x00001b44       0xf2 ./bin/GenQTest.o
                0x00001b44                vStartGenericQueueTasks
 .text.prvSendFrontAndBackTest
                0x00001c36      0x486 ./bin/GenQTest.o
 .text.prvLowPriorityMutexTask
                0x000020bc      0x128 ./bin/GenQTest.o
 .text.prvMediumPriorityMutexTask
                0x000021e4       0x1e ./bin/GenQTest.o
 .text.prvHighPriorityMutexTask
                0x00002202       0x60 ./bin/GenQTest.o
 .text.xAreGenericQueueTasksStillRunning
                0x00002262       0x70 ./bin/GenQTest.o
                0x00002262                xAreGenericQueueTasksStillRunning
 *fill*         0x000022d2        0x2 00
 .text          0x000022d4        0x0 ./bin/QPeek.o
 .text.vStartQueuePeekTasks
                0x000022d4       0xda ./bin/QPeek.o
                0x000022d4                vStartQueuePeekTasks
 .text.prvHighestPriorityPeekTask
                0x000023ae      0x156 ./bin/QPeek.o
 .text.prvHighPriorityPeekTask
                0x00002504       0xba ./bin/QPeek.o
 .text.prvMediumPriorityPeekTask
                0x000025be       0x7e ./bin/QPeek.o
 .text.prvLowPriorityPeekTask
                0x0000263c      0x17a ./bin/QPeek.o
 .text.xAreQueuePeekTasksStillRunning
                0x000027b6       0x4c ./bin/QPeek.o
                0x000027b6                xAreQueuePeekTasksStillRunning
 *fill*         0x00002802        0x2 00
 .text          0x00002804        0x0 ./bin/recmutex.o
 .text.vStartRecursiveMutexTasks
                0x00002804       0xae ./bin/recmutex.o
                0x00002804                vStartRecursiveMutexTasks
 .text.prvRecursiveMutexControllingTask
                0x000028b2       0xe6 ./bin/recmutex.o
 .text.prvRecursiveMutexBlockingTask
                0x00002998       0xa2 ./bin/recmutex.o
 .text.prvRecursiveMutexPollingTask
                0x00002a3a       0x80 ./bin/recmutex.o
 .text.xAreRecursiveMutexTasksStillRunning
                0x00002aba       0x96 ./bin/recmutex.o
                0x00002aba                xAreRecursiveMutexTasksStillRunning
 .text          0x00002b50        0x0 ./bin/port.o
 .text.pxPortInitialiseStack
                0x00002b50        0xa ./bin/port.o
                0x00002b50                pxPortInitialiseStack
 .text.xPortStartScheduler
                0x00002b5a        0xe ./bin/port.o
                0x00002b5a                xPortStartScheduler
 .text.vPortEndScheduler
                0x00002b68        0x8 ./bin/port.o
                0x00002b68                vPortEndScheduler
 .text.vPortEnterCritical
                0x00002b70       0x16 ./bin/port.o
                0x00002b70                vPortEnterCritical
 .text.vPortExitCritical
                0x00002b86       0x16 ./bin/port.o
                0x00002b86                vPortExitCritical
 .text.uxPortSetInterruptMaskFromISR
                0x00002b9c        0xa ./bin/port.o
                0x00002b9c                uxPortSetInterruptMaskFromISR
 .text.vPortClearInterruptMaskFromISR
                0x00002ba6        0x8 ./bin/port.o
                0x00002ba6                vPortClearInterruptMaskFromISR
 *fill*         0x00002bae        0x2 00
 .text          0x00002bb0        0x0 ./bin/list.o
 .text.vListInitialise
                0x00002bb0       0x42 ./bin/list.o
                0x00002bb0                vListInitialise
 .text.vListInitialiseItem
                0x00002bf2       0x10 ./bin/list.o
                0x00002bf2                vListInitialiseItem
 .text.vListInsertEnd
                0x00002c02       0x72 ./bin/list.o
                0x00002c02                vListInsertEnd
 .text.vListInsert
                0x00002c74       0x98 ./bin/list.o
                0x00002c74                vListInsert
 .text.vListRemove
                0x00002d0c       0x72 ./bin/list.o
                0x00002d0c                vListRemove
 *fill*         0x00002d7e        0x2 00
 .text          0x00002d80        0x0 ./bin/tasks.o
 .text.xTaskCreate
                0x00002d80      0x198 ./bin/tasks.o
                0x00002d80                xTaskCreate
 .text.vTaskDelete
                0x00002f18       0xa2 ./bin/tasks.o
                0x00002f18                vTaskDelete
 .text.vTaskDelayUntil
                0x00002fba       0xe8 ./bin/tasks.o
                0x00002fba                vTaskDelayUntil
 .text.vTaskDelay
                0x000030a2       0x94 ./bin/tasks.o
                0x000030a2                vTaskDelay
 .text.uxTaskPriorityGet
                0x00003136       0x44 ./bin/tasks.o
                0x00003136                uxTaskPriorityGet
 .text.vTaskPrioritySet
                0x0000317a      0x142 ./bin/tasks.o
                0x0000317a                vTaskPrioritySet
 .text.vTaskSuspend
                0x000032bc       0x8c ./bin/tasks.o
                0x000032bc                vTaskSuspend
 .text.xTaskIsTaskSuspended
                0x00003348       0x48 ./bin/tasks.o
                0x00003348                xTaskIsTaskSuspended
 .text.vTaskResume
                0x00003390       0xa0 ./bin/tasks.o
                0x00003390                vTaskResume
 .text.xTaskResumeFromISR
                0x00003430       0xd4 ./bin/tasks.o
                0x00003430                xTaskResumeFromISR
 .text.vTaskStartScheduler
                0x00003504       0x4e ./bin/tasks.o
                0x00003504                vTaskStartScheduler
 .text.vTaskEndScheduler
                0x00003552       0x14 ./bin/tasks.o
                0x00003552                vTaskEndScheduler
 .text.vTaskSuspendAll
                0x00003566       0x22 ./bin/tasks.o
                0x00003566                vTaskSuspendAll
 .text.xTaskResumeAll
                0x00003588      0x152 ./bin/tasks.o
                0x00003588                xTaskResumeAll
 .text.xTaskGetTickCount
                0x000036da       0x22 ./bin/tasks.o
                0x000036da                xTaskGetTickCount
 .text.uxTaskGetNumberOfTasks
                0x000036fc       0x22 ./bin/tasks.o
                0x000036fc                uxTaskGetNumberOfTasks
 .text.vTaskList
                0x0000371e      0x140 ./bin/tasks.o
                0x0000371e                vTaskList
 .text.vTaskStartTrace
                0x0000385e       0x42 ./bin/tasks.o
                0x0000385e                vTaskStartTrace
 .text.ulTaskEndTrace
                0x000038a0       0x3c ./bin/tasks.o
                0x000038a0                ulTaskEndTrace
 .text.vTaskIncrementTick
                0x000038dc      0x132 ./bin/tasks.o
                0x000038dc                vTaskIncrementTick
 .text.vTaskSwitchContext
                0x00003a0e      0x1b6 ./bin/tasks.o
                0x00003a0e                vTaskSwitchContext
 .text.vTaskPlaceOnEventList
                0x00003bc4       0xb4 ./bin/tasks.o
                0x00003bc4                vTaskPlaceOnEventList
 .text.xTaskRemoveFromEventList
                0x00003c78       0xea ./bin/tasks.o
                0x00003c78                xTaskRemoveFromEventList
 .text.vTaskSetTimeOutState
                0x00003d62       0x22 ./bin/tasks.o
                0x00003d62                vTaskSetTimeOutState
 .text.xTaskCheckForTimeOut
                0x00003d84       0xb4 ./bin/tasks.o
                0x00003d84                xTaskCheckForTimeOut
 .text.vTaskMissedYield
                0x00003e38       0x10 ./bin/tasks.o
                0x00003e38                vTaskMissedYield
 .text.prvIdleTask
                0x00003e48        0xc ./bin/tasks.o
 .text.prvInitialiseTCBVariables
                0x00003e54       0x9c ./bin/tasks.o
 .text.prvInitialiseTaskLists
                0x00003ef0       0x98 ./bin/tasks.o
 .text.prvCheckTasksWaitingTermination
                0x00003f88       0xb6 ./bin/tasks.o
 .text.prvAllocateTCBAndStack
                0x0000403e       0x86 ./bin/tasks.o
 .text.prvListTaskWithinSingleList
                0x000040c4      0x134 ./bin/tasks.o
 .text.usTaskCheckFreeStackSpace
                0x000041f8       0x46 ./bin/tasks.o
                0x000041f8                usTaskCheckFreeStackSpace
 .text.uxTaskGetStackHighWaterMark
                0x0000423e       0x44 ./bin/tasks.o
                0x0000423e                uxTaskGetStackHighWaterMark
 .text.prvDeleteTCB
                0x00004282       0x26 ./bin/tasks.o
 .text.xTaskGetCurrentTaskHandle
                0x000042a8       0x22 ./bin/tasks.o
                0x000042a8                xTaskGetCurrentTaskHandle
 .text.vTaskPriorityInherit
                0x000042ca       0xe2 ./bin/tasks.o
                0x000042ca                vTaskPriorityInherit
 .text.vTaskPriorityDisinherit
                0x000043ac       0xac ./bin/tasks.o
                0x000043ac                vTaskPriorityDisinherit
 .text          0x00004458        0x0 ./bin/queue.o
 .text.xQueueCreate
                0x00004458      0x11e ./bin/queue.o
                0x00004458                xQueueCreate
 .text.xQueueCreateMutex
                0x00004576       0xae ./bin/queue.o
                0x00004576                xQueueCreateMutex
 .text.xQueueGiveMutexRecursive
                0x00004624       0x64 ./bin/queue.o
                0x00004624                xQueueGiveMutexRecursive
 .text.xQueueTakeMutexRecursive
                0x00004688       0x74 ./bin/queue.o
                0x00004688                xQueueTakeMutexRecursive
 .text.xQueueGenericSend
                0x000046fc      0x19a ./bin/queue.o
                0x000046fc                xQueueGenericSend
 .text.xQueueGenericSendFromISR
                0x00004896       0xaa ./bin/queue.o
                0x00004896                xQueueGenericSendFromISR
 .text.xQueueGenericReceive
                0x00004940      0x21c ./bin/queue.o
                0x00004940                xQueueGenericReceive
 .text.xQueueReceiveFromISR
                0x00004b5c       0xac ./bin/queue.o
                0x00004b5c                xQueueReceiveFromISR
 .text.uxQueueMessagesWaiting
                0x00004c08       0x22 ./bin/queue.o
                0x00004c08                uxQueueMessagesWaiting
 .text.uxQueueMessagesWaitingFromISR
                0x00004c2a       0x16 ./bin/queue.o
                0x00004c2a                uxQueueMessagesWaitingFromISR
 .text.vQueueDelete
                0x00004c40       0x30 ./bin/queue.o
                0x00004c40                vQueueDelete
 .text.prvCopyDataToQueue
                0x00004c70      0x132 ./bin/queue.o
 .text.prvCopyDataFromQueue
                0x00004da2       0x72 ./bin/queue.o
 .text.prvUnlockQueue
                0x00004e14       0xc8 ./bin/queue.o
 .text.prvIsQueueEmpty
                0x00004edc       0x36 ./bin/queue.o
 .text.xQueueIsQueueEmptyFromISR
                0x00004f12       0x2a ./bin/queue.o
                0x00004f12                xQueueIsQueueEmptyFromISR
 .text.prvIsQueueFull
                0x00004f3c       0x3e ./bin/queue.o
 .text.xQueueIsQueueFullFromISR
                0x00004f7a       0x32 ./bin/queue.o
                0x00004f7a                xQueueIsQueueFullFromISR
 .text.vQueueAddToRegistry
                0x00004fac       0x58 ./bin/queue.o
                0x00004fac                vQueueAddToRegistry
 .text.vQueueUnregisterQueue
                0x00005004       0x42 ./bin/queue.o
 *fill*         0x00005046        0x2 00
 .text          0x00005048        0x0 ./bin/heap_2.o
 .text.pvPortMalloc
                0x00005048      0x1be ./bin/heap_2.o
                0x00005048                pvPortMalloc
 .text.vPortFree
                0x00005206       0x7a ./bin/heap_2.o
                0x00005206                vPortFree
 .text          0x00005280        0x0 ./bin/FreeRTOS_Timer.o
 .text.vApplicationSetupInterrupts
                0x00005280       0x76 ./bin/FreeRTOS_Timer.o
 .text.__cs3_isr_interrupt_127
                0x000052f6       0x24 ./bin/FreeRTOS_Timer.o
                0x000052f6                __cs3_isr_interrupt_127
 .text.__cs3_isr_interrupt_119
                0x0000531a       0x3a ./bin/FreeRTOS_Timer.o
                0x0000531a                __cs3_isr_interrupt_119
 .text          0x00005354       0x18 c:/devtools/codesourcery_coldfire/sourcery g++ lite/bin/../lib/gcc/m68k-elf/4.2.3/../../../../m68k-elf/lib/m5208\libc.a(lib_a-atexit.o)
                0x00005354                atexit
 .text          0x0000536c       0x32 c:/devtools/codesourcery_coldfire/sourcery g++ lite/bin/../lib/gcc/m68k-elf/4.2.3/../../../../m68k-elf/lib/m5208\libc.a(lib_a-exit.o)
                0x0000536c                exit
 *fill*         0x0000539e        0x2 00
 .text          0x000053a0        0x0 c:/devtools/codesourcery_coldfire/sourcery g++ lite/bin/../lib/gcc/m68k-elf/4.2.3/../../../../m68k-elf/lib/m5208\libc.a(lib_a-impure.o)
 .text          0x000053a0       0x72 c:/devtools/codesourcery_coldfire/sourcery g++ lite/bin/../lib/gcc/m68k-elf/4.2.3/../../../../m68k-elf/lib/m5208\libc.a(lib_a-memcmp.o)
                0x000053a0                memcmp
 *fill*         0x00005412        0x2 00
 .text          0x00005414       0x70 c:/devtools/codesourcery_coldfire/sourcery g++ lite/bin/../lib/gcc/m68k-elf/4.2.3/../../../../m68k-elf/lib/m5208\libc.a(lib_a-memcpy.o)
                0x00005414                memcpy
 .text          0x00005484       0x6c c:/devtools/codesourcery_coldfire/sourcery g++ lite/bin/../lib/gcc/m68k-elf/4.2.3/../../../../m68k-elf/lib/m5208\libc.a(lib_a-memset.o)
                0x00005484                memset
 .text          0x000054f0       0xba c:/devtools/codesourcery_coldfire/sourcery g++ lite/bin/../lib/gcc/m68k-elf/4.2.3/../../../../m68k-elf/lib/m5208\libc.a(lib_a-sprintf.o)
                0x0000554e                _sprintf_r
                0x000054f0                sprintf
 *fill*         0x000055aa        0x2 00
 .text          0x000055ac       0x7c c:/devtools/codesourcery_coldfire/sourcery g++ lite/bin/../lib/gcc/m68k-elf/4.2.3/../../../../m68k-elf/lib/m5208\libc.a(lib_a-strcat.o)
                0x000055ac                strcat
 .text          0x00005628       0x22 c:/devtools/codesourcery_coldfire/sourcery g++ lite/bin/../lib/gcc/m68k-elf/4.2.3/../../../../m68k-elf/lib/m5208\libc.a(lib_a-strcpy.o)
                0x00005628                strcpy
 *fill*         0x0000564a        0x2 00
 .text          0x0000564c       0x1a c:/devtools/codesourcery_coldfire/sourcery g++ lite/bin/../lib/gcc/m68k-elf/4.2.3/../../../../m68k-elf/lib/m5208\libc.a(lib_a-strlen.o)
                0x0000564c                strlen
 *fill*         0x00005666        0x2 00
 .text          0x00005668       0x8e c:/devtools/codesourcery_coldfire/sourcery g++ lite/bin/../lib/gcc/m68k-elf/4.2.3/../../../../m68k-elf/lib/m5208\libc.a(lib_a-strncpy.o)
                0x00005668                strncpy
 *fill*         0x000056f6        0x2 00
 .text          0x000056f8     0x1cd4 c:/devtools/codesourcery_coldfire/sourcery g++ lite/bin/../lib/gcc/m68k-elf/4.2.3/../../../../m68k-elf/lib/m5208\libc.a(lib_a-vfprintf.o)
                0x0000573c                _vfprintf_r
                0x000073ae                vfprintf
 .text          0x000073cc      0x13e c:/devtools/codesourcery_coldfire/sourcery g++ lite/bin/../lib/gcc/m68k-elf/4.2.3/../../../../m68k-elf/lib/m5208\libc.a(lib_a-wsetup.o)
                0x000073cc                __swsetup_r
 *fill*         0x0000750a        0x2 00
 .text          0x0000750c       0xe8 c:/devtools/codesourcery_coldfire/sourcery g++ lite/bin/../lib/gcc/m68k-elf/4.2.3/../../../../m68k-elf/lib/m5208\libc.a(lib_a-__atexit.o)
                0x0000750c                __register_exitproc
 .text          0x000075f4      0x10e c:/devtools/codesourcery_coldfire/sourcery g++ lite/bin/../lib/gcc/m68k-elf/4.2.3/../../../../m68k-elf/lib/m5208\libc.a(lib_a-__call_atexit.o)
                0x000075f4                __call_exitprocs
 *fill*         0x00007702        0x2 00
 .text          0x00007704     0x15b4 c:/devtools/codesourcery_coldfire/sourcery g++ lite/bin/../lib/gcc/m68k-elf/4.2.3/../../../../m68k-elf/lib/m5208\libc.a(lib_a-dtoa.o)
                0x0000789e                _dtoa_r
 .text          0x00008cb8      0x198 c:/devtools/codesourcery_coldfire/sourcery g++ lite/bin/../lib/gcc/m68k-elf/4.2.3/../../../../m68k-elf/lib/m5208\libc.a(lib_a-fflush.o)
                0x00008e1e                fflush
                0x00008cb8                _fflush_r
 .text          0x00008e50      0x25e c:/devtools/codesourcery_coldfire/sourcery g++ lite/bin/../lib/gcc/m68k-elf/4.2.3/../../../../m68k-elf/lib/m5208\libc.a(lib_a-findfp.o)
                0x00008eaa                __sinit
                0x00008f62                __sfmoreglue
                0x00008f50                _cleanup
                0x00008f36                _cleanup_r
                0x00008fd0                __sfp
 *fill*         0x000090ae        0x2 00
 .text          0x000090b0       0x42 c:/devtools/codesourcery_coldfire/sourcery g++ lite/bin/../lib/gcc/m68k-elf/4.2.3/../../../../m68k-elf/lib/m5208\libc.a(lib_a-fini.o)
                0x000090b0                __libc_fini_array
 *fill*         0x000090f2        0x2 00
 .text          0x000090f4      0x422 c:/devtools/codesourcery_coldfire/sourcery g++ lite/bin/../lib/gcc/m68k-elf/4.2.3/../../../../m68k-elf/lib/m5208\libc.a(lib_a-freer.o)
                0x000091e4                _free_r
                0x000090f4                _malloc_trim_r
 *fill*         0x00009516        0x2 00
 .text          0x00009518      0x418 c:/devtools/codesourcery_coldfire/sourcery g++ lite/bin/../lib/gcc/m68k-elf/4.2.3/../../../../m68k-elf/lib/m5208\libc.a(lib_a-fvwrite.o)
                0x00009518                __sfvwrite_r
 .text          0x00009930       0xe4 c:/devtools/codesourcery_coldfire/sourcery g++ lite/bin/../lib/gcc/m68k-elf/4.2.3/../../../../m68k-elf/lib/m5208\libc.a(lib_a-fwalk.o)
                0x00009930                _fwalk
                0x000099a0                _fwalk_reent
 .text          0x00009a14       0xa6 c:/devtools/codesourcery_coldfire/sourcery g++ lite/bin/../lib/gcc/m68k-elf/4.2.3/../../../../m68k-elf/lib/m5208\libc.a(lib_a-locale.o)
                0x00009a42                _setlocale_r
                0x00009a14                __locale_charset
                0x00009a22                _localeconv_r
                0x00009aa2                setlocale
                0x00009a30                localeconv
 *fill*         0x00009aba        0x2 00
 .text          0x00009abc      0x174 c:/devtools/codesourcery_coldfire/sourcery g++ lite/bin/../lib/gcc/m68k-elf/4.2.3/../../../../m68k-elf/lib/m5208\libc.a(lib_a-makebuf.o)
                0x00009abc                __smakebuf_r
 .text          0x00009c30      0x79a c:/devtools/codesourcery_coldfire/sourcery g++ lite/bin/../lib/gcc/m68k-elf/4.2.3/../../../../m68k-elf/lib/m5208\libc.a(lib_a-mallocr.o)
                0x00009c30                _malloc_r
 *fill*         0x0000a3ca        0x2 00
 .text          0x0000a3cc       0xd2 c:/devtools/codesourcery_coldfire/sourcery g++ lite/bin/../lib/gcc/m68k-elf/4.2.3/../../../../m68k-elf/lib/m5208\libc.a(lib_a-memchr.o)
                0x0000a3cc                memchr
 *fill*         0x0000a49e        0x2 00
 .text          0x0000a4a0       0xb6 c:/devtools/codesourcery_coldfire/sourcery g++ lite/bin/../lib/gcc/m68k-elf/4.2.3/../../../../m68k-elf/lib/m5208\libc.a(lib_a-memmove.o)
                0x0000a4a0                memmove
 *fill*         0x0000a556        0x2 00
 .text          0x0000a558       0x10 c:/devtools/codesourcery_coldfire/sourcery g++ lite/bin/../lib/gcc/m68k-elf/4.2.3/../../../../m68k-elf/lib/m5208\libc.a(lib_a-mlock.o)
                0x0000a560                __malloc_unlock
                0x0000a558                __malloc_lock
 .text          0x0000a568      0xc32 c:/devtools/codesourcery_coldfire/sourcery g++ lite/bin/../lib/gcc/m68k-elf/4.2.3/../../../../m68k-elf/lib/m5208\libc.a(lib_a-mprec.o)
                0x0000a8e2                _mprec_log10
                0x0000a998                __any_on
                0x0000aa04                _Balloc
                0x0000a850                __ratio
                0x0000af10                __i2b
                0x0000a760                __b2d
                0x0000b0c4                __s2b
                0x0000a680                __mcmp
                0x0000a590                __hi0bits
                0x0000aff6                __pow5mult
                0x0000acf4                __lshift
                0x0000ada2                __multiply
                0x0000aaa0                __d2b
                0x0000a954                __copybits
                0x0000a6de                __ulp
                0x0000abb4                __mdiff
                0x0000a5f4                __lo0bits
                0x0000af32                __multadd
                0x0000a568                _Bfree
 *fill*         0x0000b19a        0x2 00
 .text          0x0000b19c      0x502 c:/devtools/codesourcery_coldfire/sourcery g++ lite/bin/../lib/gcc/m68k-elf/4.2.3/../../../../m68k-elf/lib/m5208\libc.a(lib_a-reallocr.o)
                0x0000b19c                _realloc_r
 *fill*         0x0000b69e        0x2 00
 .text          0x0000b6a0       0x42 c:/devtools/codesourcery_coldfire/sourcery g++ lite/bin/../lib/gcc/m68k-elf/4.2.3/../../../../m68k-elf/lib/m5208\libc.a(lib_a-s_isinfd.o)
                0x0000b6a0                __isinfd
 *fill*         0x0000b6e2        0x2 00
 .text          0x0000b6e4       0x34 c:/devtools/codesourcery_coldfire/sourcery g++ lite/bin/../lib/gcc/m68k-elf/4.2.3/../../../../m68k-elf/lib/m5208\libc.a(lib_a-s_isnand.o)
                0x0000b6e4                __isnand
 .text          0x0000b718       0x32 c:/devtools/codesourcery_coldfire/sourcery g++ lite/bin/../lib/gcc/m68k-elf/4.2.3/../../../../m68k-elf/lib/m5208\libc.a(lib_a-sbrkr.o)
                0x0000b718                _sbrk_r
 *fill*         0x0000b74a        0x2 00
 .text          0x0000b74c      0x162 c:/devtools/codesourcery_coldfire/sourcery g++ lite/bin/../lib/gcc/m68k-elf/4.2.3/../../../../m68k-elf/lib/m5208\libc.a(lib_a-stdio.o)
                0x0000b764                __sseek
                0x0000b85e                __sread
                0x0000b74c                __sclose
                0x0000b7c4                __swrite
 *fill*         0x0000b8ae        0x2 00
 .text          0x0000b8b0       0x70 c:/devtools/codesourcery_coldfire/sourcery g++ lite/bin/../lib/gcc/m68k-elf/4.2.3/../../../../m68k-elf/lib/m5208\libc.a(lib_a-strcmp.o)
                0x0000b8b0                strcmp
 .text          0x0000b920       0x3e c:/devtools/codesourcery_coldfire/sourcery g++ lite/bin/../lib/gcc/m68k-elf/4.2.3/../../../../m68k-elf/lib/m5208\libc.a(lib_a-writer.o)
                0x0000b920                _write_r
 *fill*         0x0000b95e        0x2 00
 .text          0x0000b960       0x92 c:/devtools/codesourcery_coldfire/sourcery g++ lite/bin/../lib/gcc/m68k-elf/4.2.3/../../../../m68k-elf/lib/m5208\libc.a(lib_a-callocr.o)
                0x0000b960                _calloc_r
 *fill*         0x0000b9f2        0x2 00
 .text          0x0000b9f4       0x32 c:/devtools/codesourcery_coldfire/sourcery g++ lite/bin/../lib/gcc/m68k-elf/4.2.3/../../../../m68k-elf/lib/m5208\libc.a(lib_a-closer.o)
                0x0000b9f4                _close_r
 *fill*         0x0000ba26        0x2 00
 .text          0x0000ba28       0xf6 c:/devtools/codesourcery_coldfire/sourcery g++ lite/bin/../lib/gcc/m68k-elf/4.2.3/../../../../m68k-elf/lib/m5208\libc.a(lib_a-fclose.o)
                0x0000ba28                _fclose_r
                0x0000bb08                fclose
 *fill*         0x0000bb1e        0x2 00
 .text          0x0000bb20       0x36 c:/devtools/codesourcery_coldfire/sourcery g++ lite/bin/../lib/gcc/m68k-elf/4.2.3/../../../../m68k-elf/lib/m5208\libc.a(lib_a-fstatr.o)
                0x0000bb20                _fstat_r
 *fill*         0x0000bb56        0x2 00
 .text          0x0000bb58       0x32 c:/devtools/codesourcery_coldfire/sourcery g++ lite/bin/../lib/gcc/m68k-elf/4.2.3/../../../../m68k-elf/lib/m5208\libc.a(lib_a-isattyr.o)
                0x0000bb58                _isatty_r
 *fill*         0x0000bb8a        0x2 00
 .text          0x0000bb8c       0x3e c:/devtools/codesourcery_coldfire/sourcery g++ lite/bin/../lib/gcc/m68k-elf/4.2.3/../../../../m68k-elf/lib/m5208\libc.a(lib_a-lseekr.o)
                0x0000bb8c                _lseek_r
 *fill*         0x0000bbca        0x2 00
 .text          0x0000bbcc       0x3e c:/devtools/codesourcery_coldfire/sourcery g++ lite/bin/../lib/gcc/m68k-elf/4.2.3/../../../../m68k-elf/lib/m5208\libc.a(lib_a-readr.o)
                0x0000bbcc                _read_r
 *fill*         0x0000bc0a        0x2 00
 .text          0x0000bc0c      0x170 c:/devtools/codesourcery_coldfire/sourcery g++ lite/bin/../lib/gcc/m68k-elf/4.2.3/../../../../m68k-elf/lib/m5208\libc.a(lib_a-reent.o)
                0x0000bc76                cleanup_glue
                0x0000bcaa                _reclaim_reent
                0x0000bc0c                _wrapup_reent
 .text          0x0000bd7c      0xba0 c:/devtools/codesourcery_coldfire/sourcery g++ lite/bin/../lib/gcc/m68k-elf/4.2.3/m5208\libgcc.a(_double.o)
                0x0000c87a                __cmpdf2
                0x0000bddc                __adddf3
                0x0000c744                __negdf2
                0x0000c454                __divdf3
                0x0000c7a2                __cmpdf2_internal
                0x0000c278                __muldf3
                0x0000bdd6                __subdf3
 .text          0x0000c91c       0x74 c:/devtools/codesourcery_coldfire/sourcery g++ lite/bin/../lib/gcc/m68k-elf/4.2.3/m5208\libgcc.a(_floatex.o)
                0x0000c928                $_exception_handler
                0x0000c91c                __clear_sticky_bit
 .text          0x0000c990       0x22 c:/devtools/codesourcery_coldfire/sourcery g++ lite/bin/../lib/gcc/m68k-elf/4.2.3/m5208\libgcc.a(_eqdf2.o)
                0x0000c990                __eqdf2
 *fill*         0x0000c9b2        0x2 00
 .text          0x0000c9b4       0x22 c:/devtools/codesourcery_coldfire/sourcery g++ lite/bin/../lib/gcc/m68k-elf/4.2.3/m5208\libgcc.a(_nedf2.o)
                0x0000c9b4                __nedf2
 *fill*         0x0000c9d6        0x2 00
 .text          0x0000c9d8       0x22 c:/devtools/codesourcery_coldfire/sourcery g++ lite/bin/../lib/gcc/m68k-elf/4.2.3/m5208\libgcc.a(_gtdf2.o)
                0x0000c9d8                __gtdf2
 *fill*         0x0000c9fa        0x2 00
 .text          0x0000c9fc       0x22 c:/devtools/codesourcery_coldfire/sourcery g++ lite/bin/../lib/gcc/m68k-elf/4.2.3/m5208\libgcc.a(_gedf2.o)
                0x0000c9fc                __gedf2
 *fill*         0x0000ca1e        0x2 00
 .text          0x0000ca20       0x22 c:/devtools/codesourcery_coldfire/sourcery g++ lite/bin/../lib/gcc/m68k-elf/4.2.3/m5208\libgcc.a(_ltdf2.o)
                0x0000ca20                __ltdf2
 *fill*         0x0000ca42        0x2 00
 .text          0x0000ca44      0x3ae c:/devtools/codesourcery_coldfire/sourcery g++ lite/bin/../lib/gcc/m68k-elf/4.2.3/m5208\libgcc.a(_udivdi3.o)
                0x0000ca44                __udivdi3
 *fill*         0x0000cdf2        0x2 00
 .text          0x0000cdf4      0x38a c:/devtools/codesourcery_coldfire/sourcery g++ lite/bin/../lib/gcc/m68k-elf/4.2.3/m5208\libgcc.a(_umoddi3.o)
                0x0000cdf4                __umoddi3
 *fill*         0x0000d17e        0x2 00
 .text          0x0000d180      0x480 c:/devtools/codesourcery_coldfire/sourcery g++ lite/bin/../lib/gcc/m68k-elf/4.2.3/m5208\libgcc.a(fpgnulib.o)
                0x0000d5e6                __fixsfsi
                0x0000d2e8                __floatsidf
                0x0000d3be                __extendsfdf2
                0x0000d276                __floatunsidf
                0x0000d568                __fixdfsi
                0x0000d3a4                __floatsisf
                0x0000d45a                __truncdfsf2
                0x0000d180                __unordsf2
                0x0000d38a                __floatunsisf
                0x0000d1e2                __unorddf2
 .text          0x0000d600       0x94 c:/devtools/codesourcery_coldfire/sourcery g++ lite/bin/../lib/gcc/m68k-elf/4.2.3/../../../../m68k-elf/lib/m5208\libcs3.a(start_c.o)
                0x0000d600                __cs3_start_c
 .text          0x0000d694       0x20 c:/devtools/codesourcery_coldfire/sourcery g++ lite/bin/../lib/gcc/m68k-elf/4.2.3/../../../../m68k-elf/lib/m5208\libcs3.a(m5282evb-reset.o)
 .text          0x0000d6b4       0x16 c:/devtools/codesourcery_coldfire/sourcery g++ lite/bin/../lib/gcc/m68k-elf/4.2.3/../../../../m68k-elf/lib/m5208\libcs3hosted.a(hosted-_exit.o)
                0x0000d6b4                _exit
 *fill*         0x0000d6ca        0x2 00
 .text          0x0000d6cc       0x40 c:/devtools/codesourcery_coldfire/sourcery g++ lite/bin/../lib/gcc/m68k-elf/4.2.3/../../../../m68k-elf/lib/m5208\libcs3hosted.a(hosted-close.o)
                0x0000d6cc                close
 .text          0x0000d70c       0x54 c:/devtools/codesourcery_coldfire/sourcery g++ lite/bin/../lib/gcc/m68k-elf/4.2.3/../../../../m68k-elf/lib/m5208\libcs3hosted.a(hosted-fstat.o)
                0x0000d70c                fstat
 .text          0x0000d760       0x40 c:/devtools/codesourcery_coldfire/sourcery g++ lite/bin/../lib/gcc/m68k-elf/4.2.3/../../../../m68k-elf/lib/m5208\libcs3hosted.a(hosted-isatty.o)
                0x0000d760                isatty
 .text          0x0000d7a0       0x60 c:/devtools/codesourcery_coldfire/sourcery g++ lite/bin/../lib/gcc/m68k-elf/4.2.3/../../../../m68k-elf/lib/m5208\libcs3hosted.a(hosted-lseek.o)
                0x0000d7a0                lseek
 .text          0x0000d800       0x4c c:/devtools/codesourcery_coldfire/sourcery g++ lite/bin/../lib/gcc/m68k-elf/4.2.3/../../../../m68k-elf/lib/m5208\libcs3hosted.a(hosted-read.o)
                0x0000d800                read
 .text          0x0000d84c       0x54 c:/devtools/codesourcery_coldfire/sourcery g++ lite/bin/../lib/gcc/m68k-elf/4.2.3/../../../../m68k-elf/lib/m5208\libcs3hosted.a(hosted-sbrk.o)
                0x0000d84c                sbrk
 .text          0x0000d8a0       0x4c c:/devtools/codesourcery_coldfire/sourcery g++ lite/bin/../lib/gcc/m68k-elf/4.2.3/../../../../m68k-elf/lib/m5208\libcs3hosted.a(hosted-write.o)
                0x0000d8a0                write
 .text          0x0000d8ec      0x2b2 c:/devtools/codesourcery_coldfire/sourcery g++ lite/bin/../lib/gcc/m68k-elf/4.2.3/../../../../m68k-elf/lib/m5208\libcs3hosted.a(hosted-gdb.o)
                0x0000d8ec                __cs3_hosted_to_gdb_mode_t
                0x0000d9d6                __cs3_hosted_from_gdb_stat
                0x0000d9b0                __cs3_hosted_to_gdb_lseek_flags
                0x0000da32                __cs3_hosted_from_gdb_timeval
                0x0000d96a                __cs3_hosted_to_gdb_open_flags
                0x0000da4a                __cs3_hosted_from_gdb_errno
 *fill*         0x0000db9e        0x2 00
 .text          0x0000dba0       0x14 c:/devtools/codesourcery_coldfire/sourcery g++ lite/bin/../lib/gcc/m68k-elf/4.2.3/../../../../m68k-elf/lib/m5208\libcs3hosted.a(start.o)
                0x0000dba0                _start
 .text          0x0000dbb4        0x0 c:/devtools/codesourcery_coldfire/sourcery g++ lite/bin/../lib/gcc/m68k-elf/4.2.3/../../../../m68k-elf/lib/m5208\libcs3coldfire.a(coldfire-vector.o)
 .text          0x0000dbb4        0xa c:/devtools/codesourcery_coldfire/sourcery g++ lite/bin/../lib/gcc/m68k-elf/4.2.3/../../../../m68k-elf/lib/m5208\libcs3coldfire.a(coldfire_isr_other_interrupt.o)
                0x0000dbb4                __cs3_isr_interrupt_181
                0x0000dbb4                __cs3_isr_interrupt_194
                0x0000dbb4                __cs3_isr_interrupt_74
                0x0000dbb4                __cs3_isr_interrupt_157
                0x0000dbb4                __cs3_isr_interrupt_133
                0x0000dbb4                __cs3_isr_interrupt_221
                0x0000dbb4                __cs3_isr_interrupt_145
                0x0000dbb4                __cs3_isr_interrupt_100
                0x0000dbb4                __cs3_isr_interrupt_97
                0x0000dbb4                __cs3_isr_interrupt_250
                0x0000dbb4                __cs3_isr_interrupt_114
                0x0000dbb4                __cs3_isr_interrupt_152
                0x0000dbb4                __cs3_isr_interrupt_82
                0x0000dbb4                __cs3_isr_interrupt_237
                0x0000dbb4                __cs3_isr_interrupt_143
                0x0000dbb4                __cs3_isr_interrupt_148
                0x0000dbb4                __cs3_isr_interrupt_107
                0x0000dbb4                __cs3_isr_interrupt_103
                0x0000dbb4                __cs3_isr_interrupt_219
                0x0000dbb4                __cs3_isr_interrupt_87
                0x0000dbb4                __cs3_isr_interrupt_174
                0x0000dbb4                __cs3_isr_interrupt_220
                0x0000dbb4                __cs3_isr_interrupt_254
                0x0000dbb4                __cs3_isr_interrupt_189
                0x0000dbb4                __cs3_isr_interrupt_233
                0x0000dbb4                __cs3_isr_interrupt_238
                0x0000dbb4                __cs3_isr_interrupt_227
                0x0000dbb4                __cs3_isr_interrupt_162
                0x0000dbb4                __cs3_isr_interrupt_173
                0x0000dbb4                __cs3_isr_interrupt_208
                0x0000dbb4                __cs3_isr_interrupt_244
                0x0000dbb4                __cs3_isr_interrupt_139
                0x0000dbb4                __cs3_isr_interrupt_149
                0x0000dbb4                __cs3_isr_interrupt_201
                0x0000dbb4                __cs3_isr_interrupt_247
                0x0000dbb4                __cs3_isr_interrupt_104
                0x0000dbb4                __cs3_isr_interrupt_155
                0x0000dbb4                __cs3_isr_interrupt_95
                0x0000dbb4                __cs3_isr_interrupt_204
                0x0000dbb4                __cs3_isr_interrupt_179
                0x0000dbb4                __cs3_isr_interrupt_112
                0x0000dbb4                __cs3_isr_interrupt_80
                0x0000dbb4                __cs3_isr_interrupt_184
                0x0000dbb4                __cs3_isr_interrupt_242
                0x0000dbb4                __cs3_isr_interrupt_68
                0x0000dbb4                __cs3_isr_interrupt_84
                0x0000dbb4                __cs3_isr_interrupt_108
                0x0000dbb4                __cs3_isr_interrupt_77
                0x0000dbb4                __cs3_isr_interrupt_30
                0x0000dbb4                __cs3_isr_interrupt_158
                0x0000dbb4                __cs3_isr_interrupt_215
                0x0000dbb4                __cs3_isr_interrupt_91
                0x0000dbb4                __cs3_isr_interrupt_156
                0x0000dbb4                __cs3_isr_interrupt_115
                0x0000dbb4                __cs3_isr_interrupt_113
                0x0000dbb4                __cs3_isr_interrupt_125
                0x0000dbb4                __cs3_isr_interrupt_79
                0x0000dbb4                __cs3_isr_interrupt_27
                0x0000dbb4                __cs3_isr_interrupt_146
                0x0000dbb4                __cs3_isr_interrupt_131
                0x0000dbb4                __cs3_isr_interrupt_101
                0x0000dbb4                __cs3_isr_interrupt_65
                0x0000dbb4                __cs3_isr_interrupt_192
                0x0000dbb4                __cs3_isr_interrupt_141
                0x0000dbb4                __cs3_isr_interrupt_150
                0x0000dbb4                __cs3_isr_interrupt_231
                0x0000dbb4                __cs3_isr_interrupt_154
                0x0000dbb4                __cs3_isr_interrupt_111
                0x0000dbb4                __cs3_isr_interrupt_248
                0x0000dbb4                __cs3_isr_interrupt_191
                0x0000dbb4                __cs3_isr_interrupt_178
                0x0000dbb4                __cs3_isr_interrupt_205
                0x0000dbb4                __cs3_isr_interrupt_17
                0x0000dbb4                __cs3_isr_interrupt_140
                0x0000dbb4                __cs3_isr_interrupt_6
                0x0000dbb4                __cs3_isr_interrupt_226
                0x0000dbb4                __cs3_isr_interrupt_252
                0x0000dbb4                __cs3_isr_interrupt_209
                0x0000dbb4                __cs3_isr_interrupt_202
                0x0000dbb4                __cs3_isr_interrupt_245
                0x0000dbb4                __cs3_isr_interrupt_19
                0x0000dbb4                __cs3_isr_interrupt_171
                0x0000dbb4                __cs3_isr_interrupt_234
                0x0000dbb4                __cs3_isr_interrupt_232
                0x0000dbb4                __cs3_isr_interrupt_239
                0x0000dbb4                __cs3_isr_interrupt_21
                0x0000dbb4                __cs3_isr_interrupt_62
                0x0000dbb4                __cs3_isr_interrupt_98
                0x0000dbb4                __cs3_isr_interrupt_240
                0x0000dbb4                __cs3_isr_interrupt_106
                0x0000dbb4                __cs3_isr_interrupt_109
                0x0000dbb4                __cs3_isr_interrupt_190
                0x0000dbb4                __cs3_isr_interrupt_193
                0x0000dbb4                __cs3_isr_interrupt_57
                0x0000dbb4                __cs3_isr_interrupt_168
                0x0000dbb4                __cs3_isr_interrupt_153
                0x0000dbb4                __cs3_isr_interrupt_81
                0x0000dbb4                __cs3_isr_interrupt_110
                0x0000dbb4                __cs3_isr_interrupt_163
                0x0000dbb4                __cs3_isr_interrupt_123
                0x0000dbb4                __cs3_isr_interrupt_185
                0x0000dbb4                __cs3_isr_interrupt_70
                0x0000dbb4                __cs3_isr_interrupt_136
                0x0000dbb4                __cs3_isr_interrupt_134
                0x0000dbb4                __cs3_isr_interrupt_230
                0x0000dbb4                __cs3_isr_interrupt_94
                0x0000dbb4                __cs3_isr_interrupt_85
                0x0000dbb4                __cs3_isr_interrupt_186
                0x0000dbb4                __cs3_isr_interrupt_58
                0x0000dbb4                __cs3_isr_interrupt_196
                0x0000dbb4                __cs3_isr_interrupt_132
                0x0000dbb4                __cs3_isr_interrupt_29
                0x0000dbb4                __cs3_isr_interrupt_15
                0x0000dbb4                __cs3_isr_interrupt_224
                0x0000dbb4                __cs3_isr_interrupt_207
                0x0000dbb4                __cs3_isr_interrupt_182
                0x0000dbb4                __cs3_isr_interrupt_255
                0x0000dbb4                __cs3_isr_interrupt_217
                0x0000dbb4                __cs3_isr_interrupt_92
                0x0000dbb4                __cs3_isr_interrupt_128
                0x0000dbb4                __cs3_isr_interrupt_212
                0x0000dbb4                __cs3_isr_interrupt_210
                0x0000dbb4                __cs3_isr_interrupt_188
                0x0000dbb4                __cs3_isr_interrupt_117
                0x0000dbb4                __cs3_isr_interrupt_144
                0x0000dbb4                __cs3_isr_interrupt_175
                0x0000dbb4                __cs3_isr_interrupt_172
                0x0000dbb4                __cs3_isr_interrupt_83
                0x0000dbb4                __cs3_isr_interrupt_253
                0x0000dbb4                __cs3_isr_interrupt_73
                0x0000dbb4                __cs3_isr_interrupt_78
                0x0000dbb4                __cs3_isr_interrupt_75
                0x0000dbb4                __cs3_isr_interrupt_228
                0x0000dbb4                __cs3_isr_interrupt_169
                0x0000dbb4                __cs3_isr_interrupt_7
                0x0000dbb4                __cs3_isr_interrupt_124
                0x0000dbb4                __cs3_isr_interrupt_170
                0x0000dbb4                __cs3_isr_interrupt_22
                0x0000dbb4                __cs3_isr_interrupt_63
                0x0000dbb4                __cs3_isr_interrupt_183
                0x0000dbb4                __cs3_isr_interrupt_161
                0x0000dbb4                __cs3_isr_interrupt_137
                0x0000dbb4                __cs3_isr_interrupt_31
                0x0000dbb4                __cs3_isr_interrupt_195
                0x0000dbb4                __cs3_isr_interrupt_229
                0x0000dbb4                __cs3_isr_interrupt_243
                0x0000dbb4                __cs3_isr_interrupt_200
                0x0000dbb4                __cs3_isr_interrupt_89
                0x0000dbb4                __cs3_isr_interrupt_88
                0x0000dbb4                __cs3_isr_interrupt_187
                0x0000dbb4                __cs3_isr_interrupt_236
                0x0000dbb4                __cs3_isr_interrupt_151
                0x0000dbb4                __cs3_isr_interrupt_105
                0x0000dbb4                __cs3_isr_interrupt_199
                0x0000dbb4                __cs3_isr_interrupt_96
                0x0000dbb4                __cs3_isr_interrupt_166
                0x0000dbb4                __cs3_isr_interrupt_121
                0x0000dbb4                __cs3_isr_interrupt_71
                0x0000dbb4                __cs3_isr_interrupt_20
                0x0000dbb4                __cs3_isr_interrupt_218
                0x0000dbb4                __cs3_isr_interrupt_213
                0x0000dbb4                __cs3_isr_interrupt_86
                0x0000dbb4                __cs3_isr_interrupt_138
                0x0000dbb4                __cs3_isr_interrupt_180
                0x0000dbb4                __cs3_isr_interrupt_225
                0x0000dbb4                __cs3_isr_interrupt_59
                0x0000dbb4                __cs3_isr_interrupt_56
                0x0000dbb4                __cs3_isr_interrupt_249
                0x0000dbb4                __cs3_isr_interrupt_93
                0x0000dbb4                __cs3_isr_interrupt_167
                0x0000dbb4                __cs3_isr_interrupt_206
                0x0000dbb4                __cs3_isr_interrupt_122
                0x0000dbb4                __cs3_isr_interrupt_147
                0x0000dbb4                __cs3_isr_interrupt_25
                0x0000dbb4                __cs3_isr_interrupt_159
                0x0000dbb4                __cs3_isr_interrupt_102
                0x0000dbb4                __cs3_isr_interrupt_142
                0x0000dbb4                __cs3_isr_interrupt_16
                0x0000dbb4                __cs3_isr_interrupt_99
                0x0000dbb4                __cs3_isr_interrupt_176
                0x0000dbb4                __cs3_isr_interrupt_135
                0x0000dbb4                __cs3_isr_interrupt_130
                0x0000dbb4                __cs3_isr_interrupt_60
                0x0000dbb4                __cs3_isr_interrupt_116
                0x0000dbb4                __cs3_isr_interrupt_222
                0x0000dbb4                __cs3_isr_interrupt_28
                0x0000dbb4                __cs3_isr_interrupt_177
                0x0000dbb4                __cs3_isr_interrupt_165
                0x0000dbb4                __cs3_isr_interrupt_160
                0x0000dbb4                __cs3_isr_interrupt_120
                0x0000dbb4                __cs3_isr_interrupt_67
                0x0000dbb4                __cs3_isr_interrupt_198
                0x0000dbb4                __cs3_isr_interrupt_66
                0x0000dbb4                __cs3_isr_interrupt_129
                0x0000dbb4                __cs3_isr_interrupt_76
                0x0000dbb4                __cs3_isr_interrupt_214
                0x0000dbb4                __cs3_isr_interrupt_69
                0x0000dbb4                __cs3_isr_interrupt_26
                0x0000dbb4                __cs3_isr_other_interrupt
                0x0000dbb4                __cs3_isr_interrupt_90
                0x0000dbb4                __cs3_isr_interrupt_18
                0x0000dbb4                __cs3_isr_interrupt_241
                0x0000dbb4                __cs3_isr_interrupt_235
                0x0000dbb4                __cs3_isr_interrupt_216
                0x0000dbb4                __cs3_isr_interrupt_211
                0x0000dbb4                __cs3_isr_interrupt_246
                0x0000dbb4                __cs3_isr_interrupt_118
                0x0000dbb4                __cs3_isr_interrupt_223
                0x0000dbb4                __cs3_isr_interrupt_203
                0x0000dbb4                __cs3_isr_interrupt_126
                0x0000dbb4                __cs3_isr_interrupt_197
                0x0000dbb4                __cs3_isr_interrupt_23
                0x0000dbb4                __cs3_isr_interrupt_64
                0x0000dbb4                __cs3_isr_interrupt_251
                0x0000dbb4                __cs3_isr_interrupt_164
                0x0000dbb4                __cs3_isr_interrupt_72
 *fill*         0x0000dbbe        0x2 00
 .text          0x0000dbc0        0xa c:/devtools/codesourcery_coldfire/sourcery g++ lite/bin/../lib/gcc/m68k-elf/4.2.3/../../../../m68k-elf/lib/m5208\libcs3coldfire.a(coldfire_isr_unimplemented_opcode.o)
                0x0000dbc0                __cs3_isr_unimplemented_opcode
                0x0000dbc0                __cs3_isr_unimplemented_line_a_opcode
                0x0000dbc0                __cs3_isr_unimplemented_line_f_opcode
 *fill*         0x0000dbca        0x2 00
 .text          0x0000dbcc        0xa c:/devtools/codesourcery_coldfire/sourcery g++ lite/bin/../lib/gcc/m68k-elf/4.2.3/../../../../m68k-elf/lib/m5208\libcs3coldfire.a(coldfire_isr_breakpoint_debug_interrupt.o)
                0x0000dbcc                __cs3_isr_breakpoint_debug_interrupt
                0x0000dbcc                __cs3_isr_pc_breakpoint_debug_interrupt
                0x0000dbcc                __cs3_isr_non_pc_breakpoint_debug_interrupt
 *fill*         0x0000dbd6        0x2 00
 .text          0x0000dbd8        0xa c:/devtools/codesourcery_coldfire/sourcery g++ lite/bin/../lib/gcc/m68k-elf/4.2.3/../../../../m68k-elf/lib/m5208\libcs3coldfire.a(coldfire_isr_trap_interrupt.o)
                0x0000dbd8                __cs3_isr_trap7
                0x0000dbd8                __cs3_isr_trap2
                0x0000dbd8                __cs3_isr_trap14
                0x0000dbd8                __cs3_isr_trap13
                0x0000dbd8                __cs3_isr_trap_interrupt
                0x0000dbd8                __cs3_isr_trap8
                0x0000dbd8                __cs3_isr_trap9
                0x0000dbd8                __cs3_isr_trap1
                0x0000dbd8                __cs3_isr_trap4
                0x0000dbd8                __cs3_isr_trap15
                0x0000dbd8                __cs3_isr_trap6
                0x0000dbd8                __cs3_isr_trap10
                0x0000dbd8                __cs3_isr_trap5
                0x0000dbd8                __cs3_isr_trap0
                0x0000dbd8                __cs3_isr_trap3
                0x0000dbd8                __cs3_isr_trap12
                0x0000dbd8                __cs3_isr_trap11
 *fill*         0x0000dbe2        0x2 00
 .text          0x0000dbe4        0xa c:/devtools/codesourcery_coldfire/sourcery g++ lite/bin/../lib/gcc/m68k-elf/4.2.3/../../../../m68k-elf/lib/m5208\libcs3coldfire.a(coldfire_isr_fp_interrupt.o)
                0x0000dbe4                __cs3_isr_fp_divide_by_zero
                0x0000dbe4                __cs3_isr_fp_interrupt
                0x0000dbe4                __cs3_isr_fp_operand_error
                0x0000dbe4                __cs3_isr_fp_inexact_result
                0x0000dbe4                __cs3_isr_fp_input_not_a_number
                0x0000dbe4                __cs3_isr_fp_overflow
                0x0000dbe4                __cs3_isr_fp_input_denormalized_number
                0x0000dbe4                __cs3_isr_fp_branch_unordered
                0x0000dbe4                __cs3_isr_fp_underflow
 *fill*         0x0000dbee        0x2 00
 .text          0x0000dbf0        0xa c:/devtools/codesourcery_coldfire/sourcery g++ lite/bin/../lib/gcc/m68k-elf/4.2.3/../../../../m68k-elf/lib/m5208\libcs3coldfire.a(coldfire_isr_access_error.o)
                0x0000dbf0                __cs3_isr_access_error
 *fill*         0x0000dbfa        0x2 00
 .text          0x0000dbfc        0xa c:/devtools/codesourcery_coldfire/sourcery g++ lite/bin/../lib/gcc/m68k-elf/4.2.3/../../../../m68k-elf/lib/m5208\libcs3coldfire.a(coldfire_isr_address_error.o)
                0x0000dbfc                __cs3_isr_address_error
 *fill*         0x0000dc06        0x2 00
 .text          0x0000dc08        0xa c:/devtools/codesourcery_coldfire/sourcery g++ lite/bin/../lib/gcc/m68k-elf/4.2.3/../../../../m68k-elf/lib/m5208\libcs3coldfire.a(coldfire_isr_illegal_instruction.o)
                0x0000dc08                __cs3_isr_illegal_instruction
 *fill*         0x0000dc12        0x2 00
 .text          0x0000dc14        0xa c:/devtools/codesourcery_coldfire/sourcery g++ lite/bin/../lib/gcc/m68k-elf/4.2.3/../../../../m68k-elf/lib/m5208\libcs3coldfire.a(coldfire_isr_divide_by_zero.o)
                0x0000dc14                __cs3_isr_divide_by_zero
 *fill*         0x0000dc1e        0x2 00
 .text          0x0000dc20        0xa c:/devtools/codesourcery_coldfire/sourcery g++ lite/bin/../lib/gcc/m68k-elf/4.2.3/../../../../m68k-elf/lib/m5208\libcs3coldfire.a(coldfire_isr_privilege_violation.o)
                0x0000dc20                __cs3_isr_privilege_violation
 *fill*         0x0000dc2a        0x2 00
 .text          0x0000dc2c        0xa c:/devtools/codesourcery_coldfire/sourcery g++ lite/bin/../lib/gcc/m68k-elf/4.2.3/../../../../m68k-elf/lib/m5208\libcs3coldfire.a(coldfire_isr_trace.o)
                0x0000dc2c                __cs3_isr_trace
 *fill*         0x0000dc36        0x2 00
 .text          0x0000dc38        0xa c:/devtools/codesourcery_coldfire/sourcery g++ lite/bin/../lib/gcc/m68k-elf/4.2.3/../../../../m68k-elf/lib/m5208\libcs3coldfire.a(coldfire_isr_format_error.o)
                0x0000dc38                __cs3_isr_format_error
 *fill*         0x0000dc42        0x2 00
 .text          0x0000dc44        0xa c:/devtools/codesourcery_coldfire/sourcery g++ lite/bin/../lib/gcc/m68k-elf/4.2.3/../../../../m68k-elf/lib/m5208\libcs3coldfire.a(coldfire_isr_spurious_interrupt.o)
                0x0000dc44                __cs3_isr_spurious_interrupt
 *fill*         0x0000dc4e        0x2 00
 .text          0x0000dc50        0xa c:/devtools/codesourcery_coldfire/sourcery g++ lite/bin/../lib/gcc/m68k-elf/4.2.3/../../../../m68k-elf/lib/m5208\libcs3coldfire.a(coldfire_isr_unsupported_instruction.o)
                0x0000dc50                __cs3_isr_unsupported_instruction
 *fill*         0x0000dc5a        0x2 00
 .text          0x0000dc5c        0xe c:/devtools/codesourcery_coldfire/sourcery g++ lite/bin/../lib/gcc/m68k-elf/4.2.3/../../../../m68k-elf/lib/m5208\libc.a(lib_a-errno.o)
                0x0000dc5c                __errno
 *fill*         0x0000dc6a        0x2 00
 .text          0x0000dc6c       0x60 c:/devtools/codesourcery_coldfire/sourcery g++ lite/bin/../lib/gcc/m68k-elf/4.2.3/../../../../m68k-elf/lib/m5208\libc.a(lib_a-init.o)
                0x0000dc6c                __libc_init_array
 .text          0x0000dccc        0x0 c:/devtools/codesourcery_coldfire/sourcery g++ lite/bin/../lib/gcc/m68k-elf/4.2.3/../../../../m68k-elf/lib/m5208\libcs3.a(heap.o)
                0x0000dccc                . = ALIGN (0x4)
 *crtbegin.o(.jcr)
 *(EXCLUDE_FILE(*crtend.o) .jcr)
 *crtend.o(.jcr)
                0x0000dccc                . = ALIGN (0x4)
 *(.gcc_except_table .gcc_except_table.*)

.eh_frame_hdr
 *(.eh_frame_hdr)

.eh_frame       0x0000dccc       0x6c
 *(.eh_frame)
 .eh_frame      0x0000dccc       0x40 c:/devtools/codesourcery_coldfire/sourcery g++ lite/bin/../lib/gcc/m68k-elf/4.2.3/m5208\libgcc.a(_udivdi3.o)
 .eh_frame      0x0000dd0c       0x2c c:/devtools/codesourcery_coldfire/sourcery g++ lite/bin/../lib/gcc/m68k-elf/4.2.3/m5208\libgcc.a(_umoddi3.o)
                                 0x40 (size before relaxing)

.rodata         0x0000dd38      0x3d0
 *(.rodata .rodata.* .gnu.linkonce.r.*)
 .rodata.ucLEDDefinitions
                0x0000dd38        0x4 ./bin/ParTest.o
 .rodata        0x0000dd3c       0x30 ./bin/BlockQ.o
 .rodata        0x0000dd6c       0x1f ./bin/blocktim.o
 *fill*         0x0000dd8b        0x1 00
 .rodata.uxMaxNumberOfExtraTasksRunning
                0x0000dd8c        0x4 ./bin/death.o
 .rodata        0x0000dd90       0x18 ./bin/death.o
 .rodata        0x0000dda8        0x8 ./bin/integer.o
 .rodata        0x0000ddb0       0x20 ./bin/PollQ.o
 .rodata        0x0000ddd0       0x3e ./bin/semtest.o
 .rodata        0x0000de0e       0x37 ./bin/GenQTest.o
 .rodata        0x0000de45       0x2b ./bin/QPeek.o
 .rodata        0x0000de70       0x1f ./bin/recmutex.o
 .rodata        0x0000de8f       0x1a ./bin/tasks.o
 .rodata.ucExpectedStackBytes.3510
                0x0000dea9       0x14 ./bin/tasks.o
 *fill*         0x0000debd        0x1 00
 .rodata.heapSTRUCT_SIZE
                0x0000debe        0x2 ./bin/heap_2.o
 .rodata        0x0000dec0        0x4 c:/devtools/codesourcery_coldfire/sourcery g++ lite/bin/../lib/gcc/m68k-elf/4.2.3/../../../../m68k-elf/lib/m5208\libc.a(lib_a-impure.o)
                0x0000dec0                _global_impure_ptr
 .rodata.str1.1
                0x0000dec4        0x2 c:/devtools/codesourcery_coldfire/sourcery g++ lite/bin/../lib/gcc/m68k-elf/4.2.3/../../../../m68k-elf/lib/m5208\libc.a(lib_a-impure.o)
 .rodata.str1.1
                0x0000dec6       0x55 c:/devtools/codesourcery_coldfire/sourcery g++ lite/bin/../lib/gcc/m68k-elf/4.2.3/../../../../m68k-elf/lib/m5208\libc.a(lib_a-vfprintf.o)
 .rodata        0x0000df1b       0x20 c:/devtools/codesourcery_coldfire/sourcery g++ lite/bin/../lib/gcc/m68k-elf/4.2.3/../../../../m68k-elf/lib/m5208\libc.a(lib_a-vfprintf.o)
 .rodata.str1.1
                0x0000df3b        0xd c:/devtools/codesourcery_coldfire/sourcery g++ lite/bin/../lib/gcc/m68k-elf/4.2.3/../../../../m68k-elf/lib/m5208\libc.a(lib_a-dtoa.o)
                                  0xf (size before relaxing)
 .rodata.str1.1
                0x0000df48        0xd c:/devtools/codesourcery_coldfire/sourcery g++ lite/bin/../lib/gcc/m68k-elf/4.2.3/../../../../m68k-elf/lib/m5208\libc.a(lib_a-locale.o)
                                 0x10 (size before relaxing)
 *fill*         0x0000df55        0x1 00
 .rodata        0x0000df56       0x34 c:/devtools/codesourcery_coldfire/sourcery g++ lite/bin/../lib/gcc/m68k-elf/4.2.3/../../../../m68k-elf/lib/m5208\libc.a(lib_a-locale.o)
 .rodata        0x0000df8a      0x124 c:/devtools/codesourcery_coldfire/sourcery g++ lite/bin/../lib/gcc/m68k-elf/4.2.3/../../../../m68k-elf/lib/m5208\libc.a(lib_a-mprec.o)
                0x0000e07a                __mprec_tinytens
                0x0000df8a                __mprec_tens
                0x0000e052                __mprec_bigtens
                0x0000e0b0                . = ALIGN (0x4)
 *fill*         0x0000e0ae        0x2 00
                0x0000e0b0                _init = .
                0x0000e0b0        0x4 LONG 0x4e560000
 *(.init)
                0x0000e0b4        0x2 SHORT 0x4e5e
                0x0000e0b6        0x2 SHORT 0x4e75
                0x0000e0b8                . = ALIGN (0x4)
                0x0000e0b8                __preinit_array_start = .
 *(.preinit_array)
                0x0000e0b8                __preinit_array_end = .
                0x0000e0b8                . = ALIGN (0x4)
                0x0000e0b8                __init_array_start = .
 *(SORT(.init_array.*))
 *(.init_array)
                0x0000e0b8                __init_array_end = .
                0x0000e0b8                . = ALIGN (0x4)
                0x0000e0b8                _fini = .
                0x0000e0b8        0x4 LONG 0x4e560000
 *(.fini)
                0x0000e0bc        0x2 SHORT 0x4e5e
                0x0000e0be        0x2 SHORT 0x4e75
                0x0000e0c0                . = ALIGN (0x4)
                0x0000e0c0                __fini_array_start = .
 *(.fini_array)
 *(SORT(.fini_array.*))
                0x0000e0c0                __fini_array_end = .
                0x0000e0c0                . = ALIGN (0x4)
 *crtbegin.o(.ctors)
 *(EXCLUDE_FILE(*crtend.o) .ctors)
 *(SORT(.ctors.*))
 .ctors.65535   0x0000e0c0        0x4 c:/devtools/codesourcery_coldfire/sourcery g++ lite/bin/../lib/gcc/m68k-elf/4.2.3/../../../../m68k-elf/lib/m5208\libc.a(lib_a-__call_atexit.o)
 .ctors.65535   0x0000e0c4        0x4 c:/devtools/codesourcery_coldfire/sourcery g++ lite/bin/../lib/gcc/m68k-elf/4.2.3/../../../../m68k-elf/lib/m5208\libcs3.a(m5282evb-reset.o)
 *crtend.o(.ctors)
                0x0000e0c8                . = ALIGN (0x4)
 *crtbegin.o(.dtors)
 *(EXCLUDE_FILE(*crtend.o) .dtors)
 *(SORT(.dtors.*))
 *crtend.o(.dtors)
 *(.lit)
                0x0000e0c8                . = ALIGN (0x4)
                0x0000e0c8                __cs3_regions = .
                0x0000e0c8        0x4 LONG 0x0
                0x0000e0cc        0x4 LONG 0x0 __cs3_region_init_ram
                0x0000e0d0        0x4 LONG 0x0 __cs3_region_start_ram
                0x0000e0d4        0x4 LONG 0xe950 __cs3_region_init_size_ram
                0x0000e0d8        0x4 LONG 0x6088 __cs3_region_zero_size_ram
                0x0000e0dc        0x4 LONG 0x0
                0x0000e0e0        0x4 LONG 0xf0000000 __cs3_region_init_rombar
                0x0000e0e4        0x4 LONG 0xf0000000 __cs3_region_start_rombar
                0x0000e0e8        0x4 LONG 0x0 __cs3_region_init_size_rombar
                0x0000e0ec        0x4 LONG 0x0 __cs3_region_zero_size_rombar
                0x0000e0f0        0x4 LONG 0x0
                0x0000e0f4        0x4 LONG 0x20000000 __cs3_region_init_rambar
                0x0000e0f8        0x4 LONG 0x20000000 __cs3_region_start_rambar
                0x0000e0fc        0x4 LONG 0x0 __cs3_region_init_size_rambar
                0x0000e100        0x4 LONG 0x0 __cs3_region_zero_size_rambar
                0x0000e104                __cs3_regions_end = .
                0x0000e108                . = ALIGN (0x8)
 *fill*         0x0000e104        0x4 00
                0x0000e108                . = ALIGN (0x8)
                0x0000e108                _etext = .

.cs3.rom        0xffe00000        0x0
                0xffe00000                __cs3_region_start_rom = .
 *(.cs3.region-head.rom)
 *(.rom)
                0xffe00000                . = ALIGN (0x8)

.cs3.rom.bss    0xffe00000        0x0
 *(.rom.b)
                0xffe00000                . = ALIGN (0x8)
                0x00000000                __cs3_region_end_rom = (__cs3_region_start_rom + 0x200000)
                0x00200000                __cs3_region_size_rom = 0x200000
                0xffe00000                __cs3_region_init_rom = LOADADDR (.cs3.rom)
                0x00000000                __cs3_region_init_size_rom = (LOADADDR (.cs3.rom.bss) - LOADADDR (.cs3.rom))
                0x00000000                __cs3_region_zero_size_rom = SIZEOF (.cs3.rom.bss)

.cs3.rombar     0xf0000000        0x0
                0xf0000000                __cs3_region_start_rombar = .
 *(.cs3.region-head.rombar)
 *(.rombar)
                0xf0000000                . = ALIGN (0x8)

.cs3.rombar.bss
                0xf0000000        0x0
 *(.rombar.b)
                0xf0000000                . = ALIGN (0x8)
                0xf0080000                __cs3_region_end_rombar = (__cs3_region_start_rombar + 0x80000)
                0x00080000                __cs3_region_size_rombar = 0x80000
                0xf0000000                __cs3_region_init_rombar = LOADADDR (.cs3.rombar)
                0x00000000                __cs3_region_init_size_rombar = (LOADADDR (.cs3.rombar.bss) - LOADADDR (.cs3.rombar))
                0x00000000                __cs3_region_zero_size_rombar = SIZEOF (.cs3.rombar.bss)

.cs3.rambar     0x20000000        0x0
                0x20000000                __cs3_region_start_rambar = .
 *(.cs3.region-head.rambar)
 *(.rambar)
                0x20000000                . = ALIGN (0x8)

.cs3.rambar.bss
                0x20000000        0x0
 *(.rambar.b)
                0x20000000                . = ALIGN (0x8)
                0x20010000                __cs3_region_end_rambar = (__cs3_region_start_rambar + 0x10000)
                0x00010000                __cs3_region_size_rambar = 0x10000
                0x20000000                __cs3_region_init_rambar = LOADADDR (.cs3.rambar)
                0x00000000                __cs3_region_init_size_rambar = (LOADADDR (.cs3.rambar.bss) - LOADADDR (.cs3.rambar))
                0x00000000                __cs3_region_zero_size_rambar = SIZEOF (.cs3.rambar.bss)

.cs3.ipsbar     0x40000000        0x0
                0x40000000                __cs3_region_start_ipsbar = .
 *(.cs3.region-head.ipsbar)
                0x40000000                . = ALIGN (0x8)
                0x60000000                __cs3_region_end_ipsbar = (__cs3_region_start_ipsbar + 0x20000000)
                0x20000000                __cs3_region_size_ipsbar = 0x20000000

.data           0x0000e108      0x848
 *(.got.plt)
 *(.got)
 *(.shdata)
 *(.data .data.* .gnu.linkonce.d.*)
 .data          0x0000e108        0x0 ./bin/portasm.o
 .data          0x0000e108        0x0 ./bin/main.o
 .data          0x0000e108        0x0 ./bin/ParTest.o
 .data          0x0000e108        0x0 ./bin/BlockQ.o
 .data          0x0000e108        0x0 ./bin/blocktim.o
 .data          0x0000e108        0x0 ./bin/death.o
 .data.usLastCreationCount.2182
                0x0000e108        0x2 ./bin/death.o
 *fill*         0x0000e10a        0x2 00
 .data          0x0000e10c        0x0 ./bin/integer.o
 .data          0x0000e10c        0x0 ./bin/PollQ.o
 .data          0x0000e10c        0x0 ./bin/semtest.o
 .data          0x0000e10c        0x0 ./bin/GenQTest.o
 .data          0x0000e10c        0x0 ./bin/QPeek.o
 .data          0x0000e10c        0x0 ./bin/recmutex.o
 .data          0x0000e10c        0x0 ./bin/port.o
 .data.ulCriticalNesting
                0x0000e10c        0x4 ./bin/port.o
 .data          0x0000e110        0x0 ./bin/list.o
 .data          0x0000e110        0x0 ./bin/tasks.o
 .data.uxPreviousTask
                0x0000e110        0x4 ./bin/tasks.o
 .data          0x0000e114        0x0 ./bin/queue.o
 .data          0x0000e114        0x0 ./bin/heap_2.o
 .data          0x0000e114        0x0 ./bin/FreeRTOS_Timer.o
 .data          0x0000e114        0x0 c:/devtools/codesourcery_coldfire/sourcery g++ lite/bin/../lib/gcc/m68k-elf/4.2.3/../../../../m68k-elf/lib/m5208\libc.a(lib_a-atexit.o)
 .data          0x0000e114        0x0 c:/devtools/codesourcery_coldfire/sourcery g++ lite/bin/../lib/gcc/m68k-elf/4.2.3/../../../../m68k-elf/lib/m5208\libc.a(lib_a-exit.o)
 .data          0x0000e114      0x3f6 c:/devtools/codesourcery_coldfire/sourcery g++ lite/bin/../lib/gcc/m68k-elf/4.2.3/../../../../m68k-elf/lib/m5208\libc.a(lib_a-impure.o)
                0x0000e114                _impure_ptr
 *fill*         0x0000e50a        0x2 00
 .data          0x0000e50c        0x0 c:/devtools/codesourcery_coldfire/sourcery g++ lite/bin/../lib/gcc/m68k-elf/4.2.3/../../../../m68k-elf/lib/m5208\libc.a(lib_a-memcmp.o)
 .data          0x0000e50c        0x0 c:/devtools/codesourcery_coldfire/sourcery g++ lite/bin/../lib/gcc/m68k-elf/4.2.3/../../../../m68k-elf/lib/m5208\libc.a(lib_a-memcpy.o)
 .data          0x0000e50c        0x0 c:/devtools/codesourcery_coldfire/sourcery g++ lite/bin/../lib/gcc/m68k-elf/4.2.3/../../../../m68k-elf/lib/m5208\libc.a(lib_a-memset.o)
 .data          0x0000e50c        0x0 c:/devtools/codesourcery_coldfire/sourcery g++ lite/bin/../lib/gcc/m68k-elf/4.2.3/../../../../m68k-elf/lib/m5208\libc.a(lib_a-sprintf.o)
 .data          0x0000e50c        0x0 c:/devtools/codesourcery_coldfire/sourcery g++ lite/bin/../lib/gcc/m68k-elf/4.2.3/../../../../m68k-elf/lib/m5208\libc.a(lib_a-strcat.o)
 .data          0x0000e50c        0x0 c:/devtools/codesourcery_coldfire/sourcery g++ lite/bin/../lib/gcc/m68k-elf/4.2.3/../../../../m68k-elf/lib/m5208\libc.a(lib_a-strcpy.o)
 .data          0x0000e50c        0x0 c:/devtools/codesourcery_coldfire/sourcery g++ lite/bin/../lib/gcc/m68k-elf/4.2.3/../../../../m68k-elf/lib/m5208\libc.a(lib_a-strlen.o)
 .data          0x0000e50c        0x0 c:/devtools/codesourcery_coldfire/sourcery g++ lite/bin/../lib/gcc/m68k-elf/4.2.3/../../../../m68k-elf/lib/m5208\libc.a(lib_a-strncpy.o)
 .data          0x0000e50c        0x0 c:/devtools/codesourcery_coldfire/sourcery g++ lite/bin/../lib/gcc/m68k-elf/4.2.3/../../../../m68k-elf/lib/m5208\libc.a(lib_a-vfprintf.o)
 .data          0x0000e50c        0x0 c:/devtools/codesourcery_coldfire/sourcery g++ lite/bin/../lib/gcc/m68k-elf/4.2.3/../../../../m68k-elf/lib/m5208\libc.a(lib_a-wsetup.o)
 .data          0x0000e50c        0x0 c:/devtools/codesourcery_coldfire/sourcery g++ lite/bin/../lib/gcc/m68k-elf/4.2.3/../../../../m68k-elf/lib/m5208\libc.a(lib_a-__atexit.o)
 .data          0x0000e50c        0x0 c:/devtools/codesourcery_coldfire/sourcery g++ lite/bin/../lib/gcc/m68k-elf/4.2.3/../../../../m68k-elf/lib/m5208\libc.a(lib_a-__call_atexit.o)
 .data          0x0000e50c        0x0 c:/devtools/codesourcery_coldfire/sourcery g++ lite/bin/../lib/gcc/m68k-elf/4.2.3/../../../../m68k-elf/lib/m5208\libc.a(lib_a-dtoa.o)
 .data          0x0000e50c        0x0 c:/devtools/codesourcery_coldfire/sourcery g++ lite/bin/../lib/gcc/m68k-elf/4.2.3/../../../../m68k-elf/lib/m5208\libc.a(lib_a-fflush.o)
 .data          0x0000e50c        0x0 c:/devtools/codesourcery_coldfire/sourcery g++ lite/bin/../lib/gcc/m68k-elf/4.2.3/../../../../m68k-elf/lib/m5208\libc.a(lib_a-findfp.o)
 .data          0x0000e50c        0x0 c:/devtools/codesourcery_coldfire/sourcery g++ lite/bin/../lib/gcc/m68k-elf/4.2.3/../../../../m68k-elf/lib/m5208\libc.a(lib_a-fini.o)
 .data          0x0000e50c        0x0 c:/devtools/codesourcery_coldfire/sourcery g++ lite/bin/../lib/gcc/m68k-elf/4.2.3/../../../../m68k-elf/lib/m5208\libc.a(lib_a-freer.o)
 .data          0x0000e50c        0x0 c:/devtools/codesourcery_coldfire/sourcery g++ lite/bin/../lib/gcc/m68k-elf/4.2.3/../../../../m68k-elf/lib/m5208\libc.a(lib_a-fvwrite.o)
 .data          0x0000e50c        0x0 c:/devtools/codesourcery_coldfire/sourcery g++ lite/bin/../lib/gcc/m68k-elf/4.2.3/../../../../m68k-elf/lib/m5208\libc.a(lib_a-fwalk.o)
 .data          0x0000e50c       0x10 c:/devtools/codesourcery_coldfire/sourcery g++ lite/bin/../lib/gcc/m68k-elf/4.2.3/../../../../m68k-elf/lib/m5208\libc.a(lib_a-locale.o)
                0x0000e50c                __mb_cur_max
                0x0000e510                __lc_ctype
 .data          0x0000e51c        0x0 c:/devtools/codesourcery_coldfire/sourcery g++ lite/bin/../lib/gcc/m68k-elf/4.2.3/../../../../m68k-elf/lib/m5208\libc.a(lib_a-makebuf.o)
 .data          0x0000e51c      0x410 c:/devtools/codesourcery_coldfire/sourcery g++ lite/bin/../lib/gcc/m68k-elf/4.2.3/../../../../m68k-elf/lib/m5208\libc.a(lib_a-mallocr.o)
                0x0000e928                __malloc_sbrk_base
                0x0000e51c                __malloc_av_
                0x0000e924                __malloc_trim_threshold
 .data          0x0000e92c        0x0 c:/devtools/codesourcery_coldfire/sourcery g++ lite/bin/../lib/gcc/m68k-elf/4.2.3/../../../../m68k-elf/lib/m5208\libc.a(lib_a-memchr.o)
 .data          0x0000e92c        0x0 c:/devtools/codesourcery_coldfire/sourcery g++ lite/bin/../lib/gcc/m68k-elf/4.2.3/../../../../m68k-elf/lib/m5208\libc.a(lib_a-memmove.o)
 .data          0x0000e92c        0x0 c:/devtools/codesourcery_coldfire/sourcery g++ lite/bin/../lib/gcc/m68k-elf/4.2.3/../../../../m68k-elf/lib/m5208\libc.a(lib_a-mlock.o)
 .data          0x0000e92c        0x0 c:/devtools/codesourcery_coldfire/sourcery g++ lite/bin/../lib/gcc/m68k-elf/4.2.3/../../../../m68k-elf/lib/m5208\libc.a(lib_a-mprec.o)
 .data          0x0000e92c        0x0 c:/devtools/codesourcery_coldfire/sourcery g++ lite/bin/../lib/gcc/m68k-elf/4.2.3/../../../../m68k-elf/lib/m5208\libc.a(lib_a-reallocr.o)
 .data          0x0000e92c        0x0 c:/devtools/codesourcery_coldfire/sourcery g++ lite/bin/../lib/gcc/m68k-elf/4.2.3/../../../../m68k-elf/lib/m5208\libc.a(lib_a-s_isinfd.o)
 .data          0x0000e92c        0x0 c:/devtools/codesourcery_coldfire/sourcery g++ lite/bin/../lib/gcc/m68k-elf/4.2.3/../../../../m68k-elf/lib/m5208\libc.a(lib_a-s_isnand.o)
 .data          0x0000e92c        0x0 c:/devtools/codesourcery_coldfire/sourcery g++ lite/bin/../lib/gcc/m68k-elf/4.2.3/../../../../m68k-elf/lib/m5208\libc.a(lib_a-sbrkr.o)
 .data          0x0000e92c        0x0 c:/devtools/codesourcery_coldfire/sourcery g++ lite/bin/../lib/gcc/m68k-elf/4.2.3/../../../../m68k-elf/lib/m5208\libc.a(lib_a-stdio.o)
 .data          0x0000e92c        0x0 c:/devtools/codesourcery_coldfire/sourcery g++ lite/bin/../lib/gcc/m68k-elf/4.2.3/../../../../m68k-elf/lib/m5208\libc.a(lib_a-strcmp.o)
 .data          0x0000e92c        0x0 c:/devtools/codesourcery_coldfire/sourcery g++ lite/bin/../lib/gcc/m68k-elf/4.2.3/../../../../m68k-elf/lib/m5208\libc.a(lib_a-writer.o)
 .data          0x0000e92c        0x0 c:/devtools/codesourcery_coldfire/sourcery g++ lite/bin/../lib/gcc/m68k-elf/4.2.3/../../../../m68k-elf/lib/m5208\libc.a(lib_a-callocr.o)
 .data          0x0000e92c        0x0 c:/devtools/codesourcery_coldfire/sourcery g++ lite/bin/../lib/gcc/m68k-elf/4.2.3/../../../../m68k-elf/lib/m5208\libc.a(lib_a-closer.o)
 .data          0x0000e92c        0x0 c:/devtools/codesourcery_coldfire/sourcery g++ lite/bin/../lib/gcc/m68k-elf/4.2.3/../../../../m68k-elf/lib/m5208\libc.a(lib_a-fclose.o)
 .data          0x0000e92c        0x0 c:/devtools/codesourcery_coldfire/sourcery g++ lite/bin/../lib/gcc/m68k-elf/4.2.3/../../../../m68k-elf/lib/m5208\libc.a(lib_a-fstatr.o)
 .data          0x0000e92c        0x0 c:/devtools/codesourcery_coldfire/sourcery g++ lite/bin/../lib/gcc/m68k-elf/4.2.3/../../../../m68k-elf/lib/m5208\libc.a(lib_a-isattyr.o)
 .data          0x0000e92c        0x0 c:/devtools/codesourcery_coldfire/sourcery g++ lite/bin/../lib/gcc/m68k-elf/4.2.3/../../../../m68k-elf/lib/m5208\libc.a(lib_a-lseekr.o)
 .data          0x0000e92c        0x0 c:/devtools/codesourcery_coldfire/sourcery g++ lite/bin/../lib/gcc/m68k-elf/4.2.3/../../../../m68k-elf/lib/m5208\libc.a(lib_a-readr.o)
 .data          0x0000e92c        0x0 c:/devtools/codesourcery_coldfire/sourcery g++ lite/bin/../lib/gcc/m68k-elf/4.2.3/../../../../m68k-elf/lib/m5208\libc.a(lib_a-reent.o)
 .data          0x0000e92c        0x0 c:/devtools/codesourcery_coldfire/sourcery g++ lite/bin/../lib/gcc/m68k-elf/4.2.3/m5208\libgcc.a(_double.o)
 .data          0x0000e92c       0x1c c:/devtools/codesourcery_coldfire/sourcery g++ lite/bin/../lib/gcc/m68k-elf/4.2.3/m5208\libgcc.a(_floatex.o)
                0x0000e92c                _fpCCR
 .data          0x0000e948        0x0 c:/devtools/codesourcery_coldfire/sourcery g++ lite/bin/../lib/gcc/m68k-elf/4.2.3/m5208\libgcc.a(_eqdf2.o)
 .data          0x0000e948        0x0 c:/devtools/codesourcery_coldfire/sourcery g++ lite/bin/../lib/gcc/m68k-elf/4.2.3/m5208\libgcc.a(_nedf2.o)
 .data          0x0000e948        0x0 c:/devtools/codesourcery_coldfire/sourcery g++ lite/bin/../lib/gcc/m68k-elf/4.2.3/m5208\libgcc.a(_gtdf2.o)
 .data          0x0000e948        0x0 c:/devtools/codesourcery_coldfire/sourcery g++ lite/bin/../lib/gcc/m68k-elf/4.2.3/m5208\libgcc.a(_gedf2.o)
 .data          0x0000e948        0x0 c:/devtools/codesourcery_coldfire/sourcery g++ lite/bin/../lib/gcc/m68k-elf/4.2.3/m5208\libgcc.a(_ltdf2.o)
 .data          0x0000e948        0x0 c:/devtools/codesourcery_coldfire/sourcery g++ lite/bin/../lib/gcc/m68k-elf/4.2.3/m5208\libgcc.a(_udivdi3.o)
 .data          0x0000e948        0x0 c:/devtools/codesourcery_coldfire/sourcery g++ lite/bin/../lib/gcc/m68k-elf/4.2.3/m5208\libgcc.a(_umoddi3.o)
 .data          0x0000e948        0x0 c:/devtools/codesourcery_coldfire/sourcery g++ lite/bin/../lib/gcc/m68k-elf/4.2.3/m5208\libgcc.a(fpgnulib.o)
 .data          0x0000e948        0x0 c:/devtools/codesourcery_coldfire/sourcery g++ lite/bin/../lib/gcc/m68k-elf/4.2.3/../../../../m68k-elf/lib/m5208\libcs3.a(start_c.o)
 .data          0x0000e948        0x0 c:/devtools/codesourcery_coldfire/sourcery g++ lite/bin/../lib/gcc/m68k-elf/4.2.3/../../../../m68k-elf/lib/m5208\libcs3.a(m5282evb-reset.o)
 .data          0x0000e948        0x0 c:/devtools/codesourcery_coldfire/sourcery g++ lite/bin/../lib/gcc/m68k-elf/4.2.3/../../../../m68k-elf/lib/m5208\libcs3hosted.a(hosted-_exit.o)
 .data          0x0000e948        0x0 c:/devtools/codesourcery_coldfire/sourcery g++ lite/bin/../lib/gcc/m68k-elf/4.2.3/../../../../m68k-elf/lib/m5208\libcs3hosted.a(hosted-close.o)
 .data          0x0000e948        0x0 c:/devtools/codesourcery_coldfire/sourcery g++ lite/bin/../lib/gcc/m68k-elf/4.2.3/../../../../m68k-elf/lib/m5208\libcs3hosted.a(hosted-fstat.o)
 .data          0x0000e948        0x0 c:/devtools/codesourcery_coldfire/sourcery g++ lite/bin/../lib/gcc/m68k-elf/4.2.3/../../../../m68k-elf/lib/m5208\libcs3hosted.a(hosted-isatty.o)
 .data          0x0000e948        0x0 c:/devtools/codesourcery_coldfire/sourcery g++ lite/bin/../lib/gcc/m68k-elf/4.2.3/../../../../m68k-elf/lib/m5208\libcs3hosted.a(hosted-lseek.o)
 .data          0x0000e948        0x0 c:/devtools/codesourcery_coldfire/sourcery g++ lite/bin/../lib/gcc/m68k-elf/4.2.3/../../../../m68k-elf/lib/m5208\libcs3hosted.a(hosted-read.o)
 .data          0x0000e948        0x4 c:/devtools/codesourcery_coldfire/sourcery g++ lite/bin/../lib/gcc/m68k-elf/4.2.3/../../../../m68k-elf/lib/m5208\libcs3hosted.a(hosted-sbrk.o)
 .data          0x0000e94c        0x0 c:/devtools/codesourcery_coldfire/sourcery g++ lite/bin/../lib/gcc/m68k-elf/4.2.3/../../../../m68k-elf/lib/m5208\libcs3hosted.a(hosted-write.o)
 .data          0x0000e94c        0x0 c:/devtools/codesourcery_coldfire/sourcery g++ lite/bin/../lib/gcc/m68k-elf/4.2.3/../../../../m68k-elf/lib/m5208\libcs3hosted.a(hosted-gdb.o)
 .data          0x0000e94c        0x0 c:/devtools/codesourcery_coldfire/sourcery g++ lite/bin/../lib/gcc/m68k-elf/4.2.3/../../../../m68k-elf/lib/m5208\libcs3hosted.a(start.o)
 .data          0x0000e94c        0x0 c:/devtools/codesourcery_coldfire/sourcery g++ lite/bin/../lib/gcc/m68k-elf/4.2.3/../../../../m68k-elf/lib/m5208\libcs3coldfire.a(coldfire-vector.o)
 .data          0x0000e94c        0x0 c:/devtools/codesourcery_coldfire/sourcery g++ lite/bin/../lib/gcc/m68k-elf/4.2.3/../../../../m68k-elf/lib/m5208\libcs3coldfire.a(coldfire_isr_other_interrupt.o)
 .data          0x0000e94c        0x0 c:/devtools/codesourcery_coldfire/sourcery g++ lite/bin/../lib/gcc/m68k-elf/4.2.3/../../../../m68k-elf/lib/m5208\libcs3coldfire.a(coldfire_isr_unimplemented_opcode.o)
 .data          0x0000e94c        0x0 c:/devtools/codesourcery_coldfire/sourcery g++ lite/bin/../lib/gcc/m68k-elf/4.2.3/../../../../m68k-elf/lib/m5208\libcs3coldfire.a(coldfire_isr_breakpoint_debug_interrupt.o)
 .data          0x0000e94c        0x0 c:/devtools/codesourcery_coldfire/sourcery g++ lite/bin/../lib/gcc/m68k-elf/4.2.3/../../../../m68k-elf/lib/m5208\libcs3coldfire.a(coldfire_isr_trap_interrupt.o)
 .data          0x0000e94c        0x0 c:/devtools/codesourcery_coldfire/sourcery g++ lite/bin/../lib/gcc/m68k-elf/4.2.3/../../../../m68k-elf/lib/m5208\libcs3coldfire.a(coldfire_isr_fp_interrupt.o)
 .data          0x0000e94c        0x0 c:/devtools/codesourcery_coldfire/sourcery g++ lite/bin/../lib/gcc/m68k-elf/4.2.3/../../../../m68k-elf/lib/m5208\libcs3coldfire.a(coldfire_isr_access_error.o)
 .data          0x0000e94c        0x0 c:/devtools/codesourcery_coldfire/sourcery g++ lite/bin/../lib/gcc/m68k-elf/4.2.3/../../../../m68k-elf/lib/m5208\libcs3coldfire.a(coldfire_isr_address_error.o)
 .data          0x0000e94c        0x0 c:/devtools/codesourcery_coldfire/sourcery g++ lite/bin/../lib/gcc/m68k-elf/4.2.3/../../../../m68k-elf/lib/m5208\libcs3coldfire.a(coldfire_isr_illegal_instruction.o)
 .data          0x0000e94c        0x0 c:/devtools/codesourcery_coldfire/sourcery g++ lite/bin/../lib/gcc/m68k-elf/4.2.3/../../../../m68k-elf/lib/m5208\libcs3coldfire.a(coldfire_isr_divide_by_zero.o)
 .data          0x0000e94c        0x0 c:/devtools/codesourcery_coldfire/sourcery g++ lite/bin/../lib/gcc/m68k-elf/4.2.3/../../../../m68k-elf/lib/m5208\libcs3coldfire.a(coldfire_isr_privilege_violation.o)
 .data          0x0000e94c        0x0 c:/devtools/codesourcery_coldfire/sourcery g++ lite/bin/../lib/gcc/m68k-elf/4.2.3/../../../../m68k-elf/lib/m5208\libcs3coldfire.a(coldfire_isr_trace.o)
 .data          0x0000e94c        0x0 c:/devtools/codesourcery_coldfire/sourcery g++ lite/bin/../lib/gcc/m68k-elf/4.2.3/../../../../m68k-elf/lib/m5208\libcs3coldfire.a(coldfire_isr_format_error.o)
 .data          0x0000e94c        0x0 c:/devtools/codesourcery_coldfire/sourcery g++ lite/bin/../lib/gcc/m68k-elf/4.2.3/../../../../m68k-elf/lib/m5208\libcs3coldfire.a(coldfire_isr_spurious_interrupt.o)
 .data          0x0000e94c        0x0 c:/devtools/codesourcery_coldfire/sourcery g++ lite/bin/../lib/gcc/m68k-elf/4.2.3/../../../../m68k-elf/lib/m5208\libcs3coldfire.a(coldfire_isr_unsupported_instruction.o)
 .data          0x0000e94c        0x0 c:/devtools/codesourcery_coldfire/sourcery g++ lite/bin/../lib/gcc/m68k-elf/4.2.3/../../../../m68k-elf/lib/m5208\libc.a(lib_a-errno.o)
 .data          0x0000e94c        0x0 c:/devtools/codesourcery_coldfire/sourcery g++ lite/bin/../lib/gcc/m68k-elf/4.2.3/../../../../m68k-elf/lib/m5208\libc.a(lib_a-init.o)
 .data          0x0000e94c        0x4 c:/devtools/codesourcery_coldfire/sourcery g++ lite/bin/../lib/gcc/m68k-elf/4.2.3/../../../../m68k-elf/lib/m5208\libcs3.a(heap.o)
                0x0000e94c                __cs3_heap_limit
                0x0000e950                . = ALIGN (0x8)
 *(.ram)
                0x0000e950                _edata = .

.bss            0x0000e950     0x6088
 *(.shbss)
 *(.bss .bss.* .gnu.linkonce.b.*)
 .bss           0x0000e950        0x0 ./bin/portasm.o
 .bss           0x0000e950        0x0 ./bin/main.o
 .bss           0x0000e950        0x0 ./bin/ParTest.o
 .bss           0x0000e950        0x0 ./bin/BlockQ.o
 .bss.sBlockingConsumerCount
                0x0000e950        0x6 ./bin/BlockQ.o
 .bss.sBlockingProducerCount
                0x0000e956        0x6 ./bin/BlockQ.o
 .bss.sLastBlockingProducerCount.2301
                0x0000e95c        0x6 ./bin/BlockQ.o
 .bss.sLastBlockingConsumerCount.2300
                0x0000e962        0x6 ./bin/BlockQ.o
 .bss           0x0000e968        0x0 ./bin/blocktim.o
 .bss.xPrimaryCycles
                0x0000e968        0x4 ./bin/blocktim.o
 .bss.xSecondaryCycles
                0x0000e96c        0x4 ./bin/blocktim.o
 .bss.xErrorOccurred
                0x0000e970        0x4 ./bin/blocktim.o
 .bss.xLastSecondaryCycleCount.1870
                0x0000e974        0x4 ./bin/blocktim.o
 .bss.xLastPrimaryCycleCount.1869
                0x0000e978        0x4 ./bin/blocktim.o
 .bss.xTestQueue
                0x0000e97c        0x4 ./bin/blocktim.o
 .bss.xSecondary
                0x0000e980        0x4 ./bin/blocktim.o
 .bss.xRunIndicator
                0x0000e984        0x4 ./bin/blocktim.o
 .bss           0x0000e988        0x0 ./bin/death.o
 .bss.usCreationCount
                0x0000e988        0x2 ./bin/death.o
 .bss.uxTasksRunningAtStart
                0x0000e98a        0x4 ./bin/death.o
 .bss.uxTasksRunningNow.2184
                0x0000e98e        0x4 ./bin/death.o
 *fill*         0x0000e992        0x2 00
 .bss           0x0000e994        0x0 ./bin/integer.o
 .bss.xTaskCheck
                0x0000e994        0x4 ./bin/integer.o
 .bss           0x0000e998        0x0 ./bin/PollQ.o
 .bss.xPollingConsumerCount
                0x0000e998        0x4 ./bin/PollQ.o
 .bss.xPollingProducerCount
                0x0000e99c        0x4 ./bin/PollQ.o
 .bss.xPolledQueue.2212
                0x0000e9a0        0x4 ./bin/PollQ.o
 .bss           0x0000e9a4        0x0 ./bin/semtest.o
 .bss.sCheckVariables
                0x0000e9a4        0x8 ./bin/semtest.o
 .bss.sNextCheckVariable
                0x0000e9ac        0x2 ./bin/semtest.o
 .bss.sLastCheckVariables.2311
                0x0000e9ae        0x8 ./bin/semtest.o
 *fill*         0x0000e9b6        0x2 00
 .bss           0x0000e9b8        0x0 ./bin/GenQTest.o
 .bss.xErrorDetected
                0x0000e9b8        0x4 ./bin/GenQTest.o
 .bss.ulLoopCounter
                0x0000e9bc        0x4 ./bin/GenQTest.o
 .bss.ulLoopCounter2
                0x0000e9c0        0x4 ./bin/GenQTest.o
 .bss.ulGuardedVariable
                0x0000e9c4        0x4 ./bin/GenQTest.o
 .bss.ulLastLoopCounter2.2406
                0x0000e9c8        0x4 ./bin/GenQTest.o
 .bss.ulLastLoopCounter.2405
                0x0000e9cc        0x4 ./bin/GenQTest.o
 .bss.xHighPriorityMutexTask
                0x0000e9d0        0x4 ./bin/GenQTest.o
 .bss.xMediumPriorityMutexTask
                0x0000e9d4        0x4 ./bin/GenQTest.o
 .bss           0x0000e9d8        0x0 ./bin/QPeek.o
 .bss.xErrorDetected
                0x0000e9d8        0x4 ./bin/QPeek.o
 .bss.ulLoopCounter
                0x0000e9dc        0x4 ./bin/QPeek.o
 .bss.ulLastLoopCounter.2334
                0x0000e9e0        0x4 ./bin/QPeek.o
 .bss           0x0000e9e4        0x0 ./bin/recmutex.o
 .bss.xErrorOccurred
                0x0000e9e4        0x4 ./bin/recmutex.o
 .bss.xControllingIsSuspended
                0x0000e9e8        0x4 ./bin/recmutex.o
 .bss.xBlockingIsSuspended
                0x0000e9ec        0x4 ./bin/recmutex.o
 .bss.uxControllingCycles
                0x0000e9f0        0x4 ./bin/recmutex.o
 .bss.uxPollingCycles
                0x0000e9f4        0x4 ./bin/recmutex.o
 .bss.uxLastPollingCycles.1795
                0x0000e9f8        0x4 ./bin/recmutex.o
 .bss.uxLastBlockingCycles.1794
                0x0000e9fc        0x4 ./bin/recmutex.o
 .bss.uxLastControllingCycles.1793
                0x0000ea00        0x4 ./bin/recmutex.o
 .bss.xMutex    0x0000ea04        0x4 ./bin/recmutex.o
 .bss.uxBlockingCycles
                0x0000ea08        0x4 ./bin/recmutex.o
 .bss.xControllingTaskHandle
                0x0000ea0c        0x4 ./bin/recmutex.o
 .bss.xBlockingTaskHandle
                0x0000ea10        0x4 ./bin/recmutex.o
 .bss           0x0000ea14        0x0 ./bin/port.o
 .bss           0x0000ea14        0x0 ./bin/list.o
 .bss           0x0000ea14        0x0 ./bin/tasks.o
 .bss.pxCurrentTCB
                0x0000ea14        0x4 ./bin/tasks.o
                0x0000ea14                pxCurrentTCB
 .bss.uxTasksDeleted
                0x0000ea18        0x4 ./bin/tasks.o
 .bss.uxCurrentNumberOfTasks
                0x0000ea1c        0x4 ./bin/tasks.o
 .bss.xTickCount
                0x0000ea20        0x4 ./bin/tasks.o
 .bss.uxTopUsedPriority
                0x0000ea24        0x4 ./bin/tasks.o
 .bss.uxTopReadyPriority
                0x0000ea28        0x4 ./bin/tasks.o
 .bss.xSchedulerRunning
                0x0000ea2c        0x4 ./bin/tasks.o
 .bss.uxSchedulerSuspended
                0x0000ea30        0x4 ./bin/tasks.o
 .bss.uxMissedTicks
                0x0000ea34        0x4 ./bin/tasks.o
 .bss.xMissedYield
                0x0000ea38        0x4 ./bin/tasks.o
 .bss.xNumOfOverflows
                0x0000ea3c        0x4 ./bin/tasks.o
 .bss.uxTaskNumber
                0x0000ea40        0x4 ./bin/tasks.o
 .bss.xTracing  0x0000ea44        0x4 ./bin/tasks.o
 .bss.pxReadyTasksLists
                0x0000ea48       0x64 ./bin/tasks.o
 .bss.xDelayedTaskList1
                0x0000eaac       0x14 ./bin/tasks.o
 .bss.xDelayedTaskList2
                0x0000eac0       0x14 ./bin/tasks.o
 .bss.pxDelayedTaskList
                0x0000ead4        0x4 ./bin/tasks.o
 .bss.pxOverflowDelayedTaskList
                0x0000ead8        0x4 ./bin/tasks.o
 .bss.xPendingReadyList
                0x0000eadc       0x14 ./bin/tasks.o
 .bss.xTasksWaitingTermination
                0x0000eaf0       0x14 ./bin/tasks.o
 .bss.xSuspendedTaskList
                0x0000eb04       0x14 ./bin/tasks.o
 .bss.pcTraceBuffer
                0x0000eb18        0x4 ./bin/tasks.o
 .bss.pcTraceBufferStart
                0x0000eb1c        0x4 ./bin/tasks.o
 .bss.pcTraceBufferEnd
                0x0000eb20        0x4 ./bin/tasks.o
 .bss.pcStatusString
                0x0000eb24       0x32 ./bin/tasks.o
 *fill*         0x0000eb56        0x2 00
 .bss           0x0000eb58        0x0 ./bin/queue.o
 .bss.xQueueRegistry
                0x0000eb58       0x50 ./bin/queue.o
                0x0000eb58                xQueueRegistry
 .bss           0x0000eba8        0x0 ./bin/heap_2.o
 .bss.xHeapHasBeenInitialised.2144