
PROGRAM "E:\Dev\FreeRTOS\Demo\HCS12_CodeWarrior_banked\bin\P&E_ICD.abs"

*********************************************************************************************
TARGET SECTION
---------------------------------------------------------------------------------------------
Processor   : Motorola HC12
Memory Model: BANKED
File Format : ELF\Dwarf 2.0
Linker      : SmartLinker V-5.0.22 Build 4047, Feb 17 2004

*********************************************************************************************
FILE SECTION
---------------------------------------------------------------------------------------------
Start12.c.o                             Model: BANKED,        Lang: ANSI-C
STRING.C.o (ansibi.lib)                 Model: BANKED,        Lang: ANSI-C
rtshc12.c.o (ansibi.lib)                Model: BANKED,        Lang: ANSI-C
Cpu.C.o                                 Model: BANKED,        Lang: ANSI-C
IO_Map.C.o                              Model: BANKED,        Lang: ANSI-C
Vectors.c.o                             Model: BANKED,        Lang: ANSI-C
RTOSDemo.C.o                            Model: BANKED,        Lang: ANSI-C
main.c.o                                Model: BANKED,        Lang: ANSI-C
ParTest.c.o                             Model: BANKED,        Lang: ANSI-C
serial.c.o                              Model: BANKED,        Lang: ANSI-C
tasks.c.o                               Model: BANKED,        Lang: ANSI-C
queue.c.o                               Model: BANKED,        Lang: ANSI-C
list.c.o                                Model: BANKED,        Lang: ANSI-C
heap_2.c.o                              Model: BANKED,        Lang: ANSI-C
flash.c.o                               Model: BANKED,        Lang: ANSI-C
dynamic.c.o                             Model: BANKED,        Lang: ANSI-C
PollQ.c.o                               Model: BANKED,        Lang: ANSI-C
TickTimer.C.o                           Model: BANKED,        Lang: ANSI-C
Byte1.C.o                               Model: BANKED,        Lang: ANSI-C
PE_Timer.C.o                            Model: BANKED,        Lang: ANSI-C
comtest.c.o                             Model: BANKED,        Lang: ANSI-C
COM0.C.o                                Model: BANKED,        Lang: ANSI-C
port.c.o                                Model: BANKED,        Lang: ANSI-C
integer.c.o                             Model: BANKED,        Lang: ANSI-C
BlockQ.c.o                              Model: BANKED,        Lang: ANSI-C
death.c.o                               Model: BANKED,        Lang: ANSI-C

*********************************************************************************************
STARTUP SECTION
---------------------------------------------------------------------------------------------
Entry point: 0xC000 (_EntryPoint)
_startupData is allocated at 0xC07C and uses 24 Bytes
extern struct _tagStartup {
  unsigned flags          0
  _PFunc   main           0x30809A    (main)
  long     stackOffset    0x3988
  unsigned nofZeroOut     1
  _Range   pZeroOut       0x1000     10505
  _Copy    *toCopyDownBeg 0xC3B5
  int      nofLibInits    0
  _LibInit *libInits      0xC098
  int      nofInitBodies  0
  _Cpp     *initBodies    0xC09A
  int      nofFiniBodies  0
  _Cpp     *finiBodies    0xC09A
} _startupData;

*********************************************************************************************
SECTION-ALLOCATION SECTION
Section Name                    Size  Type     From       To       Segment
---------------------------------------------------------------------------------------------
.data                              1   R/W     0x1000     0x1000   RAM
.text                            587     R   0x308000   0x30824A   ROM_PAGE30
.init                            124     R     0xC000     0xC07B   ROM_C000
.startData                        30     R     0xC07C     0xC099   ROM_C000
.rodata1                         183     R     0xC09A     0xC150   ROM_C000
NON_BANKED                       612     R     0xC151     0xC3B4   ROM_C000
.copy                             27     R     0xC3B5     0xC3CF   ROM_C000
.abs_section_3f                    1   N/I       0x3F       0x3F   .absSeg0
.abs_section_8d                    1   N/I       0x8D       0x8D   .absSeg1
.abs_section_86                    1   N/I       0x86       0x86   .absSeg2
.abs_section_8b                    1   N/I       0x8B       0x8B   .absSeg3
.abs_section_12d                   1   N/I      0x12D      0x12D   .absSeg4
.abs_section_126                   1   N/I      0x126      0x126   .absSeg5
.abs_section_12b                   1   N/I      0x12B      0x12B   .absSeg6
.abs_section_ff06                  1   N/I     0xFF06     0xFF06   .absSeg7
.abs_section_ff07                  1   N/I     0xFF07     0xFF07   .absSeg8
.abs_section_ff01                  1   N/I     0xFF01     0xFF01   .absSeg9
.abs_section_2b                    1   N/I       0x2B       0x2B   .absSeg10
.abs_section_2c                    1   N/I       0x2C       0x2C   .absSeg11
.abs_section_2a                    1   N/I       0x2A       0x2A   .absSeg12
.abs_section_2e                    1   N/I       0x2E       0x2E   .absSeg13
.abs_section_2f                    1   N/I       0x2F       0x2F   .absSeg14
.abs_section_2d                    1   N/I       0x2D       0x2D   .absSeg15
.abs_section_28                    1   N/I       0x28       0x28   .absSeg16
.abs_section_29                    1   N/I       0x29       0x29   .absSeg17
.abs_section_142                   1   N/I      0x142      0x142   .absSeg18
.abs_section_143                   1   N/I      0x143      0x143   .absSeg19
.abs_section_140                   1   N/I      0x140      0x140   .absSeg20
.abs_section_141                   1   N/I      0x141      0x141   .absSeg21
.abs_section_14b                   1   N/I      0x14B      0x14B   .absSeg22
.abs_section_150                   1   N/I      0x150      0x150   .absSeg23
.abs_section_151                   1   N/I      0x151      0x151   .absSeg24
.abs_section_152                   1   N/I      0x152      0x152   .absSeg25
.abs_section_153                   1   N/I      0x153      0x153   .absSeg26
.abs_section_158                   1   N/I      0x158      0x158   .absSeg27
.abs_section_159                   1   N/I      0x159      0x159   .absSeg28
.abs_section_15a                   1   N/I      0x15A      0x15A   .absSeg29
.abs_section_15b                   1   N/I      0x15B      0x15B   .absSeg30
.abs_section_154                   1   N/I      0x154      0x154   .absSeg31
.abs_section_155                   1   N/I      0x155      0x155   .absSeg32
.abs_section_156                   1   N/I      0x156      0x156   .absSeg33
.abs_section_157                   1   N/I      0x157      0x157   .absSeg34
.abs_section_15c                   1   N/I      0x15C      0x15C   .absSeg35
.abs_section_15d                   1   N/I      0x15D      0x15D   .absSeg36
.abs_section_15e                   1   N/I      0x15E      0x15E   .absSeg37
.abs_section_15f                   1   N/I      0x15F      0x15F   .absSeg38
.abs_section_144                   1   N/I      0x144      0x144   .absSeg39
.abs_section_145                   1   N/I      0x145      0x145   .absSeg40
.abs_section_16c                   1   N/I      0x16C      0x16C   .absSeg41
.abs_section_164                   1   N/I      0x164      0x164   .absSeg42
.abs_section_165                   1   N/I      0x165      0x165   .absSeg43
.abs_section_166                   1   N/I      0x166      0x166   .absSeg44
.abs_section_167                   1   N/I      0x167      0x167   .absSeg45
.abs_section_168                   1   N/I      0x168      0x168   .absSeg46
.abs_section_169                   1   N/I      0x169      0x169   .absSeg47
.abs_section_16a                   1   N/I      0x16A      0x16A   .absSeg48
.abs_section_16b                   1   N/I      0x16B      0x16B   .absSeg49
.abs_section_14e                   1   N/I      0x14E      0x14E   .absSeg50
.abs_section_160                   1   N/I      0x160      0x160   .absSeg51
.abs_section_161                   1   N/I      0x161      0x161   .absSeg52
.abs_section_162                   1   N/I      0x162      0x162   .absSeg53
.abs_section_163                   1   N/I      0x163      0x163   .absSeg54
.abs_section_149                   1   N/I      0x149      0x149   .absSeg55
.abs_section_148                   1   N/I      0x148      0x148   .absSeg56
.abs_section_14a                   1   N/I      0x14A      0x14A   .absSeg57
.abs_section_146                   1   N/I      0x146      0x146   .absSeg58
.abs_section_147                   1   N/I      0x147      0x147   .absSeg59
.abs_section_17c                   1   N/I      0x17C      0x17C   .absSeg60
.abs_section_174                   1   N/I      0x174      0x174   .absSeg61
.abs_section_175                   1   N/I      0x175      0x175   .absSeg62
.abs_section_176                   1   N/I      0x176      0x176   .absSeg63
.abs_section_177                   1   N/I      0x177      0x177   .absSeg64
.abs_section_178                   1   N/I      0x178      0x178   .absSeg65
.abs_section_179                   1   N/I      0x179      0x179   .absSeg66
.abs_section_17a                   1   N/I      0x17A      0x17A   .absSeg67
.abs_section_17b                   1   N/I      0x17B      0x17B   .absSeg68
.abs_section_14f                   1   N/I      0x14F      0x14F   .absSeg69
.abs_section_170                   1   N/I      0x170      0x170   .absSeg70
.abs_section_171                   1   N/I      0x171      0x171   .absSeg71
.abs_section_172                   1   N/I      0x172      0x172   .absSeg72
.abs_section_173                   1   N/I      0x173      0x173   .absSeg73
.abs_section_17f                   1   N/I      0x17F      0x17F   .absSeg74
.abs_section_182                   1   N/I      0x182      0x182   .absSeg75
.abs_section_183                   1   N/I      0x183      0x183   .absSeg76
.abs_section_180                   1   N/I      0x180      0x180   .absSeg77
.abs_section_181                   1   N/I      0x181      0x181   .absSeg78
.abs_section_18b                   1   N/I      0x18B      0x18B   .absSeg79
.abs_section_190                   1   N/I      0x190      0x190   .absSeg80
.abs_section_191                   1   N/I      0x191      0x191   .absSeg81
.abs_section_192                   1   N/I      0x192      0x192   .absSeg82
.abs_section_193                   1   N/I      0x193      0x193   .absSeg83
.abs_section_198                   1   N/I      0x198      0x198   .absSeg84
.abs_section_199                   1   N/I      0x199      0x199   .absSeg85
.abs_section_19a                   1   N/I      0x19A      0x19A   .absSeg86
.abs_section_19b                   1   N/I      0x19B      0x19B   .absSeg87
.abs_section_194                   1   N/I      0x194      0x194   .absSeg88
.abs_section_195                   1   N/I      0x195      0x195   .absSeg89
.abs_section_196                   1   N/I      0x196      0x196   .absSeg90
.abs_section_197                   1   N/I      0x197      0x197   .absSeg91
.abs_section_19c                   1   N/I      0x19C      0x19C   .absSeg92
.abs_section_19d                   1   N/I      0x19D      0x19D   .absSeg93
.abs_section_19e                   1   N/I      0x19E      0x19E   .absSeg94
.abs_section_19f                   1   N/I      0x19F      0x19F   .absSeg95
.abs_section_184                   1   N/I      0x184      0x184   .absSeg96
.abs_section_185                   1   N/I      0x185      0x185   .absSeg97
.abs_section_1ac                   1   N/I      0x1AC      0x1AC   .absSeg98
.abs_section_1a4                   1   N/I      0x1A4      0x1A4   .absSeg99
.abs_section_1a5                   1   N/I      0x1A5      0x1A5   .absSeg100
.abs_section_1a6                   1   N/I      0x1A6      0x1A6   .absSeg101
.abs_section_1a7                   1   N/I      0x1A7      0x1A7   .absSeg102
.abs_section_1a8                   1   N/I      0x1A8      0x1A8   .absSeg103
.abs_section_1a9                   1   N/I      0x1A9      0x1A9   .absSeg104
.abs_section_1aa                   1   N/I      0x1AA      0x1AA   .absSeg105
.abs_section_1ab                   1   N/I      0x1AB      0x1AB   .absSeg106
.abs_section_18e                   1   N/I      0x18E      0x18E   .absSeg107
.abs_section_1a0                   1   N/I      0x1A0      0x1A0   .absSeg108
.abs_section_1a1                   1   N/I      0x1A1      0x1A1   .absSeg109
.abs_section_1a2                   1   N/I      0x1A2      0x1A2   .absSeg110
.abs_section_1a3                   1   N/I      0x1A3      0x1A3   .absSeg111
.abs_section_189                   1   N/I      0x189      0x189   .absSeg112
.abs_section_188                   1   N/I      0x188      0x188   .absSeg113
.abs_section_18a                   1   N/I      0x18A      0x18A   .absSeg114
.abs_section_186                   1   N/I      0x186      0x186   .absSeg115
.abs_section_187                   1   N/I      0x187      0x187   .absSeg116
.abs_section_1bc                   1   N/I      0x1BC      0x1BC   .absSeg117
.abs_section_1b4                   1   N/I      0x1B4      0x1B4   .absSeg118
.abs_section_1b5                   1   N/I      0x1B5      0x1B5   .absSeg119
.abs_section_1b6                   1   N/I      0x1B6      0x1B6   .absSeg120
.abs_section_1b7                   1   N/I      0x1B7      0x1B7   .absSeg121
.abs_section_1b8                   1   N/I      0x1B8      0x1B8   .absSeg122
.abs_section_1b9                   1   N/I      0x1B9      0x1B9   .absSeg123
.abs_section_1ba                   1   N/I      0x1BA      0x1BA   .absSeg124
.abs_section_1bb                   1   N/I      0x1BB      0x1BB   .absSeg125
.abs_section_18f                   1   N/I      0x18F      0x18F   .absSeg126
.abs_section_1b0                   1   N/I      0x1B0      0x1B0   .absSeg127
.abs_section_1b1                   1   N/I      0x1B1      0x1B1   .absSeg128
.abs_section_1b2                   1   N/I      0x1B2      0x1B2   .absSeg129
.abs_section_1b3                   1   N/I      0x1B3      0x1B3   .absSeg130
.abs_section_1bf                   1   N/I      0x1BF      0x1BF   .absSeg131
.abs_section_1c2                   1   N/I      0x1C2      0x1C2   .absSeg132
.abs_section_1c3                   1   N/I      0x1C3      0x1C3   .absSeg133
.abs_section_1c0                   1   N/I      0x1C0      0x1C0   .absSeg134
.abs_section_1c1                   1   N/I      0x1C1      0x1C1   .absSeg135
.abs_section_1cb                   1   N/I      0x1CB      0x1CB   .absSeg136
.abs_section_1d0                   1   N/I      0x1D0      0x1D0   .absSeg137
.abs_section_1d1                   1   N/I      0x1D1      0x1D1   .absSeg138
.abs_section_1d2                   1   N/I      0x1D2      0x1D2   .absSeg139
.abs_section_1d3                   1   N/I      0x1D3      0x1D3   .absSeg140
.abs_section_1d8                   1   N/I      0x1D8      0x1D8   .absSeg141
.abs_section_1d9                   1   N/I      0x1D9      0x1D9   .absSeg142
.abs_section_1da                   1   N/I      0x1DA      0x1DA   .absSeg143
.abs_section_1db                   1   N/I      0x1DB      0x1DB   .absSeg144
.abs_section_1d4                   1   N/I      0x1D4      0x1D4   .absSeg145
.abs_section_1d5                   1   N/I      0x1D5      0x1D5   .absSeg146
.abs_section_1d6                   1   N/I      0x1D6      0x1D6   .absSeg147
.abs_section_1d7                   1   N/I      0x1D7      0x1D7   .absSeg148
.abs_section_1dc                   1   N/I      0x1DC      0x1DC   .absSeg149
.abs_section_1dd                   1   N/I      0x1DD      0x1DD   .absSeg150
.abs_section_1de                   1   N/I      0x1DE      0x1DE   .absSeg151
.abs_section_1df                   1   N/I      0x1DF      0x1DF   .absSeg152
.abs_section_1c4                   1   N/I      0x1C4      0x1C4   .absSeg153
.abs_section_1c5                   1   N/I      0x1C5      0x1C5   .absSeg154
.abs_section_1ec                   1   N/I      0x1EC      0x1EC   .absSeg155
.abs_section_1e4                   1   N/I      0x1E4      0x1E4   .absSeg156
.abs_section_1e5                   1   N/I      0x1E5      0x1E5   .absSeg157
.abs_section_1e6                   1   N/I      0x1E6      0x1E6   .absSeg158
.abs_section_1e7                   1   N/I      0x1E7      0x1E7   .absSeg159
.abs_section_1e8                   1   N/I      0x1E8      0x1E8   .absSeg160
.abs_section_1e9                   1   N/I      0x1E9      0x1E9   .absSeg161
.abs_section_1ea                   1   N/I      0x1EA      0x1EA   .absSeg162
.abs_section_1eb                   1   N/I      0x1EB      0x1EB   .absSeg163
.abs_section_1ce                   1   N/I      0x1CE      0x1CE   .absSeg164
.abs_section_1e0                   1   N/I      0x1E0      0x1E0   .absSeg165
.abs_section_1e1                   1   N/I      0x1E1      0x1E1   .absSeg166
.abs_section_1e2                   1   N/I      0x1E2      0x1E2   .absSeg167
.abs_section_1e3                   1   N/I      0x1E3      0x1E3   .absSeg168
.abs_section_1c9                   1   N/I      0x1C9      0x1C9   .absSeg169
.abs_section_1c8                   1   N/I      0x1C8      0x1C8   .absSeg170
.abs_section_1ca                   1   N/I      0x1CA      0x1CA   .absSeg171
.abs_section_1c6                   1   N/I      0x1C6      0x1C6   .absSeg172
.abs_section_1c7                   1   N/I      0x1C7      0x1C7   .absSeg173
.abs_section_1fc                   1   N/I      0x1FC      0x1FC   .absSeg174
.abs_section_1f4                   1   N/I      0x1F4      0x1F4   .absSeg175
.abs_section_1f5                   1   N/I      0x1F5      0x1F5   .absSeg176
.abs_section_1f6                   1   N/I      0x1F6      0x1F6   .absSeg177
.abs_section_1f7                   1   N/I      0x1F7      0x1F7   .absSeg178
.abs_section_1f8                   1   N/I      0x1F8      0x1F8   .absSeg179
.abs_section_1f9                   1   N/I      0x1F9      0x1F9   .absSeg180
.abs_section_1fa                   1   N/I      0x1FA      0x1FA   .absSeg181
.abs_section_1fb                   1   N/I      0x1FB      0x1FB   .absSeg182
.abs_section_1cf                   1   N/I      0x1CF      0x1CF   .absSeg183
.abs_section_1f0                   1   N/I      0x1F0      0x1F0   .absSeg184
.abs_section_1f1                   1   N/I      0x1F1      0x1F1   .absSeg185
.abs_section_1f2                   1   N/I      0x1F2      0x1F2   .absSeg186
.abs_section_1f3                   1   N/I      0x1F3      0x1F3   .absSeg187
.abs_section_1ff                   1   N/I      0x1FF      0x1FF   .absSeg188
.abs_section_202                   1   N/I      0x202      0x202   .absSeg189
.abs_section_203                   1   N/I      0x203      0x203   .absSeg190
.abs_section_200                   1   N/I      0x200      0x200   .absSeg191
.abs_section_201                   1   N/I      0x201      0x201   .absSeg192
.abs_section_20b                   1   N/I      0x20B      0x20B   .absSeg193
.abs_section_210                   1   N/I      0x210      0x210   .absSeg194
.abs_section_211                   1   N/I      0x211      0x211   .absSeg195
.abs_section_212                   1   N/I      0x212      0x212   .absSeg196
.abs_section_213                   1   N/I      0x213      0x213   .absSeg197
.abs_section_218                   1   N/I      0x218      0x218   .absSeg198
.abs_section_219                   1   N/I      0x219      0x219   .absSeg199
.abs_section_21a                   1   N/I      0x21A      0x21A   .absSeg200
.abs_section_21b                   1   N/I      0x21B      0x21B   .absSeg201
.abs_section_214                   1   N/I      0x214      0x214   .absSeg202
.abs_section_215                   1   N/I      0x215      0x215   .absSeg203
.abs_section_216                   1   N/I      0x216      0x216   .absSeg204
.abs_section_217                   1   N/I      0x217      0x217   .absSeg205
.abs_section_21c                   1   N/I      0x21C      0x21C   .absSeg206
.abs_section_21d                   1   N/I      0x21D      0x21D   .absSeg207
.abs_section_21e                   1   N/I      0x21E      0x21E   .absSeg208
.abs_section_21f                   1   N/I      0x21F      0x21F   .absSeg209
.abs_section_204                   1   N/I      0x204      0x204   .absSeg210
.abs_section_205                   1   N/I      0x205      0x205   .absSeg211
.abs_section_22c                   1   N/I      0x22C      0x22C   .absSeg212
.abs_section_224                   1   N/I      0x224      0x224   .absSeg213
.abs_section_225                   1   N/I      0x225      0x225   .absSeg214
.abs_section_226                   1   N/I      0x226      0x226   .absSeg215
.abs_section_227                   1   N/I      0x227      0x227   .absSeg216
.abs_section_228                   1   N/I      0x228      0x228   .absSeg217
.abs_section_229                   1   N/I      0x229      0x229   .absSeg218
.abs_section_22a                   1   N/I      0x22A      0x22A   .absSeg219
.abs_section_22b                   1   N/I      0x22B      0x22B   .absSeg220
.abs_section_20e                   1   N/I      0x20E      0x20E   .absSeg221
.abs_section_220                   1   N/I      0x220      0x220   .absSeg222
.abs_section_221                   1   N/I      0x221      0x221   .absSeg223
.abs_section_222                   1   N/I      0x222      0x222   .absSeg224
.abs_section_223                   1   N/I      0x223      0x223   .absSeg225
.abs_section_209                   1   N/I      0x209      0x209   .absSeg226
.abs_section_208                   1   N/I      0x208      0x208   .absSeg227
.abs_section_20a                   1   N/I      0x20A      0x20A   .absSeg228
.abs_section_206                   1   N/I      0x206      0x206   .absSeg229
.abs_section_207                   1   N/I      0x207      0x207   .absSeg230
.abs_section_23c                   1   N/I      0x23C      0x23C   .absSeg231
.abs_section_234                   1   N/I      0x234      0x234   .absSeg232
.abs_section_235                   1   N/I      0x235      0x235   .absSeg233
.abs_section_236                   1   N/I      0x236      0x236   .absSeg234
.abs_section_237                   1   N/I      0x237      0x237   .absSeg235
.abs_section_238                   1   N/I      0x238      0x238   .absSeg236
.abs_section_239                   1   N/I      0x239      0x239   .absSeg237
.abs_section_23a                   1   N/I      0x23A      0x23A   .absSeg238
.abs_section_23b                   1   N/I      0x23B      0x23B   .absSeg239
.abs_section_20f                   1   N/I      0x20F      0x20F   .absSeg240
.abs_section_230                   1   N/I      0x230      0x230   .absSeg241
.abs_section_231                   1   N/I      0x231      0x231   .absSeg242
.abs_section_232                   1   N/I      0x232      0x232   .absSeg243
.abs_section_233                   1   N/I      0x233      0x233   .absSeg244
.abs_section_23f                   1   N/I      0x23F      0x23F   .absSeg245
.abs_section_282                   1   N/I      0x282      0x282   .absSeg246
.abs_section_283                   1   N/I      0x283      0x283   .absSeg247
.abs_section_280                   1   N/I      0x280      0x280   .absSeg248
.abs_section_281                   1   N/I      0x281      0x281   .absSeg249
.abs_section_28b                   1   N/I      0x28B      0x28B   .absSeg250
.abs_section_290                   1   N/I      0x290      0x290   .absSeg251
.abs_section_291                   1   N/I      0x291      0x291   .absSeg252
.abs_section_292                   1   N/I      0x292      0x292   .absSeg253
.abs_section_293                   1   N/I      0x293      0x293   .absSeg254
.abs_section_298                   1   N/I      0x298      0x298   .absSeg255
.abs_section_299                   1   N/I      0x299      0x299   .absSeg256
.abs_section_29a                   1   N/I      0x29A      0x29A   .absSeg257
.abs_section_29b                   1   N/I      0x29B      0x29B   .absSeg258
.abs_section_294                   1   N/I      0x294      0x294   .absSeg259
.abs_section_295                   1   N/I      0x295      0x295   .absSeg260
.abs_section_296                   1   N/I      0x296      0x296   .absSeg261
.abs_section_297                   1   N/I      0x297      0x297   .absSeg262
.abs_section_29c                   1   N/I      0x29C      0x29C   .absSeg263
.abs_section_29d                   1   N/I      0x29D      0x29D   .absSeg264
.abs_section_29e                   1   N/I      0x29E      0x29E   .absSeg265
.abs_section_29f                   1   N/I      0x29F      0x29F   .absSeg266
.abs_section_284                   1   N/I      0x284      0x284   .absSeg267
.abs_section_285                   1   N/I      0x285      0x285   .absSeg268
.abs_section_2ac                   1   N/I      0x2AC      0x2AC   .absSeg269
.abs_section_2a4                   1   N/I      0x2A4      0x2A4   .absSeg270
.abs_section_2a5                   1   N/I      0x2A5      0x2A5   .absSeg271
.abs_section_2a6                   1   N/I      0x2A6      0x2A6   .absSeg272
.abs_section_2a7                   1   N/I      0x2A7      0x2A7   .absSeg273
.abs_section_2a8                   1   N/I      0x2A8      0x2A8   .absSeg274
.abs_section_2a9                   1   N/I      0x2A9      0x2A9   .absSeg275
.abs_section_2aa                   1   N/I      0x2AA      0x2AA   .absSeg276
.abs_section_2ab                   1   N/I      0x2AB      0x2AB   .absSeg277
.abs_section_28e                   1   N/I      0x28E      0x28E   .absSeg278
.abs_section_2a0                   1   N/I      0x2A0      0x2A0   .absSeg279
.abs_section_2a1                   1   N/I      0x2A1      0x2A1   .absSeg280
.abs_section_2a2                   1   N/I      0x2A2      0x2A2   .absSeg281
.abs_section_2a3                   1   N/I      0x2A3      0x2A3   .absSeg282
.abs_section_289                   1   N/I      0x289      0x289   .absSeg283
.abs_section_288                   1   N/I      0x288      0x288   .absSeg284
.abs_section_28a                   1   N/I      0x28A      0x28A   .absSeg285
.abs_section_286                   1   N/I      0x286      0x286   .absSeg286
.abs_section_287                   1   N/I      0x287      0x287   .absSeg287
.abs_section_2bc                   1   N/I      0x2BC      0x2BC   .absSeg288
.abs_section_2b4                   1   N/I      0x2B4      0x2B4   .absSeg289
.abs_section_2b5                   1   N/I      0x2B5      0x2B5   .absSeg290
.abs_section_2b6                   1   N/I      0x2B6      0x2B6   .absSeg291
.abs_section_2b7                   1   N/I      0x2B7      0x2B7   .absSeg292
.abs_section_2b8                   1   N/I      0x2B8      0x2B8   .absSeg293
.abs_section_2b9                   1   N/I      0x2B9      0x2B9   .absSeg294
.abs_section_2ba                   1   N/I      0x2BA      0x2BA   .absSeg295
.abs_section_2bb                   1   N/I      0x2BB      0x2BB   .absSeg296
.abs_section_28f                   1   N/I      0x28F      0x28F   .absSeg297
.abs_section_2b0                   1   N/I      0x2B0      0x2B0   .absSeg298
.abs_section_2b1                   1   N/I      0x2B1      0x2B1   .absSeg299
.abs_section_2b2                   1   N/I      0x2B2      0x2B2   .absSeg300
.abs_section_2b3                   1   N/I      0x2B3      0x2B3   .absSeg301
.abs_section_2bf                   1   N/I      0x2BF      0x2BF   .absSeg302
.abs_section_41                    1   N/I       0x41       0x41   .absSeg303
.abs_section_39                    1   N/I       0x39       0x39   .absSeg304
.abs_section_3c                    1   N/I       0x3C       0x3C   .absSeg305
.abs_section_37                    1   N/I       0x37       0x37   .absSeg306
.abs_section_38                    1   N/I       0x38       0x38   .absSeg307
.abs_section_3e                    1   N/I       0x3E       0x3E   .absSeg308
.abs_section_36                    1   N/I       0x36       0x36   .absSeg309
.abs_section_9                     1   N/I        0x9        0x9   .absSeg310
.abs_section_262                   1   N/I      0x262      0x262   .absSeg311
.abs_section_26a                   1   N/I      0x26A      0x26A   .absSeg312
.abs_section_33                    1   N/I       0x33       0x33   .absSeg313
.abs_section_252                   1   N/I      0x252      0x252   .absSeg314
.abs_section_25a                   1   N/I      0x25A      0x25A   .absSeg315
.abs_section_24a                   1   N/I      0x24A      0x24A   .absSeg316
.abs_section_242                   1   N/I      0x242      0x242   .absSeg317
.abs_section_ec                    1   N/I       0xEC       0xEC   .absSeg318
.abs_section_e8                    1   N/I       0xE8       0xE8   .absSeg319
.abs_section_ea                    1   N/I       0xEA       0xEA   .absSeg320
.abs_section_eb                    1   N/I       0xEB       0xEB   .absSeg321
.abs_section_ed                    1   N/I       0xED       0xED   .absSeg322
.abs_section_e9                    1   N/I       0xE9       0xE9   .absSeg323
.abs_section_ee                    1   N/I       0xEE       0xEE   .absSeg324
.abs_section_69                    1   N/I       0x69       0x69   .absSeg325
.abs_section_e                     1   N/I        0xE        0xE   .absSeg326
.abs_section_110                   1   N/I      0x110      0x110   .absSeg327
.abs_section_116                   1   N/I      0x116      0x116   .absSeg328
.abs_section_113                   1   N/I      0x113      0x113   .absSeg329
.abs_section_114                   1   N/I      0x114      0x114   .absSeg330
.abs_section_115                   1   N/I      0x115      0x115   .absSeg331
.abs_section_100                   1   N/I      0x100      0x100   .absSeg332
.abs_section_106                   1   N/I      0x106      0x106   .absSeg333
.abs_section_103                   1   N/I      0x103      0x103   .absSeg334
.abs_section_3d                    1   N/I       0x3D       0x3D   .absSeg335
.abs_section_104                   1   N/I      0x104      0x104   .absSeg336
.abs_section_101                   1   N/I      0x101      0x101   .absSeg337
.abs_section_105                   1   N/I      0x105      0x105   .absSeg338
.abs_section_1f                    1   N/I       0x1F       0x1F   .absSeg339
.abs_section_e0                    1   N/I       0xE0       0xE0   .absSeg340
.abs_section_e2                    1   N/I       0xE2       0xE2   .absSeg341
.abs_section_e4                    1   N/I       0xE4       0xE4   .absSeg342
.abs_section_e1                    1   N/I       0xE1       0xE1   .absSeg343
.abs_section_e3                    1   N/I       0xE3       0xE3   .absSeg344
.abs_section_6a                    1   N/I       0x6A       0x6A   .absSeg345
.abs_section_68                    1   N/I       0x68       0x68   .absSeg346
.abs_section_6b                    1   N/I       0x6B       0x6B   .absSeg347
.abs_section_12                    1   N/I       0x12       0x12   .absSeg348
.abs_section_11                    1   N/I       0x11       0x11   .absSeg349
.abs_section_10                    1   N/I       0x10       0x10   .absSeg350
.abs_section_1e                    1   N/I       0x1E       0x1E   .absSeg351
.abs_section_15                    1   N/I       0x15       0x15   .absSeg352
.abs_section_16                    1   N/I       0x16       0x16   .absSeg353
.abs_section_66                    1   N/I       0x66       0x66   .absSeg354
.abs_section_67                    1   N/I       0x67       0x67   .absSeg355
.abs_section_1c                    1   N/I       0x1C       0x1C   .absSeg356
.abs_section_1d                    1   N/I       0x1D       0x1D   .absSeg357
.abs_section_13                    1   N/I       0x13       0x13   .absSeg358
.abs_section_b                     1   N/I        0xB        0xB   .absSeg359
.abs_section_257                   1   N/I      0x257      0x257   .absSeg360
.abs_section_14                    1   N/I       0x14       0x14   .absSeg361
.abs_section_17                    1   N/I       0x17       0x17   .absSeg362
.abs_section_43                    1   N/I       0x43       0x43   .absSeg363
.abs_section_42                    1   N/I       0x42       0x42   .absSeg364
.abs_section_60                    1   N/I       0x60       0x60   .absSeg365
.abs_section_61                    1   N/I       0x61       0x61   .absSeg366
.abs_section_1a                    1   N/I       0x1A       0x1A   .absSeg367
.abs_section_1b                    1   N/I       0x1B       0x1B   .absSeg368
.abs_section_70                    1   N/I       0x70       0x70   .absSeg369
.abs_section_71                    1   N/I       0x71       0x71   .absSeg370
.abs_section_a                     1   N/I        0xA        0xA   .absSeg371
.abs_section_264                   1   N/I      0x264      0x264   .absSeg372
.abs_section_26c                   1   N/I      0x26C      0x26C   .absSeg373
.abs_section_254                   1   N/I      0x254      0x254   .absSeg374
.abs_section_25c                   1   N/I      0x25C      0x25C   .absSeg375
.abs_section_24c                   1   N/I      0x24C      0x24C   .absSeg376
.abs_section_244                   1   N/I      0x244      0x244   .absSeg377
.abs_section_266                   1   N/I      0x266      0x266   .absSeg378
.abs_section_26e                   1   N/I      0x26E      0x26E   .absSeg379
.abs_section_25e                   1   N/I      0x25E      0x25E   .absSeg380
.abs_section_267                   1   N/I      0x267      0x267   .absSeg381
.abs_section_26f                   1   N/I      0x26F      0x26F   .absSeg382
.abs_section_25f                   1   N/I      0x25F      0x25F   .absSeg383
.abs_section_3a                    1   N/I       0x3A       0x3A   .absSeg384
.abs_section_8f                    1   N/I       0x8F       0x8F   .absSeg385
.abs_section_12f                   1   N/I      0x12F      0x12F   .absSeg386
.abs_section_8                     1   N/I        0x8        0x8   .absSeg387
.abs_section_32                    1   N/I       0x32       0x32   .absSeg388
.abs_section_30                    1   N/I       0x30       0x30   .absSeg389
.abs_section_265                   1   N/I      0x265      0x265   .absSeg390
.abs_section_26d                   1   N/I      0x26D      0x26D   .absSeg391
.abs_section_255                   1   N/I      0x255      0x255   .absSeg392
.abs_section_25d                   1   N/I      0x25D      0x25D   .absSeg393
.abs_section_24d                   1   N/I      0x24D      0x24D   .absSeg394
.abs_section_245                   1   N/I      0x245      0x245   .absSeg395
.abs_section_260                   1   N/I      0x260      0x260   .absSeg396
.abs_section_261                   1   N/I      0x261      0x261   .absSeg397
.abs_section_269                   1   N/I      0x269      0x269   .absSeg398
.abs_section_251                   1   N/I      0x251      0x251   .absSeg399
.abs_section_259                   1   N/I      0x259      0x259   .absSeg400
.abs_section_249                   1   N/I      0x249      0x249   .absSeg401
.abs_section_241                   1   N/I      0x241      0x241   .absSeg402
.abs_section_268                   1   N/I      0x268      0x268   .absSeg403
.abs_section_250                   1   N/I      0x250      0x250   .absSeg404
.abs_section_258                   1   N/I      0x258      0x258   .absSeg405
.abs_section_248                   1   N/I      0x248      0x248   .absSeg406
.abs_section_240                   1   N/I      0x240      0x240   .absSeg407
.abs_section_c                     1   N/I        0xC        0xC   .absSeg408
.abs_section_a4                    1   N/I       0xA4       0xA4   .absSeg409
.abs_section_a2                    1   N/I       0xA2       0xA2   .absSeg410
.abs_section_a5                    1   N/I       0xA5       0xA5   .absSeg411
.abs_section_a0                    1   N/I       0xA0       0xA0   .absSeg412
.abs_section_a1                    1   N/I       0xA1       0xA1   .absSeg413
.abs_section_a3                    1   N/I       0xA3       0xA3   .absSeg414
.abs_section_a8                    1   N/I       0xA8       0xA8   .absSeg415
.abs_section_a9                    1   N/I       0xA9       0xA9   .absSeg416
.abs_section_c4                    1   N/I       0xC4       0xC4   .absSeg417
.abs_section_263                   1   N/I      0x263      0x263   .absSeg418
.abs_section_d                     1   N/I        0xD        0xD   .absSeg419
.abs_section_26b                   1   N/I      0x26B      0x26B   .absSeg420
.abs_section_253                   1   N/I      0x253      0x253   .absSeg421
.abs_section_25b                   1   N/I      0x25B      0x25B   .absSeg422
.abs_section_24b                   1   N/I      0x24B      0x24B   .absSeg423
.abs_section_243                   1   N/I      0x243      0x243   .absSeg424
.abs_section_35                    1   N/I       0x35       0x35   .absSeg425
.abs_section_3b                    1   N/I       0x3B       0x3B   .absSeg426
.abs_section_ca                    1   N/I       0xCA       0xCA   .absSeg427
.abs_section_cb                    1   N/I       0xCB       0xCB   .absSeg428
.abs_section_ce                    1   N/I       0xCE       0xCE   .absSeg429
.abs_section_cf                    1   N/I       0xCF       0xCF   .absSeg430
.abs_section_cc                    1   N/I       0xCC       0xCC   .absSeg431
.abs_section_cd                    1   N/I       0xCD       0xCD   .absSeg432
.abs_section_d2                    1   N/I       0xD2       0xD2   .absSeg433
.abs_section_d3                    1   N/I       0xD3       0xD3   .absSeg434
.abs_section_d6                    1   N/I       0xD6       0xD6   .absSeg435
.abs_section_d7                    1   N/I       0xD7       0xD7   .absSeg436
.abs_section_d4                    1   N/I       0xD4       0xD4   .absSeg437
.abs_section_d5                    1   N/I       0xD5       0xD5   .absSeg438
.abs_section_da                    1   N/I       0xDA       0xDA   .absSeg439
.abs_section_d8                    1   N/I       0xD8       0xD8   .absSeg440
.abs_section_d9                    1   N/I       0xD9       0xD9   .absSeg441
.abs_section_dd                    1   N/I       0xDD       0xDD   .absSeg442
.abs_section_db                    1   N/I       0xDB       0xDB   .absSeg443
.abs_section_f2                    1   N/I       0xF2       0xF2   .absSeg444
.abs_section_f0                    1   N/I       0xF0       0xF0   .absSeg445
.abs_section_f1                    1   N/I       0xF1       0xF1   .absSeg446
.abs_section_f5                    1   N/I       0xF5       0xF5   .absSeg447
.abs_section_f3                    1   N/I       0xF3       0xF3   .absSeg448
.abs_section_fa                    1   N/I       0xFA       0xFA   .absSeg449
.abs_section_f8                    1   N/I       0xF8       0xF8   .absSeg450
.abs_section_f9                    1   N/I       0xF9       0xF9   .absSeg451
.abs_section_fd                    1   N/I       0xFD       0xFD   .absSeg452
.abs_section_fb                    1   N/I       0xFB       0xFB   .absSeg453
.abs_section_34                    1   N/I       0x34       0x34   .absSeg454
.abs_section_48                    1   N/I       0x48       0x48   .absSeg455
.abs_section_49                    1   N/I       0x49       0x49   .absSeg456
.abs_section_4a                    1   N/I       0x4A       0x4A   .absSeg457
.abs_section_4b                    1   N/I       0x4B       0x4B   .absSeg458
.abs_section_4e                    1   N/I       0x4E       0x4E   .absSeg459
.abs_section_4f                    1   N/I       0x4F       0x4F   .absSeg460
.abs_section_4c                    1   N/I       0x4C       0x4C   .absSeg461
.abs_section_6d                    1   N/I       0x6D       0x6D   .absSeg462
.abs_section_40                    1   N/I       0x40       0x40   .absSeg463
.abs_section_46                    1   N/I       0x46       0x46   .absSeg464
.abs_section_4d                    1   N/I       0x4D       0x4D   .absSeg465
.abs_section_47                    1   N/I       0x47       0x47   .absSeg466
.abs_section_256                   1   N/I      0x256      0x256   .absSeg467
.abs_section_24e                   1   N/I      0x24E      0x24E   .absSeg468
.abs_section_82                    2   N/I       0x82       0x83   .absSeg469
.abs_section_84                    2   N/I       0x84       0x85   .absSeg470
.abs_section_90                    2   N/I       0x90       0x91   .absSeg471
.abs_section_92                    2   N/I       0x92       0x93   .absSeg472
.abs_section_94                    2   N/I       0x94       0x95   .absSeg473
.abs_section_96                    2   N/I       0x96       0x97   .absSeg474
.abs_section_98                    2   N/I       0x98       0x99   .absSeg475
.abs_section_9a                    2   N/I       0x9A       0x9B   .absSeg476
.abs_section_9c                    2   N/I       0x9C       0x9D   .absSeg477
.abs_section_9e                    2   N/I       0x9E       0x9F   .absSeg478
.abs_section_122                   2   N/I      0x122      0x123   .absSeg479
.abs_section_124                   2   N/I      0x124      0x125   .absSeg480
.abs_section_130                   2   N/I      0x130      0x131   .absSeg481
.abs_section_132                   2   N/I      0x132      0x133   .absSeg482
.abs_section_134                   2   N/I      0x134      0x135   .absSeg483
.abs_section_136                   2   N/I      0x136      0x137   .absSeg484
.abs_section_138                   2   N/I      0x138      0x139   .absSeg485
.abs_section_13a                   2   N/I      0x13A      0x13B   .absSeg486
.abs_section_13c                   2   N/I      0x13C      0x13D   .absSeg487
.abs_section_13e                   2   N/I      0x13E      0x13F   .absSeg488
.abs_section_2                     2   N/I        0x2        0x3   .absSeg489
.abs_section_76                    2   N/I       0x76       0x77   .absSeg490
.abs_section_74                    2   N/I       0x74       0x75   .absSeg491
.abs_section_72                    2   N/I       0x72       0x73   .absSeg492
.abs_section_64                    2   N/I       0x64       0x65   .absSeg493
.abs_section_62                    2   N/I       0x62       0x63   .absSeg494
.abs_section_0                     2   N/I        0x0        0x1   .absSeg495
.abs_section_ac                    2   N/I       0xAC       0xAD   .absSeg496
.abs_section_ae                    2   N/I       0xAE       0xAF   .absSeg497
.abs_section_b0                    2   N/I       0xB0       0xB1   .absSeg498
.abs_section_b2                    2   N/I       0xB2       0xB3   .absSeg499
.abs_section_bc                    2   N/I       0xBC       0xBD   .absSeg500
.abs_section_be                    2   N/I       0xBE       0xBF   .absSeg501
.abs_section_c0                    2   N/I       0xC0       0xC1   .absSeg502
.abs_section_c2                    2   N/I       0xC2       0xC3   .absSeg503
.abs_section_b4                    2   N/I       0xB4       0xB5   .absSeg504
.abs_section_b6                    2   N/I       0xB6       0xB7   .absSeg505
.abs_section_b8                    2   N/I       0xB8       0xB9   .absSeg506
.abs_section_ba                    2   N/I       0xBA       0xBB   .absSeg507
.abs_section_c8                    2   N/I       0xC8       0xC9   .absSeg508
.abs_section_d0                    2   N/I       0xD0       0xD1   .absSeg509
.abs_section_50                    2   N/I       0x50       0x51   .absSeg510
.abs_section_78                    2   N/I       0x78       0x79   .absSeg511
.abs_section_52                    2   N/I       0x52       0x53   .absSeg512
.abs_section_7a                    2   N/I       0x7A       0x7B   .absSeg513
.abs_section_54                    2   N/I       0x54       0x55   .absSeg514
.abs_section_7c                    2   N/I       0x7C       0x7D   .absSeg515
.abs_section_56                    2   N/I       0x56       0x57   .absSeg516
.abs_section_7e                    2   N/I       0x7E       0x7F   .absSeg517
.abs_section_58                    2   N/I       0x58       0x59   .absSeg518
.abs_section_5a                    2   N/I       0x5A       0x5B   .absSeg519
.abs_section_5c                    2   N/I       0x5C       0x5D   .absSeg520
.abs_section_5e                    2   N/I       0x5E       0x5F   .absSeg521
.abs_section_44                    2   N/I       0x44       0x45   .absSeg522
.abs_section_ff80                128     R     0xFF80     0xFFFF   .absSeg523
.bss                           10475   R/W     0x1001     0x38EB   RAM
.common                            6   R/W     0x38EC     0x38F1   RAM
TickTimer_CODE                   123     R   0x3B8124   0x3B819E   ROM_PAGE3B
Byte1_CODE                        53     R   0x3B819F   0x3B81D3   ROM_PAGE3B
COM0_CODE                         62     R   0x3B81D4   0x3B8211   ROM_PAGE3B
TickTimer_DATA                     2   R/W     0x38F2     0x38F3   RAM
Byte1_DATA                         8   R/W     0x38F4     0x38FB   RAM
COM0_DATA                         13   R/W     0x38FC     0x3908   RAM
.stack                           128   R/W     0x3909     0x3988   RAM
ROM_PAGE31_524                   553     R   0x318000   0x318228   ROM_PAGE31
ROM_PAGE32_525                   541     R   0x328000   0x32821C   ROM_PAGE32
ROM_PAGE33_526                   548     R   0x338000   0x338223   ROM_PAGE33
ROM_PAGE34_527                   587     R   0x348000   0x34824A   ROM_PAGE34
ROM_PAGE35_528                   591     R   0x358000   0x35824E   ROM_PAGE35
ROM_PAGE36_529                   509     R   0x368000   0x3681FC   ROM_PAGE36
ROM_PAGE37_530                   593     R   0x378000   0x378250   ROM_PAGE37
ROM_PAGE38_531                   498     R   0x388000   0x3881F1   ROM_PAGE38
ROM_PAGE39_532                   407     R   0x398000   0x398196   ROM_PAGE39
ROM_PAGE3A_533                   588     R   0x3A8000   0x3A824B   ROM_PAGE3A
ROM_PAGE3B_534                   292     R   0x3B8000   0x3B8123   ROM_PAGE3B

Summary of section sizes per section type:
READ_ONLY (R):        1DD4 (dec:     7636)
READ_WRITE (R/W):     2989 (dec:    10633)
NO_INIT (N/I):         241 (dec:      577)

*********************************************************************************************
VECTOR-ALLOCATION SECTION
    Address     InitValue   InitFunction
---------------------------------------------------------------------------------------------

*********************************************************************************************
OBJECT-ALLOCATION SECTION
     Name               Module                 Addr   hSize   dSize     Ref    Section   RLIB
---------------------------------------------------------------------------------------------
MODULE:                 -- Start12.c.o --
- PROCEDURES:
     Init                                    308000      29      41       2   .text       
     _Startup                                  C151      12      18       1   NON_BANKED  
- VARIABLES:
     _startupData                              C07C      18      24       6   .startData  
MODULE:                 -- STRING.C.o (ansibi.lib) --
- PROCEDURES:
     memcpy                                  308029      26      38       8   .text       
     memset                                  30804F      1E      30       2   .text       
     strncpy                                 30806D      2D      45       2   .text       
- VARIABLES:
MODULE:                 -- rtshc12.c.o (ansibi.lib) --
- PROCEDURES:
     _LCMP                                     C163      19      25       2   NON_BANKED  
     _LCMP_P                                   C17C      15      21       3   NON_BANKED  
     _LNEG                                     C191       D      13       2   NON_BANKED  
     _LINC                                     C19E       5       5       4   NON_BANKED  
     _LMUL                                     C1A3      27      39       1   NON_BANKED  
     _lDivMod                                  C1CA      E3     227       3   NON_BANKED  
     _LDIVU                                    C2AD       E      14       1   NON_BANKED  
     _NEG_P                                    C2BB       F      15       4   NON_BANKED  
     _LDIVS                                    C2CA      35      53       2   NON_BANKED  
- VARIABLES:
MODULE:                 -- Cpu.C.o --
- PROCEDURES:
     _EntryPoint                               C000      2E      46       1   .init       
     PE_low_level_init                         C02E      4E      78       2   .init       
     Cpu_Interrupt                             C2FF       1       1      60   NON_BANKED  
- VARIABLES:
MODULE:                 -- IO_Map.C.o --
- PROCEDURES:
- VARIABLES:
     _ARMCOP                                     3F       1       1       0   .abs_section_3f
     _ATD0DIEN                                   8D       1       1       0   .abs_section_8d
     _ATD0STAT0                                  86       1       1       0   .abs_section_86
     _ATD0STAT1                                  8B       1       1       0   .abs_section_8b
     _ATD1DIEN                                  12D       1       1       0   .abs_section_12d
     _ATD1STAT0                                 126       1       1       0   .abs_section_126
     _ATD1STAT1                                 12B       1       1       0   .abs_section_12b
     _BDMCCR                                   FF06       1       1       0   .abs_section_ff06
     _BDMINR                                   FF07       1       1       0   .abs_section_ff07
     _BDMSTS                                   FF01       1       1       0   .abs_section_ff01
     _BKP0H                                      2B       1       1       0   .abs_section_2b
     _BKP0L                                      2C       1       1       0   .abs_section_2c
     _BKP0X                                      2A       1       1       0   .abs_section_2a
     _BKP1H                                      2E       1       1       0   .abs_section_2e
     _BKP1L                                      2F       1       1       0   .abs_section_2f
     _BKP1X                                      2D       1       1       0   .abs_section_2d
     _BKPCT0                                     28       1       1       0   .abs_section_28
     _BKPCT1                                     29       1       1       0   .abs_section_29
     _CAN0BTR0                                  142       1       1       0   .abs_section_142
     _CAN0BTR1                                  143       1       1       0   .abs_section_143
     _CAN0CTL0                                  140       1       1       0   .abs_section_140
     _CAN0CTL1                                  141       1       1       0   .abs_section_141
     _CAN0IDAC                                  14B       1       1       0   .abs_section_14b
     _CAN0IDAR0                                 150       1       1       0   .abs_section_150
     _CAN0IDAR1                                 151       1       1       0   .abs_section_151
     _CAN0IDAR2                                 152       1       1       0   .abs_section_152
     _CAN0IDAR3                                 153       1       1       0   .abs_section_153
     _CAN0IDAR4                                 158       1       1       0   .abs_section_158
     _CAN0IDAR5                                 159       1       1       0   .abs_section_159
     _CAN0IDAR6                                 15A       1       1       0   .abs_section_15a
     _CAN0IDAR7                                 15B       1       1       0   .abs_section_15b
     _CAN0IDMR0                                 154       1       1       0   .abs_section_154
     _CAN0IDMR1                                 155       1       1       0   .abs_section_155
     _CAN0IDMR2                                 156       1       1       0   .abs_section_156
     _CAN0IDMR3                                 157       1       1       0   .abs_section_157
     _CAN0IDMR4                                 15C       1       1       0   .abs_section_15c
     _CAN0IDMR5                                 15D       1       1       0   .abs_section_15d
     _CAN0IDMR6                                 15E       1       1       0   .abs_section_15e
     _CAN0IDMR7                                 15F       1       1       0   .abs_section_15f
     _CAN0RFLG                                  144       1       1       0   .abs_section_144
     _CAN0RIER                                  145       1       1       0   .abs_section_145
     _CAN0RXDLR                                 16C       1       1       0   .abs_section_16c
     _CAN0RXDSR0                                164       1       1       0   .abs_section_164
     _CAN0RXDSR1                                165       1       1       0   .abs_section_165
     _CAN0RXDSR2                                166       1       1       0   .abs_section_166
     _CAN0RXDSR3                                167       1       1       0   .abs_section_167
     _CAN0RXDSR4                                168       1       1       0   .abs_section_168
     _CAN0RXDSR5                                169       1       1       0   .abs_section_169
     _CAN0RXDSR6                                16A       1       1       0   .abs_section_16a
     _CAN0RXDSR7                                16B       1       1       0   .abs_section_16b
     _CAN0RXERR                                 14E       1       1       0   .abs_section_14e
     _CAN0RXIDR0                                160       1       1       0   .abs_section_160
     _CAN0RXIDR1                                161       1       1       0   .abs_section_161
     _CAN0RXIDR2                                162       1       1       0   .abs_section_162
     _CAN0RXIDR3                                163       1       1       0   .abs_section_163
     _CAN0TAAK                                  149       1       1       0   .abs_section_149
     _CAN0TARQ                                  148       1       1       0   .abs_section_148
     _CAN0TBSEL                                 14A       1       1       0   .abs_section_14a
     _CAN0TFLG                                  146       1       1       0   .abs_section_146
     _CAN0TIER                                  147       1       1       0   .abs_section_147
     _CAN0TXDLR                                 17C       1       1       0   .abs_section_17c
     _CAN0TXDSR0                                174       1       1       0   .abs_section_174
     _CAN0TXDSR1                                175       1       1       0   .abs_section_175
     _CAN0TXDSR2                                176       1       1       0   .abs_section_176
     _CAN0TXDSR3                                177       1       1       0   .abs_section_177
     _CAN0TXDSR4                                178       1       1       0   .abs_section_178
     _CAN0TXDSR5                                179       1       1       0   .abs_section_179
     _CAN0TXDSR6                                17A       1       1       0   .abs_section_17a
     _CAN0TXDSR7                                17B       1       1       0   .abs_section_17b
     _CAN0TXERR                                 14F       1       1       0   .abs_section_14f
     _CAN0TXIDR0                                170       1       1       0   .abs_section_170
     _CAN0TXIDR1                                171       1       1       0   .abs_section_171
     _CAN0TXIDR2                                172       1       1       0   .abs_section_172
     _CAN0TXIDR3                                173       1       1       0   .abs_section_173
     _CAN0TXTBPR                                17F       1       1       0   .abs_section_17f
     _CAN1BTR0                                  182       1       1       0   .abs_section_182
     _CAN1BTR1                                  183       1       1       0   .abs_section_183
     _CAN1CTL0                                  180       1       1       0   .abs_section_180
     _CAN1CTL1                                  181       1       1       0   .abs_section_181
     _CAN1IDAC                                  18B       1       1       0   .abs_section_18b
     _CAN1IDAR0                                 190       1       1       0   .abs_section_190
     _CAN1IDAR1                                 191       1       1       0   .abs_section_191
     _CAN1IDAR2                                 192       1       1       0   .abs_section_192
     _CAN1IDAR3                                 193       1       1       0   .abs_section_193
     _CAN1IDAR4                                 198       1       1       0   .abs_section_198
     _CAN1IDAR5                                 199       1       1       0   .abs_section_199
     _CAN1IDAR6                                 19A       1       1       0   .abs_section_19a
     _CAN1IDAR7                                 19B       1       1       0   .abs_section_19b
     _CAN1IDMR0                                 194       1       1       0   .abs_section_194
     _CAN1IDMR1                                 195       1       1       0   .abs_section_195
     _CAN1IDMR2                                 196       1       1       0   .abs_section_196
     _CAN1IDMR3                                 197       1       1       0   .abs_section_197
     _CAN1IDMR4                                 19C       1       1       0   .abs_section_19c
     _CAN1IDMR5                                 19D       1       1       0   .abs_section_19d
     _CAN1IDMR6                                 19E       1       1       0   .abs_section_19e
     _CAN1IDMR7                                 19F       1       1       0   .abs_section_19f
     _CAN1RFLG                                  184       1       1       0   .abs_section_184
     _CAN1RIER                                  185       1       1       0   .abs_section_185
     _CAN1RXDLR                                 1AC       1       1       0   .abs_section_1ac
     _CAN1RXDSR0                                1A4       1       1       0   .abs_section_1a4
     _CAN1RXDSR1                                1A5       1       1       0   .abs_section_1a5
     _CAN1RXDSR2                                1A6       1       1       0   .abs_section_1a6
     _CAN1RXDSR3                                1A7       1       1       0   .abs_section_1a7
     _CAN1RXDSR4                                1A8       1       1       0   .abs_section_1a8
     _CAN1RXDSR5                                1A9       1       1       0   .abs_section_1a9
     _CAN1RXDSR6                                1AA       1       1       0   .abs_section_1aa
     _CAN1RXDSR7                                1AB       1       1       0   .abs_section_1ab
     _CAN1RXERR                                 18E       1       1       0   .abs_section_18e
     _CAN1RXIDR0                                1A0       1       1       0   .abs_section_1a0
     _CAN1RXIDR1                                1A1       1       1       0   .abs_section_1a1
     _CAN1RXIDR2                                1A2       1       1       0   .abs_section_1a2
     _CAN1RXIDR3                                1A3       1       1       0   .abs_section_1a3
     _CAN1TAAK                                  189       1       1       0   .abs_section_189
     _CAN1TARQ                                  188       1       1       0   .abs_section_188
     _CAN1TBSEL                                 18A       1       1       0   .abs_section_18a
     _CAN1TFLG                                  186       1       1       0   .abs_section_186
     _CAN1TIER                                  187       1       1       0   .abs_section_187
     _CAN1TXDLR                                 1BC       1       1       0   .abs_section_1bc
     _CAN1TXDSR0                                1B4       1       1       0   .abs_section_1b4
     _CAN1TXDSR1                                1B5       1       1       0   .abs_section_1b5
     _CAN1TXDSR2                                1B6       1       1       0   .abs_section_1b6
     _CAN1TXDSR3                                1B7       1       1       0   .abs_section_1b7
     _CAN1TXDSR4                                1B8       1       1       0   .abs_section_1b8
     _CAN1TXDSR5                                1B9       1       1       0   .abs_section_1b9
     _CAN1TXDSR6                                1BA       1       1       0   .abs_section_1ba
     _CAN1TXDSR7                                1BB       1       1       0   .abs_section_1bb
     _CAN1TXERR                                 18F       1       1       0   .abs_section_18f
     _CAN1TXIDR0                                1B0       1       1       0   .abs_section_1b0
     _CAN1TXIDR1                                1B1       1       1       0   .abs_section_1b1
     _CAN1TXIDR2                                1B2       1       1       0   .abs_section_1b2
     _CAN1TXIDR3                                1B3       1       1       0   .abs_section_1b3
     _CAN1TXTBPR                                1BF       1       1       0   .abs_section_1bf
     _CAN2BTR0                                  1C2       1       1       0   .abs_section_1c2
     _CAN2BTR1                                  1C3       1       1       0   .abs_section_1c3
     _CAN2CTL0                                  1C0       1       1       0   .abs_section_1c0
     _CAN2CTL1                                  1C1       1       1       0   .abs_section_1c1
     _CAN2IDAC                                  1CB       1       1       0   .abs_section_1cb
     _CAN2IDAR0                                 1D0       1       1       0   .abs_section_1d0
     _CAN2IDAR1                                 1D1       1       1       0   .abs_section_1d1
     _CAN2IDAR2                                 1D2       1       1       0   .abs_section_1d2
     _CAN2IDAR3                                 1D3       1       1       0   .abs_section_1d3
     _CAN2IDAR4                                 1D8       1       1       0   .abs_section_1d8
     _CAN2IDAR5                                 1D9       1       1       0   .abs_section_1d9
     _CAN2IDAR6                                 1DA       1       1       0   .abs_section_1da
     _CAN2IDAR7                                 1DB       1       1       0   .abs_section_1db
     _CAN2IDMR0                                 1D4       1       1       0   .abs_section_1d4
     _CAN2IDMR1                                 1D5       1       1       0   .abs_section_1d5
     _CAN2IDMR2                                 1D6       1       1       0   .abs_section_1d6
     _CAN2IDMR3                                 1D7       1       1       0   .abs_section_1d7
     _CAN2IDMR4                                 1DC       1       1       0   .abs_section_1dc
     _CAN2IDMR5                                 1DD       1       1       0   .abs_section_1dd
     _CAN2IDMR6                                 1DE       1       1       0   .abs_section_1de
     _CAN2IDMR7                                 1DF       1       1       0   .abs_section_1df
     _CAN2RFLG                                  1C4       1       1       0   .abs_section_1c4
     _CAN2RIER                                  1C5       1       1       0   .abs_section_1c5
     _CAN2RXDLR                                 1EC       1       1       0   .abs_section_1ec
     _CAN2RXDSR0                                1E4       1       1       0   .abs_section_1e4
     _CAN2RXDSR1                                1E5       1       1       0   .abs_section_1e5
     _CAN2RXDSR2                                1E6       1       1       0   .abs_section_1e6
     _CAN2RXDSR3                                1E7       1       1       0   .abs_section_1e7
     _CAN2RXDSR4                                1E8       1       1       0   .abs_section_1e8
     _CAN2RXDSR5                                1E9       1       1       0   .abs_section_1e9
     _CAN2RXDSR6                                1EA       1       1       0   .abs_section_1ea
     _CAN2RXDSR7                                1EB       1       1       0   .abs_section_1eb
     _CAN2RXERR                                 1CE       1       1       0   .abs_section_1ce
     _CAN2RXIDR0                                1E0       1       1       0   .abs_section_1e0
     _CAN2RXIDR1                                1E1       1       1       0   .abs_section_1e1
     _CAN2RXIDR2                                1E2       1       1       0   .abs_section_1e2
     _CAN2RXIDR3                                1E3       1       1       0   .abs_section_1e3
     _CAN2TAAK                                  1C9       1       1       0   .abs_section_1c9
     _CAN2TARQ                                  1C8       1       1       0   .abs_section_1c8
     _CAN2TBSEL                                 1CA       1       1       0   .abs_section_1ca
     _CAN2TFLG                                  1C6       1       1       0   .abs_section_1c6
     _CAN2TIER                                  1C7       1       1       0   .abs_section_1c7
     _CAN2TXDLR                                 1FC       1       1       0   .abs_section_1fc
     _CAN2TXDSR0                                1F4       1       1       0   .abs_section_1f4
     _CAN2TXDSR1                                1F5       1       1       0   .abs_section_1f5
     _CAN2TXDSR2                                1F6       1       1       0   .abs_section_1f6
     _CAN2TXDSR3                                1F7       1       1       0   .abs_section_1f7
     _CAN2TXDSR4                                1F8       1       1       0   .abs_section_1f8
     _CAN2TXDSR5                                1F9       1       1       0   .abs_section_1f9
     _CAN2TXDSR6                                1FA       1       1       0   .abs_section_1fa
     _CAN2TXDSR7                                1FB       1       1       0   .abs_section_1fb
     _CAN2TXERR                                 1CF       1       1       0   .abs_section_1cf
     _CAN2TXIDR0                                1F0       1       1       0   .abs_section_1f0
     _CAN2TXIDR1                                1F1       1       1       0   .abs_section_1f1
     _CAN2TXIDR2                                1F2       1       1       0   .abs_section_1f2
     _CAN2TXIDR3                                1F3       1       1       0   .abs_section_1f3
     _CAN2TXTBPR                                1FF       1       1       0   .abs_section_1ff
     _CAN3BTR0                                  202       1       1       0   .abs_section_202
     _CAN3BTR1                                  203       1       1       0   .abs_section_203
     _CAN3CTL0                                  200       1       1       0   .abs_section_200
     _CAN3CTL1                                  201       1       1       0   .abs_section_201
     _CAN3IDAC                                  20B       1       1       0   .abs_section_20b
     _CAN3IDAR0                                 210       1       1       0   .abs_section_210
     _CAN3IDAR1                                 211       1       1       0   .abs_section_211
     _CAN3IDAR2                                 212       1       1       0   .abs_section_212
     _CAN3IDAR3                                 213       1       1       0   .abs_section_213
     _CAN3IDAR4                                 218       1       1       0   .abs_section_218
     _CAN3IDAR5                                 219       1       1       0   .abs_section_219
     _CAN3IDAR6                                 21A       1       1       0   .abs_section_21a
     _CAN3IDAR7                                 21B       1       1       0   .abs_section_21b
     _CAN3IDMR0                                 214       1       1       0   .abs_section_214
     _CAN3IDMR1                                 215       1       1       0   .abs_section_215
     _CAN3IDMR2                                 216       1       1       0   .abs_section_216
     _CAN3IDMR3                                 217       1       1       0   .abs_section_217
     _CAN3IDMR4                                 21C       1       1       0   .abs_section_21c
     _CAN3IDMR5                                 21D       1       1       0   .abs_section_21d
     _CAN3IDMR6                                 21E       1       1       0   .abs_section_21e
     _CAN3IDMR7                                 21F       1       1       0   .abs_section_21f
     _CAN3RFLG                                  204       1       1       0   .abs_section_204
     _CAN3RIER                                  205       1       1       0   .abs_section_205
     _CAN3RXDLR                                 22C       1       1       0   .abs_section_22c
     _CAN3RXDSR0                                224       1       1       0   .abs_section_224
     _CAN3RXDSR1                                225       1       1       0   .abs_section_225
     _CAN3RXDSR2                                226       1       1       0   .abs_section_226
     _CAN3RXDSR3                                227       1       1       0   .abs_section_227
     _CAN3RXDSR4                                228       1       1       0   .abs_section_228
     _CAN3RXDSR5                                229       1       1       0   .abs_section_229
     _CAN3RXDSR6                                22A       1       1       0   .abs_section_22a
     _CAN3RXDSR7                                22B       1       1       0   .abs_section_22b
     _CAN3RXERR                                 20E       1       1       0   .abs_section_20e
     _CAN3RXIDR0                                220       1       1       0   .abs_section_220
     _CAN3RXIDR1                                221       1       1       0   .abs_section_221
     _CAN3RXIDR2                                222       1       1       0   .abs_section_222
     _CAN3RXIDR3                                223       1       1       0   .abs_section_223
     _CAN3TAAK                                  209       1       1       0   .abs_section_209
     _CAN3TARQ                                  208       1       1       0   .abs_section_208
     _CAN3TBSEL                                 20A       1       1       0   .abs_section_20a
     _CAN3TFLG                                  206       1       1       0   .abs_section_206
     _CAN3TIER                                  207       1       1       0   .abs_section_207
     _CAN3TXDLR                                 23C       1       1       0   .abs_section_23c
     _CAN3TXDSR0                                234       1       1       0   .abs_section_234
     _CAN3TXDSR1                                235       1       1       0   .abs_section_235
     _CAN3TXDSR2                                236       1       1       0   .abs_section_236
     _CAN3TXDSR3                                237       1       1       0   .abs_section_237
     _CAN3TXDSR4                                238       1       1       0   .abs_section_238
     _CAN3TXDSR5                                239       1       1       0   .abs_section_239
     _CAN3TXDSR6                                23A       1       1       0   .abs_section_23a
     _CAN3TXDSR7                                23B       1       1       0   .abs_section_23b
     _CAN3TXERR                                 20F       1       1       0   .abs_section_20f
     _CAN3TXIDR0                                230       1       1       0   .abs_section_230
     _CAN3TXIDR1                                231       1       1       0   .abs_section_231
     _CAN3TXIDR2                                232       1       1       0   .abs_section_232
     _CAN3TXIDR3                                233       1       1       0   .abs_section_233
     _CAN3TXTBPR                                23F       1       1       0   .abs_section_23f
     _CAN4BTR0                                  282       1       1       0   .abs_section_282
     _CAN4BTR1                                  283       1       1       0   .abs_section_283
     _CAN4CTL0                                  280       1       1       0   .abs_section_280
     _CAN4CTL1                                  281       1       1       0   .abs_section_281
     _CAN4IDAC                                  28B       1       1       0   .abs_section_28b
     _CAN4IDAR0                                 290       1       1       0   .abs_section_290
     _CAN4IDAR1                                 291       1       1       0   .abs_section_291
     _CAN4IDAR2                                 292       1       1       0   .abs_section_292
     _CAN4IDAR3                                 293       1       1       0   .abs_section_293
     _CAN4IDAR4                                 298       1       1       0   .abs_section_298
     _CAN4IDAR5                                 299       1       1       0   .abs_section_299
     _CAN4IDAR6                                 29A       1       1       0   .abs_section_29a
     _CAN4IDAR7                                 29B       1       1       0   .abs_section_29b
     _CAN4IDMR0                                 294       1       1       0   .abs_section_294
     _CAN4IDMR1                                 295       1       1       0   .abs_section_295
     _CAN4IDMR2                                 296       1       1       0   .abs_section_296
     _CAN4IDMR3                                 297       1       1       0   .abs_section_297
     _CAN4IDMR4                                 29C       1       1       0   .abs_section_29c
     _CAN4IDMR5                                 29D       1       1       0   .abs_section_29d
     _CAN4IDMR6                                 29E       1       1       0   .abs_section_29e
     _CAN4IDMR7                                 29F       1       1       0   .abs_section_29f
     _CAN4RFLG                                  284       1       1       0   .abs_section_284
     _CAN4RIER                                  285       1       1       0   .abs_section_285
     _CAN4RXDLR                                 2AC       1       1       0   .abs_section_2ac
     _CAN4RXDSR0                                2A4       1       1       0   .abs_section_2a4
     _CAN4RXDSR1                                2A5       1       1       0   .abs_section_2a5
     _CAN4RXDSR2                                2A6       1       1       0   .abs_section_2a6
     _CAN4RXDSR3                                2A7       1       1       0   .abs_section_2a7
     _CAN4RXDSR4                                2A8       1       1       0   .abs_section_2a8
     _CAN4RXDSR5                                2A9       1       1       0   .abs_section_2a9
     _CAN4RXDSR6                                2AA       1       1       0   .abs_section_2aa
     _CAN4RXDSR7                                2AB       1       1       0   .abs_section_2ab
     _CAN4RXERR                                 28E       1       1       0   .abs_section_28e
     _CAN4RXIDR0                                2A0       1       1       0   .abs_section_2a0
     _CAN4RXIDR1                                2A1       1       1       0   .abs_section_2a1
     _CAN4RXIDR2                                2A2       1       1       0   .abs_section_2a2
     _CAN4RXIDR3                                2A3       1       1       0   .abs_section_2a3
     _CAN4TAAK                                  289       1       1       0   .abs_section_289
     _CAN4TARQ                                  288       1       1       0   .abs_section_288
     _CAN4TBSEL                                 28A       1       1       0   .abs_section_28a
     _CAN4TFLG                                  286       1       1       0   .abs_section_286
     _CAN4TIER                                  287       1       1       0   .abs_section_287
     _CAN4TXDLR                                 2BC       1       1       0   .abs_section_2bc
     _CAN4TXDSR0                                2B4       1       1       0   .abs_section_2b4
     _CAN4TXDSR1                                2B5       1       1       0   .abs_section_2b5
     _CAN4TXDSR2                                2B6       1       1       0   .abs_section_2b6
     _CAN4TXDSR3                                2B7       1       1       0   .abs_section_2b7
     _CAN4TXDSR4                                2B8       1       1       0   .abs_section_2b8
     _CAN4TXDSR5                                2B9       1       1       0   .abs_section_2b9
     _CAN4TXDSR6                                2BA       1       1       0   .abs_section_2ba
     _CAN4TXDSR7                                2BB       1       1       0   .abs_section_2bb
     _CAN4TXERR                                 28F       1       1       0   .abs_section_28f
     _CAN4TXIDR0                                2B0       1       1       0   .abs_section_2b0
     _CAN4TXIDR1                                2B1       1       1       0   .abs_section_2b1
     _CAN4TXIDR2                                2B2       1       1       0   .abs_section_2b2
     _CAN4TXIDR3                                2B3       1       1       0   .abs_section_2b3
     _CAN4TXTBPR                                2BF       1       1       0   .abs_section_2bf
     _CFORC                                      41       1       1       0   .abs_section_41
     _CLKSEL                                     39       1       1       3   .abs_section_39
     _COPCTL                                     3C       1       1       0   .abs_section_3c
     _CRGFLG                                     37       1       1       1   .abs_section_37
     _CRGINT                                     38       1       1       0   .abs_section_38
     _CTCTL                                      3E       1       1       0   .abs_section_3e
     _CTFLG                                      36       1       1       0   .abs_section_36
     _DDRE                                        9       1       1       0   .abs_section_9
     _DDRH                                      262       1       1       0   .abs_section_262
     _DDRJ                                      26A       1       1       0   .abs_section_26a
     _DDRK                                       33       1       1       0   .abs_section_33
[...]
prvAllocateTCBAndStack    USES pvPortMalloc vPortFree memset 
prvDeleteTCB              USES vPortFree 
xQueueCreate              USES pvPortMalloc vListInitialise vPortFree 
xQueueSend                USES vTaskSuspendAll uxCriticalNesting xQueueSend 
                                prvIsQueueFull vTaskPlaceOnEventList prvUnlockQueue 
                                xTaskResumeAll memcpy 
xQueueSendFromISR         USES memcpy xTaskRemoveFromEventList 
xQueueReceive             USES vTaskSuspendAll uxCriticalNesting xQueueReceive 
                                prvIsQueueEmpty vTaskPlaceOnEventList prvUnlockQueue 
                                xTaskResumeAll memcpy 
xQueueReceiveFromISR      USES memcpy xTaskRemoveFromEventList 
uxQueueMessagesWaiting    USES uxCriticalNesting 
prvUnlockQueue            USES uxCriticalNesting xTaskRemoveFromEventList 
prvIsQueueEmpty           USES uxCriticalNesting 
prvIsQueueFull            USES uxCriticalNesting 
vListInitialise           USES vListInitialiseItem 
pvPortMalloc              USES vTaskSuspendAll xHeapHasBeenInitialised.1 xHeap 
                                xStart xEnd xTaskResumeAll 
vPortFree                 USES vTaskSuspendAll xStart xTaskResumeAll 
vStartLEDFlashTasks       USES vLEDFlashTask STRING.LEDx.1 xTaskCreate 
vLEDFlashTask             USES uxCriticalNesting uxFlashTaskNumber 
                                xTaskGetTickCount vTaskDelayUntil vParTestToggleLED 
vStartDynamicPriorityTasks USES xQueueCreate xSuspendedTestQueue 
                                vContinuousIncrementTask STRING.CNT_INC.1 ulCounter 
                                xContinousIncrementHandle xTaskCreate vLimitedIncrementTask 
                                STRING.LIM_INC.2 xLimitedIncrementHandle vCounterControlTask 
                                STRING.C_CTRL.3 vQueueSendWhenSuspendedTask STRING.SUSP_TX.4 
                                vQueueReceiveWhenSuspendedTask STRING.SUSP_RX.5 
vLimitedIncrementTask     USES _LINC _LCMP_P vTaskSuspend 
vContinuousIncrementTask  USES uxTaskPriorityGet vTaskPrioritySet _LINC 
vCounterControlTask       USES vCounterControlTask xContinousIncrementHandle 
                                vTaskSuspend ulCounter vTaskResume vTaskDelay 
                                vTaskSuspendAll xTaskResumeAll xLimitedIncrementHandle 
                                uxCriticalNesting usCheckVariable 
vQueueSendWhenSuspendedTask USES vTaskSuspendAll xSuspendedTestQueue 
                                ulValueToSend.6 xQueueSend xSuspendedQueueSendError 
                                xTaskResumeAll vTaskDelay _LINC 
vQueueReceiveWhenSuspendedTask USES vTaskSuspendAll xSuspendedTestQueue 
                                ulReceivedValue.8 xQueueReceive xTaskResumeAll 
                                xSuspendedQueueReceiveError ulExpectedValue.7 _LINC 
xAreDynamicPriorityTasksStillRunning USES usCheckVariable usLastTaskCheck.9 
                                xSuspendedQueueSendError xSuspendedQueueReceiveError 
vStartPolledQueueTasks    USES xQueueCreate xPolledQueue.1 
                                vPolledQueueConsumer STRING.QConsNB.2 xTaskCreate 
                                vPolledQueueProducer STRING.QProdNB.3 
vPolledQueueProducer      USES xQueueSend uxCriticalNesting 
                                xPollingProducerCount vTaskDelay 
vPolledQueueConsumer      USES xQueueReceive uxCriticalNesting 
                                xPollingConsumerCount uxQueueMessagesWaiting vTaskDelay 
xArePollingQueuesStillRunning USES xPollingConsumerCount xPollingProducerCount 
PE_Timer_LngHi1           USES _LCMP 
vAltStartComTestTasks     USES uxBaseLED xSerialPortInitMinimal vComTxTask 
                                STRING.COMTx.1 xTaskCreate vComRxTask STRING.COMRx.2 
vComTxTask                USES xPort xSerialPutChar uxBaseLED 
                                vParTestToggleLED vParTestSetLED xTaskGetTickCount vTaskDelay 
vComRxTask                USES xPort xSerialGetChar uxBaseLED 
                                vParTestToggleLED vParTestSetLED uxRxLoops 
xAreComTestTasksStillRunning USES uxRxLoops 
xPortStartScheduler       USES xBankedStartScheduler 
vStartIntegerMathTasks    USES vCompeteingIntMathTask STRING.IntMath.1 
                                xTaskCheck xTaskCreate 
vCompeteingIntMathTask    USES _LNEG _LDIVS _LCMP_P uxCriticalNesting 
xAreIntegerMathsTaskStillRunning USES xTaskCheck 
vStartBlockingQueueTasks  USES vStartBlockingQueueTasks xQueueCreate 
                                sBlockingConsumerCount sBlockingProducerCount vBlockingQueueConsumer 
                                STRING.QConsB1.1 xTaskCreate vBlockingQueueProducer 
                                STRING.QProdB2.2 STRING.QProdB3.3 STRING.QConsB4.4 
                                STRING.QProdB5.5 STRING.QConsB6.6 pvPortMalloc 
vBlockingQueueProducer    USES xQueueSend 
vBlockingQueueConsumer    USES xQueueReceive 
xAreBlockingQueuesStillRunning USES sLastBlockingConsumerCount.7 
                                sBlockingProducerCount sLastBlockingProducerCount.8 
                                sBlockingConsumerCount 
vCreateSuicidalTasks      USES pvPortMalloc vCreateTasks STRING.CREATOR.1 
                                xTaskCreate uxTaskGetNumberOfTasks uxTasksRunningAtStart 
vSuicidalTask             USES _LMUL vTaskDelay vTaskDelete 
vCreateTasks              USES vPortFree vTaskDelay vSuicidalTask 
                                STRING.SUICIDE1.2 xCreatedTask1 xTaskCreate STRING.SUICIDE2.3 
                                STRING.SUICIDE1.4 xCreatedTask2 STRING.SUICIDE2.5 
                                usCreationCount vCreateTasks 
xIsCreateTaskStillRunning USES usLastCreationCount.6 usCreationCount 
                                uxTaskGetNumberOfTasks uxTasksRunningNow.7 uxTasksRunningAtStart 
TickTimer_Enable          USES _TFLG1 _TIE 
TickTimer_SetFreqHz       USES _LDIVU PE_Timer_LngHi1 CmpHighVal _TC0 _TC7 
TickTimer_Init            USES CmpHighVal _TC0 _TC7 _TSCR2 _TFLG1 _TIE 
Byte1_PutBit              USES Byte1_Table _PORTAB 
Byte1_NegBit              USES Byte1_Table _PORTAB 
COM0_SetBaudRateMode      USES NumMode COM0_PrescHigh.1 PrescHigh _SCI0BD 
COM0_Init                 USES PrescHigh SerFlag NumMode _SCI0CR1 _SCI0SR2 
                                _SCI0SR1 _SCI0CR2 _SCI0BD 

*********************************************************************************************
DEPENDENCY TREE
*********************************************************************************************
 main and _Startup Group
 | 
 +- main                
 |  | 
 |  +- PE_low_level_init   
 |  |  | 
 |  |  +- TickTimer_Init      
 |  |  |    
 |  |  +- COM0_Init           
 |  |       
 |  +- vMain               
 |     | 
 |     +- vStartLEDFlashTasks 
 |     |  | 
 |     |  +- vLEDFlashTask       
 |     |  |  | 
 |     |  |  +- xTaskGetTickCount   
 |     |  |  |    
 |     |  |  +- vTaskDelayUntil     
 |     |  |  |  | 
 |     |  |  |  +- vTaskSuspendAll     
 |     |  |  |  |    
 |     |  |  |  +- vListRemove         
 |     |  |  |  |    
 |     |  |  |  +- vListInsert         
 |     |  |  |  |    
 |     |  |  |  +- xTaskResumeAll      
 |     |  |  |     | 
 |     |  |  |     +- vListRemove          (see above)
 |     |  |  |     |  
 |     |  |  |     +- vListInsertEnd      
 |     |  |  |     |    
 |     |  |  |     +- vTaskIncrementTick  
 |     |  |  |        | 
 |     |  |  |        +- vListRemove          (see above)
 |     |  |  |        |  
 |     |  |  |        +- vListInsertEnd       (see above)
 |     |  |  |           
 |     |  |  +- vParTestToggleLED   
 |     |  |     | 
 |     |  |     +- Byte1_NegBit        
 |     |  |          
 |     |  +- xTaskCreate         
 |     |     | 
 |     |     +- prvAllocateTCBAndStack
 |     |     |  | 
 |     |     |  +- pvPortMalloc        
 |     |     |  |  | 
 |     |     |  |  +- vTaskSuspendAll      (see above)
 |     |     |  |  |  
 |     |     |  |  +- xTaskResumeAll       (see above)
 |     |     |  |     
 |     |     |  +- vPortFree           
 |     |     |  |  | 
 |     |     |  |  +- vTaskSuspendAll      (see above)
 |     |     |  |  |  
 |     |     |  |  +- xTaskResumeAll       (see above)
 |     |     |  |     
 |     |     |  +- memset              
 |     |     |       
 |     |     +- prvInitialiseTCBVariables
 |     |     |  | 
 |     |     |  +- strncpy             
 |     |     |  |    
 |     |     |  +- vListInitialiseItem 
 |     |     |       
 |     |     +- pxPortInitialiseStack
 |     |     |    
 |     |     +- prvInitialiseTaskLists
 |     |     |  | 
 |     |     |  +- vListInitialise     
 |     |     |     | 
 |     |     |     +- vListInitialiseItem  (see above)
 |     |     |        
 |     |     +- vListInsertEnd       (see above)
 |     |        
 |     +- vStartPolledQueueTasks
 |     |  | 
 |     |  +- xQueueCreate        
 |     |  |  | 
 |     |  |  +- pvPortMalloc         (see above)
 |     |  |  |  
 |     |  |  +- vListInitialise      (see above)
 |     |  |  |  
 |     |  |  +- vPortFree            (see above)
 |     |  |     
 |     |  +- vPolledQueueConsumer
 |     |  |  | 
 |     |  |  +- xQueueReceive       
 |     |  |  |  | 
 |     |  |  |  +- vTaskSuspendAll      (see above)
 |     |  |  |  |  
 |     |  |  |  +- prvIsQueueEmpty     
 |     |  |  |  |    
 |     |  |  |  +- vTaskPlaceOnEventList
 |     |  |  |  |  | 
 |     |  |  |  |  +- vListInsert          (see above)
 |     |  |  |  |  |  
 |     |  |  |  |  +- vListRemove          (see above)
 |     |  |  |  |     
 |     |  |  |  +- prvUnlockQueue      
 |     |  |  |  |  | 
 |     |  |  |  |  +- xTaskRemoveFromEventList
 |     |  |  |  |     | 
 |     |  |  |  |     +- vListRemove          (see above)
 |     |  |  |  |     |  
 |     |  |  |  |     +- vListInsertEnd       (see above)
 |     |  |  |  |        
 |     |  |  |  +- xTaskResumeAll       (see above)
 |     |  |  |  |  
 |     |  |  |  +- memcpy              
 |     |  |  |       
 |     |  |  +- uxQueueMessagesWaiting
 |     |  |  |    
 |     |  |  +- vTaskDelay          
 |     |  |     | 
 |     |  |     +- vTaskSuspendAll      (see above)
 |     |  |     |  
 |     |  |     +- vListRemove          (see above)
 |     |  |     |  
 |     |  |     +- vListInsert          (see above)
 |     |  |     |  
 |     |  |     +- xTaskResumeAll       (see above)
 |     |  |        
 |     |  +- xTaskCreate          (see above)
 |     |  |  
 |     |  +- vPolledQueueProducer
 |     |     | 
 |     |     +- xQueueSend          
 |     |     |  | 
 |     |     |  +- vTaskSuspendAll      (see above)
 |     |     |  |  
 |     |     |  +- prvIsQueueFull      
 |     |     |  |    
 |     |     |  +- vTaskPlaceOnEventList (see above)
 |     |     |  |  
 |     |     |  +- prvUnlockQueue       (see above)
 |     |     |  |  
 |     |     |  +- xTaskResumeAll       (see above)
 |     |     |  |  
 |     |     |  +- memcpy               (see above)
 |     |     |     
 |     |     +- vTaskDelay           (see above)
 |     |        
 |     +- vStartDynamicPriorityTasks
 |     |  | 
 |     |  +- xQueueCreate         (see above)
 |     |  |  
 |     |  +- vContinuousIncrementTask
 |     |  |  | 
 |     |  |  +- uxTaskPriorityGet   
 |     |  |  |    
 |     |  |  +- vTaskPrioritySet    
 |     |  |  |  | 
 |     |  |  |  +- vListRemove          (see above)
 |     |  |  |  |  
 |     |  |  |  +- vListInsertEnd       (see above)
 |     |  |  |     
 |     |  |  +- _LINC               
 |     |  |       
 |     |  +- xTaskCreate          (see above)
 |     |  |  
 |     |  +- vLimitedIncrementTask
 |     |  |  | 
 |     |  |  +- _LINC                (see above)
 |     |  |  |  
 |     |  |  +- _LCMP_P             
 |     |  |  |    
 |     |  |  +- vTaskSuspend        
 |     |  |     | 
 |     |  |     +- vListRemove          (see above)
 |     |  |     |  
 |     |  |     +- vListInsertEnd       (see above)
 |     |  |        
 |     |  +- vCounterControlTask 
 |     |  |  | 
 |     |  |  +- vTaskSuspend         (see above)
 |     |  |  |  
 |     |  |  +- vTaskResume         
 |     |  |  |  | 
 |     |  |  |  +- vListRemove          (see above)
 |     |  |  |  |  
 |     |  |  |  +- vListInsertEnd       (see above)
 |     |  |  |     
 |     |  |  +- vTaskDelay           (see above)
 |     |  |  |  
 |     |  |  +- vTaskSuspendAll      (see above)
 |     |  |  |  
 |     |  |  +- xTaskResumeAll       (see above)
 |     |  |     
 |     |  +- vQueueSendWhenSuspendedTask
 |     |  |  | 
 |     |  |  +- vTaskSuspendAll      (see above)
 |     |  |  |  
 |     |  |  +- xQueueSend           (see above)
 |     |  |  |  
 |     |  |  +- xTaskResumeAll       (see above)
 |     |  |  |  
 |     |  |  +- vTaskDelay           (see above)
 |     |  |  |  
 |     |  |  +- _LINC                (see above)
 |     |  |     
 |     |  +- vQueueReceiveWhenSuspendedTask
 |     |     | 
 |     |     +- vTaskSuspendAll      (see above)
 |     |     |  
 |     |     +- xQueueReceive        (see above)
 |     |     |  
 |     |     +- xTaskResumeAll       (see above)
 |     |     |  
 |     |     +- _LINC                (see above)
 |     |        
 |     +- vAltStartComTestTasks
 |     |  | 
 |     |  +- xSerialPortInitMinimal
 |     |  |  | 
 |     |  |  +- xQueueCreate         (see above)
 |     |  |  |  
 |     |  |  +- COM0_SetBaudRateMode
 |     |  |       
 |     |  +- vComTxTask          
 |     |  |  | 
 |     |  |  +- xSerialPutChar      
 |     |  |  |  | 
 |     |  |  |  +- xQueueSend           (see above)
 |     |  |  |     
 |     |  |  +- vParTestToggleLED    (see above)
 |     |  |  |  
 |     |  |  +- vParTestSetLED      
 |     |  |  |  | 
 |     |  |  |  +- Byte1_PutBit        
 |     |  |  |       
 |     |  |  +- xTaskGetTickCount    (see above)
 |     |  |  |  
 |     |  |  +- vTaskDelay           (see above)
 |     |  |     
 |     |  +- xTaskCreate          (see above)
 |     |  |  
 |     |  +- vComRxTask          
 |     |     | 
 |     |     +- xSerialGetChar      
 |     |     |  | 
 |     |     |  +- xQueueReceive        (see above)
 |     |     |     
 |     |     +- vParTestToggleLED    (see above)
 |     |     |  
 |     |     +- vParTestSetLED       (see above)
 |     |        
 |     +- vStartBlockingQueueTasks
 |     |  | 
 |     |  +- xQueueCreate         (see above)
 |     |  |  
 |     |  +- vBlockingQueueConsumer
 |     |  |  | 
 |     |  |  +- xQueueReceive        (see above)
 |     |  |     
 |     |  +- xTaskCreate          (see above)
 |     |  |  
 |     |  +- vBlockingQueueProducer
 |     |  |  | 
 |     |  |  +- xQueueSend           (see above)
 |     |  |     
 |     |  +- pvPortMalloc         (see above)
 |     |     
 |     +- vStartIntegerMathTasks
 |     |  | 
 |     |  +- vCompeteingIntMathTask
 |     |  |  | 
 |     |  |  +- _LNEG               
 |     |  |  |    
 |     |  |  +- _LDIVS              
 |     |  |  |  | 
 |     |  |  |  +- _NEG_P              
 |     |  |  |  |    
 |     |  |  |  +- _lDivMod            
 |     |  |  |       
 |     |  |  +- _LCMP_P              (see above)
 |     |  |     
 |     |  +- xTaskCreate          (see above)
 |     |     
 |     +- vCreateSuicidalTasks
 |     |  | 
 |     |  +- pvPortMalloc         (see above)
 |     |  |  
 |     |  +- vCreateTasks        
 |     |  |  | 
 |     |  |  +- vPortFree            (see above)
 |     |  |  |  
 |     |  |  +- vTaskDelay           (see above)
 |     |  |  |  
 |     |  |  +- vSuicidalTask       
 |     |  |  |  | 
 |     |  |  |  +- _LMUL               
 |     |  |  |  |    
 |     |  |  |  +- vTaskDelay           (see above)
 |     |  |  |  |  
 |     |  |  |  +- vTaskDelete         
 |     |  |  |     | 
 |     |  |  |     +- vListRemove          (see above)
 |     |  |  |     |  
 |     |  |  |     +- vListInsertEnd       (see above)
 |     |  |  |        
 |     |  |  +- xTaskCreate          (see above)
 |     |  |     
 |     |  +- xTaskCreate          (see above)
 |     |  |  
 |     |  +- uxTaskGetNumberOfTasks
 |     |       
 |     +- vErrorChecks        
 |     |  | 
 |     |  +- xTaskGetTickCount    (see above)
 |     |  |  
 |     |  +- vTaskDelayUntil      (see above)
 |     |  |  
 |     |  +- prvCheckOtherTasksAreStillRunning
 |     |  |  | 
 |     |  |  +- xArePollingQueuesStillRunning
 |     |  |  |    
 |     |  |  +- xAreDynamicPriorityTasksStillRunning
 |     |  |  |    
 |     |  |  +- xAreComTestTasksStillRunning
 |     |  |  |    
 |     |  |  +- xAreIntegerMathsTaskStillRunning
 |     |  |  |    
 |     |  |  +- xAreBlockingQueuesStillRunning
 |     |  |  |    
 |     |  |  +- xIsCreateTaskStillRunning
 |     |  |     | 
 |     |  |     +- uxTaskGetNumberOfTasks (see above)
 |     |  |        
 |     |  +- _LCMP               
 |     |  |    
 |     |  +- vParTestToggleLED    (see above)
 |     |     
 |     +- xTaskCreate          (see above)
 |     |  
 |     +- vTaskStartScheduler 
 |        | 
 |        +- prvIdleTask         
 |        |  | 
 |        |  +- prvCheckTasksWaitingTermination
 |        |  |  | 
 |        |  |  +- vTaskSuspendAll      (see above)
 |        |  |  |  
 |        |  |  +- xTaskResumeAll       (see above)
 |        |  |  |  
 |        |  |  +- vListRemove          (see above)
 |        |  |  |  
 |        |  |  +- prvDeleteTCB        
 |        |  |     | 
 |        |  |     +- vPortFree            (see above)
 |        |  |        
 |        |  +- vApplicationIdleHook
 |        |     | 
 |        |     +- _LNEG                (see above)
 |        |     |  
 |        |     +- _LDIVS               (see above)
 |        |     |  
 |        |     +- _LCMP_P              (see above)
 |        |        
 |        +- xTaskCreate          (see above)
 |        |  
 |        +- xPortStartScheduler 
 |           | 
 |           +- xBankedStartScheduler
 |              | 
 |              +- TickTimer_SetFreqHz 
 |              |  | 
 |              |  +- _LDIVU              
 |              |  |  | 
 |              |  |  +- _lDivMod             (see above)
 |              |  |     
 |              |  +- PE_Timer_LngHi1     
 |              |     | 
 |              |     +- _LCMP                (see above)
 |              |        
 |              +- TickTimer_Enable    
 |                   
 +- _EntryPoint         
    | 
    +- _Startup            
       | 
       +- Init                
            
 _vect               
 | 
 +- Cpu_Interrupt       
 |    
 +- vCOM0_ISR           
 |  | 
 |  +- xQueueSendFromISR   
 |  |  | 
 |  |  +- memcpy               (see above)
 |  |  |  
 |  |  +- xTaskRemoveFromEventList (see above)
 |  |     
 |  +- xQueueReceiveFromISR
 |     | 
 |     +- memcpy               (see above)
 |     |  
 |     +- xTaskRemoveFromEventList (see above)
 |        
 +- vPortTickInterrupt  
 |  | 
 |  +- vTaskIncrementTick   (see above)
 |  |  
 |  +- vTaskSwitchContext  
 |       
 +- vPortYield          
 |  | 
 |  +- vTaskSwitchContext   (see above)
 |     
 +- _EntryPoint          (see above)
    
*********************************************************************************************
STATISTIC SECTION
---------------------------------------------------------------------------------------------

ExeFile:
--------
Number of blocks to be downloaded: 18
Total size of all blocks to be downloaded: 7636

