Archive member included to satisfy reference by file (symbol)

/Applications/gcc-arm-none-eabi-10.3-2021.10/bin/../lib/gcc/arm-none-eabi/10.3.1/../../../../arm-none-eabi/lib/thumb/v7-m/nofp/libg_nano.a(lib_a-fflush.o)
                              ./output/startup_gcc.o (fflush)
/Applications/gcc-arm-none-eabi-10.3-2021.10/bin/../lib/gcc/arm-none-eabi/10.3.1/../../../../arm-none-eabi/lib/thumb/v7-m/nofp/libg_nano.a(lib_a-findfp.o)
                              /Applications/gcc-arm-none-eabi-10.3-2021.10/bin/../lib/gcc/arm-none-eabi/10.3.1/../../../../arm-none-eabi/lib/thumb/v7-m/nofp/libg_nano.a(lib_a-fflush.o) (__sinit)
/Applications/gcc-arm-none-eabi-10.3-2021.10/bin/../lib/gcc/arm-none-eabi/10.3.1/../../../../arm-none-eabi/lib/thumb/v7-m/nofp/libg_nano.a(lib_a-fwalk.o)
                              /Applications/gcc-arm-none-eabi-10.3-2021.10/bin/../lib/gcc/arm-none-eabi/10.3.1/../../../../arm-none-eabi/lib/thumb/v7-m/nofp/libg_nano.a(lib_a-findfp.o) (_fwalk)
/Applications/gcc-arm-none-eabi-10.3-2021.10/bin/../lib/gcc/arm-none-eabi/10.3.1/../../../../arm-none-eabi/lib/thumb/v7-m/nofp/libg_nano.a(lib_a-impure.o)
                              /Applications/gcc-arm-none-eabi-10.3-2021.10/bin/../lib/gcc/arm-none-eabi/10.3.1/../../../../arm-none-eabi/lib/thumb/v7-m/nofp/libg_nano.a(lib_a-fflush.o) (_global_impure_ptr)
/Applications/gcc-arm-none-eabi-10.3-2021.10/bin/../lib/gcc/arm-none-eabi/10.3.1/../../../../arm-none-eabi/lib/thumb/v7-m/nofp/libg_nano.a(lib_a-lock.o)
                              /Applications/gcc-arm-none-eabi-10.3-2021.10/bin/../lib/gcc/arm-none-eabi/10.3.1/../../../../arm-none-eabi/lib/thumb/v7-m/nofp/libg_nano.a(lib_a-findfp.o) (__retarget_lock_init_recursive)
/Applications/gcc-arm-none-eabi-10.3-2021.10/bin/../lib/gcc/arm-none-eabi/10.3.1/../../../../arm-none-eabi/lib/thumb/v7-m/nofp/libg_nano.a(lib_a-memcmp.o)
                              ./output/MessageBufferDemo.o (memcmp)
/Applications/gcc-arm-none-eabi-10.3-2021.10/bin/../lib/gcc/arm-none-eabi/10.3.1/../../../../arm-none-eabi/lib/thumb/v7-m/nofp/libg_nano.a(lib_a-memcpy-stub.o)
                              ./output/queue.o (memcpy)
/Applications/gcc-arm-none-eabi-10.3-2021.10/bin/../lib/gcc/arm-none-eabi/10.3.1/../../../../arm-none-eabi/lib/thumb/v7-m/nofp/libg_nano.a(lib_a-memset.o)
                              ./output/tasks.o (memset)
/Applications/gcc-arm-none-eabi-10.3-2021.10/bin/../lib/gcc/arm-none-eabi/10.3.1/../../../../arm-none-eabi/lib/thumb/v7-m/nofp/libg_nano.a(lib_a-nano-freer.o)
                              /Applications/gcc-arm-none-eabi-10.3-2021.10/bin/../lib/gcc/arm-none-eabi/10.3.1/../../../../arm-none-eabi/lib/thumb/v7-m/nofp/libg_nano.a(lib_a-fflush.o) (_free_r)
/Applications/gcc-arm-none-eabi-10.3-2021.10/bin/../lib/gcc/arm-none-eabi/10.3.1/../../../../arm-none-eabi/lib/thumb/v7-m/nofp/libg_nano.a(lib_a-nano-mallocr.o)
                              /Applications/gcc-arm-none-eabi-10.3-2021.10/bin/../lib/gcc/arm-none-eabi/10.3.1/../../../../arm-none-eabi/lib/thumb/v7-m/nofp/libg_nano.a(lib_a-findfp.o) (_malloc_r)
/Applications/gcc-arm-none-eabi-10.3-2021.10/bin/../lib/gcc/arm-none-eabi/10.3.1/../../../../arm-none-eabi/lib/thumb/v7-m/nofp/libg_nano.a(lib_a-sbrkr.o)
                              /Applications/gcc-arm-none-eabi-10.3-2021.10/bin/../lib/gcc/arm-none-eabi/10.3.1/../../../../arm-none-eabi/lib/thumb/v7-m/nofp/libg_nano.a(lib_a-nano-mallocr.o) (_sbrk_r)
/Applications/gcc-arm-none-eabi-10.3-2021.10/bin/../lib/gcc/arm-none-eabi/10.3.1/../../../../arm-none-eabi/lib/thumb/v7-m/nofp/libg_nano.a(lib_a-stdio.o)
                              /Applications/gcc-arm-none-eabi-10.3-2021.10/bin/../lib/gcc/arm-none-eabi/10.3.1/../../../../arm-none-eabi/lib/thumb/v7-m/nofp/libg_nano.a(lib_a-findfp.o) (__sread)
/Applications/gcc-arm-none-eabi-10.3-2021.10/bin/../lib/gcc/arm-none-eabi/10.3.1/../../../../arm-none-eabi/lib/thumb/v7-m/nofp/libg_nano.a(lib_a-strcmp.o)
                              ./output/MessageBufferAMP.o (strcmp)
/Applications/gcc-arm-none-eabi-10.3-2021.10/bin/../lib/gcc/arm-none-eabi/10.3.1/../../../../arm-none-eabi/lib/thumb/v7-m/nofp/libg_nano.a(lib_a-strlen.o)
                              ./output/tasks.o (strlen)
/Applications/gcc-arm-none-eabi-10.3-2021.10/bin/../lib/gcc/arm-none-eabi/10.3.1/../../../../arm-none-eabi/lib/thumb/v7-m/nofp/libg_nano.a(lib_a-writer.o)
                              /Applications/gcc-arm-none-eabi-10.3-2021.10/bin/../lib/gcc/arm-none-eabi/10.3.1/../../../../arm-none-eabi/lib/thumb/v7-m/nofp/libg_nano.a(lib_a-stdio.o) (_write_r)
/Applications/gcc-arm-none-eabi-10.3-2021.10/bin/../lib/gcc/arm-none-eabi/10.3.1/../../../../arm-none-eabi/lib/thumb/v7-m/nofp/libg_nano.a(lib_a-closer.o)
                              /Applications/gcc-arm-none-eabi-10.3-2021.10/bin/../lib/gcc/arm-none-eabi/10.3.1/../../../../arm-none-eabi/lib/thumb/v7-m/nofp/libg_nano.a(lib_a-stdio.o) (_close_r)
[...]
Memory Configuration

Name             Origin             Length             Attributes
FLASH            0x0000000000000000 0x0000000000400000 xr
RAM              0x0000000020000000 0x0000000000400000 rw
*default*        0x0000000000000000 0xffffffffffffffff

Linker script and memory map

LOAD ./output/tasks.o
LOAD ./output/list.o
LOAD ./output/queue.o
LOAD ./output/timers.o
LOAD ./output/event_groups.o
LOAD ./output/stream_buffer.o
LOAD ./output/heap_4.o
LOAD ./output/port.o
LOAD ./output/AbortDelay.o
LOAD ./output/BlockQ.o
LOAD ./output/blocktim.o
LOAD ./output/countsem.o
LOAD ./output/death.o
LOAD ./output/dynamic.o
LOAD ./output/EventGroupsDemo.o
LOAD ./output/GenQTest.o
LOAD ./output/integer.o
LOAD ./output/IntQueue.o
LOAD ./output/IntQueueTimer.o
LOAD ./output/IntSemTest.o
LOAD ./output/MessageBufferAMP.o
LOAD ./output/MessageBufferDemo.o
LOAD ./output/PollQ.o
LOAD ./output/QPeek.o
LOAD ./output/QueueOverwrite.o
LOAD ./output/QueueSet.o
LOAD ./output/QueueSetPolling.o
LOAD ./output/recmutex.o
LOAD ./output/semtest.o
LOAD ./output/StaticAllocation.o
LOAD ./output/StreamBufferDemo.o
LOAD ./output/StreamBufferInterrupt.o
LOAD ./output/TaskNotify.o
LOAD ./output/TaskNotifyArray.o
LOAD ./output/TimerDemo.o
LOAD ./output/main.o
LOAD ./output/main_blinky.o
LOAD ./output/main_full.o
LOAD ./output/startup_gcc.o
LOAD ./output/printf-stdarg.o
                0x0000000000000008                _Min_Heap_Size = 0x8
                0x0000000000000400                _Min_Stack_Size = 0x400
                0x0000000020400000                _estack = (ORIGIN (RAM) + LENGTH (RAM))

.isr_vector     0x0000000000000000       0x78
                0x0000000000000000                __vector_table = .
 *(.isr_vector)
 .isr_vector    0x0000000000000000       0x78 ./output/startup_gcc.o
                0x0000000000000000                isr_vector
                0x0000000000000078                . = ALIGN (0x4)

.text           0x0000000000000078      0x280
 *(.text)
 *(.rodata*)
 .rodata        0x0000000000000078       0x25 ./output/tasks.o
 *fill*         0x000000000000009d        0x3 
 .rodata        0x00000000000000a0       0x1e ./output/queue.o
 *fill*         0x00000000000000be        0x2 
 .rodata        0x00000000000000c0       0x2d ./output/timers.o
 *fill*         0x00000000000000ed        0x3 
 .rodata        0x00000000000000f0       0x30 ./output/heap_4.o
 .rodata        0x0000000000000120       0x32 ./output/port.o
 *fill*         0x0000000000000152        0x2 
 .rodata        0x0000000000000154       0x8f ./output/main.o
 *fill*         0x00000000000001e3        0x1 
 .rodata        0x00000000000001e4       0x6d ./output/main_blinky.o
 *fill*         0x0000000000000251        0x3 
 .rodata        0x0000000000000254       0x36 ./output/startup_gcc.o
 *fill*         0x000000000000028a        0x2 
 .rodata        0x000000000000028c        0x7 ./output/printf-stdarg.o
 *fill*         0x0000000000000293        0x1 
 .rodata.__sf_fake_stderr
                0x0000000000000294       0x20 /Applications/gcc-arm-none-eabi-10.3-2021.10/bin/../lib/gcc/arm-none-eabi/10.3.1/../../../../arm-none-eabi/lib/thumb/v7-m/nofp/libg_nano.a(lib_a-findfp.o)
                0x0000000000000294                __sf_fake_stderr
 .rodata.__sf_fake_stdin
                0x00000000000002b4       0x20 /Applications/gcc-arm-none-eabi-10.3-2021.10/bin/../lib/gcc/arm-none-eabi/10.3.1/../../../../arm-none-eabi/lib/thumb/v7-m/nofp/libg_nano.a(lib_a-findfp.o)
                0x00000000000002b4                __sf_fake_stdin
 .rodata.__sf_fake_stdout
                0x00000000000002d4       0x20 /Applications/gcc-arm-none-eabi-10.3-2021.10/bin/../lib/gcc/arm-none-eabi/10.3.1/../../../../arm-none-eabi/lib/thumb/v7-m/nofp/libg_nano.a(lib_a-findfp.o)
                0x00000000000002d4                __sf_fake_stdout
 .rodata._global_impure_ptr
                0x00000000000002f4        0x4 /Applications/gcc-arm-none-eabi-10.3-2021.10/bin/../lib/gcc/arm-none-eabi/10.3.1/../../../../arm-none-eabi/lib/thumb/v7-m/nofp/libg_nano.a(lib_a-impure.o)
                0x00000000000002f4                _global_impure_ptr
 *(.constdata*)
                0x00000000000002f8                _etext = .
                0x00000000000002f8                _sidata = .

.glue_7         0x00000000000002f8        0x0
 .glue_7        0x00000000000002f8        0x0 linker stubs

.glue_7t        0x00000000000002f8        0x0
 .glue_7t       0x00000000000002f8        0x0 linker stubs

.vfp11_veneer   0x00000000000002f8        0x0
 .vfp11_veneer  0x00000000000002f8        0x0 linker stubs

.v4_bx          0x00000000000002f8        0x0
 .v4_bx         0x00000000000002f8        0x0 linker stubs

.text.xTaskCreateStatic
                0x00000000000002f8       0xa4
 .text.xTaskCreateStatic
                0x00000000000002f8       0xa4 ./output/tasks.o
                0x00000000000002f8                xTaskCreateStatic

.text.xTaskCreate
                0x000000000000039c       0x94
 .text.xTaskCreate
                0x000000000000039c       0x94 ./output/tasks.o
                0x000000000000039c                xTaskCreate

.text.prvInitialiseNewTask
                0x0000000000000430      0x108
 .text.prvInitialiseNewTask
                0x0000000000000430      0x108 ./output/tasks.o

.text.prvAddNewTaskToReadyList
                0x0000000000000538      0x124
 .text.prvAddNewTaskToReadyList
                0x0000000000000538      0x124 ./output/tasks.o

.text.xTaskDelayUntil
                0x000000000000065c       0xdc
 .text.xTaskDelayUntil
                0x000000000000065c       0xdc ./output/tasks.o
                0x000000000000065c                xTaskDelayUntil

.text.vTaskStartScheduler
                0x0000000000000738       0xd0
 .text.vTaskStartScheduler
                0x0000000000000738       0xd0 ./output/tasks.o
                0x0000000000000738                vTaskStartScheduler

.text.vTaskSuspendAll
                0x0000000000000808       0x1c
 .text.vTaskSuspendAll
                0x0000000000000808       0x1c ./output/tasks.o
                0x0000000000000808                vTaskSuspendAll

.text.xTaskResumeAll
                0x0000000000000824      0x1f0
 .text.xTaskResumeAll
                0x0000000000000824      0x1f0 ./output/tasks.o
                0x0000000000000824                xTaskResumeAll

.text.xTaskGetTickCount
                0x0000000000000a14       0x1c
 .text.xTaskGetTickCount
                0x0000000000000a14       0x1c ./output/tasks.o
                0x0000000000000a14                xTaskGetTickCount

.text.uxTaskGetNumberOfTasks
                0x0000000000000a30       0x14
 .text.uxTaskGetNumberOfTasks
                0x0000000000000a30       0x14 ./output/tasks.o
                0x0000000000000a30                uxTaskGetNumberOfTasks

.text.xTaskIncrementTick
                0x0000000000000a44      0x234
 .text.xTaskIncrementTick
                0x0000000000000a44      0x234 ./output/tasks.o
                0x0000000000000a44                xTaskIncrementTick

.text.vTaskSwitchContext
                0x0000000000000c78       0xf8
 .text.vTaskSwitchContext
                0x0000000000000c78       0xf8 ./output/tasks.o
                0x0000000000000c78                vTaskSwitchContext

.text.vTaskPlaceOnEventList
                0x0000000000000d70       0x40
 .text.vTaskPlaceOnEventList
                0x0000000000000d70       0x40 ./output/tasks.o
                0x0000000000000d70                vTaskPlaceOnEventList

.text.vTaskPlaceOnEventListRestricted
                0x0000000000000db0       0x84
 .text.vTaskPlaceOnEventListRestricted
                0x0000000000000db0       0x84 ./output/tasks.o
                0x0000000000000db0                vTaskPlaceOnEventListRestricted

.text.xTaskRemoveFromEventList
                0x0000000000000e34      0x1a0
 .text.xTaskRemoveFromEventList
                0x0000000000000e34      0x1a0 ./output/tasks.o
                0x0000000000000e34                xTaskRemoveFromEventList

.text.vTaskInternalSetTimeOutState
                0x0000000000000fd4       0x2c
 .text.vTaskInternalSetTimeOutState
                0x0000000000000fd4       0x2c ./output/tasks.o
                0x0000000000000fd4                vTaskInternalSetTimeOutState

.text.xTaskCheckForTimeOut
                0x0000000000001000       0xd8
 .text.xTaskCheckForTimeOut
                0x0000000000001000       0xd8 ./output/tasks.o
                0x0000000000001000                xTaskCheckForTimeOut

.text.vTaskMissedYield
                0x00000000000010d8       0x18
 .text.vTaskMissedYield
                0x00000000000010d8       0x18 ./output/tasks.o
                0x00000000000010d8                vTaskMissedYield

.text.prvIdleTask
                0x00000000000010f0        0xe
 .text.prvIdleTask
                0x00000000000010f0        0xe ./output/tasks.o

.text.prvInitialiseTaskLists
                0x0000000000001100       0x80
 .text.prvInitialiseTaskLists
                0x0000000000001100       0x80 ./output/tasks.o

.text.prvCheckTasksWaitingTermination
                0x0000000000001180       0x5c
 .text.prvCheckTasksWaitingTermination
                0x0000000000001180       0x5c ./output/tasks.o

.text.prvDeleteTCB
                0x00000000000011dc       0x58
 .text.prvDeleteTCB
                0x00000000000011dc       0x58 ./output/tasks.o

.text.prvResetNextTaskUnblockTime
                0x0000000000001234       0x34
 .text.prvResetNextTaskUnblockTime
                0x0000000000001234       0x34 ./output/tasks.o

.text.xTaskGetSchedulerState
                0x0000000000001268       0x3c
 .text.xTaskGetSchedulerState
                0x0000000000001268       0x3c ./output/tasks.o
                0x0000000000001268                xTaskGetSchedulerState

.text.xTaskPriorityDisinherit
                0x00000000000012a4      0x130
 .text.xTaskPriorityDisinherit
                0x00000000000012a4      0x130 ./output/tasks.o
                0x00000000000012a4                xTaskPriorityDisinherit

.text.prvAddCurrentTaskToDelayedList
                0x00000000000013d4      0x108
 .text.prvAddCurrentTaskToDelayedList
                0x00000000000013d4      0x108 ./output/tasks.o

.iplt           0x00000000000014dc        0x0
 .iplt          0x00000000000014dc        0x0 ./output/tasks.o

.text.vListInitialise
                0x00000000000014dc       0x3e
 .text.vListInitialise
                0x00000000000014dc       0x3e ./output/list.o
                0x00000000000014dc                vListInitialise

.text.vListInitialiseItem
                0x000000000000151a       0x18
 .text.vListInitialiseItem
                0x000000000000151a       0x18 ./output/list.o
                0x000000000000151a                vListInitialiseItem

.text.vListInsert
                0x0000000000001532       0x70
 .text.vListInsert
                0x0000000000001532       0x70 ./output/list.o
                0x0000000000001532                vListInsert

.text.uxListRemove
                0x00000000000015a2       0x52
 .text.uxListRemove
                0x00000000000015a2       0x52 ./output/list.o
                0x00000000000015a2                uxListRemove

.text.xQueueGenericReset
                0x00000000000015f4      0x10c
 .text.xQueueGenericReset
                0x00000000000015f4      0x10c ./output/queue.o
                0x00000000000015f4                xQueueGenericReset

.text.xQueueGenericCreateStatic
                0x0000000000001700       0x9c
 .text.xQueueGenericCreateStatic
                0x0000000000001700       0x9c ./output/queue.o
                0x0000000000001700                xQueueGenericCreateStatic

.text.xQueueGenericCreate
                0x000000000000179c       0x9c
 .text.xQueueGenericCreate
                0x000000000000179c       0x9c ./output/queue.o
                0x000000000000179c                xQueueGenericCreate

.text.prvInitialiseNewQueue
                0x0000000000001838       0x44
 .text.prvInitialiseNewQueue
                0x0000000000001838       0x44 ./output/queue.o

.text.xQueueGenericSend
                0x000000000000187c      0x208
 .text.xQueueGenericSend
                0x000000000000187c      0x208 ./output/queue.o
                0x000000000000187c                xQueueGenericSend

.text.xQueueGenericSendFromISR
                0x0000000000001a84      0x168
 .text.xQueueGenericSendFromISR
                0x0000000000001a84      0x168 ./output/queue.o
                0x0000000000001a84                xQueueGenericSendFromISR

.text.xQueueReceive
                0x0000000000001bec      0x1a0
 .text.xQueueReceive
                0x0000000000001bec      0x1a0 ./output/queue.o
                0x0000000000001bec                xQueueReceive

.text.xQueueReceiveFromISR
                0x0000000000001d8c      0x110
 .text.xQueueReceiveFromISR
                0x0000000000001d8c      0x110 ./output/queue.o
                0x0000000000001d8c                xQueueReceiveFromISR

.text.prvCopyDataToQueue
                0x0000000000001e9c       0xd4
 .text.prvCopyDataToQueue
                0x0000000000001e9c       0xd4 ./output/queue.o

.text.prvCopyDataFromQueue
                0x0000000000001f70       0x4c
 .text.prvCopyDataFromQueue
                0x0000000000001f70       0x4c ./output/queue.o

.text.prvUnlockQueue
                0x0000000000001fbc       0xbe
 .text.prvUnlockQueue
                0x0000000000001fbc       0xbe ./output/queue.o

.text.prvIsQueueEmpty
                0x000000000000207a       0x2c
 .text.prvIsQueueEmpty
                0x000000000000207a       0x2c ./output/queue.o

.text.prvIsQueueFull
                0x00000000000020a6       0x30
 .text.prvIsQueueFull
                0x00000000000020a6       0x30 ./output/queue.o

.text.xQueueIsQueueFullFromISR
                0x00000000000020d8       0x40
 .text.xQueueIsQueueFullFromISR
                0x00000000000020d8       0x40 ./output/queue.o
                0x00000000000020d8                xQueueIsQueueFullFromISR

.text.vQueueAddToRegistry
                0x0000000000002118       0x90
 .text.vQueueAddToRegistry
                0x0000000000002118       0x90 ./output/queue.o
                0x0000000000002118                vQueueAddToRegistry

.text.vQueueWaitForMessageRestricted
                0x00000000000021a8       0x68
 .text.vQueueWaitForMessageRestricted
                0x00000000000021a8       0x68 ./output/queue.o
                0x00000000000021a8                vQueueWaitForMessageRestricted

.text.prvNotifyQueueSetContainer
                0x0000000000002210       0xc0
 .text.prvNotifyQueueSetContainer
                0x0000000000002210       0xc0 ./output/queue.o

.text.xTimerCreateTimerTask
                0x00000000000022d0       0x88
 .text.xTimerCreateTimerTask
                0x00000000000022d0       0x88 ./output/timers.o
                0x00000000000022d0                xTimerCreateTimerTask

.text.xTimerCreate
                0x0000000000002358       0x42
 .text.xTimerCreate
                0x0000000000002358       0x42 ./output/timers.o
                0x0000000000002358                xTimerCreate

.text.prvInitialiseNewTimer
                0x000000000000239c       0x68
 .text.prvInitialiseNewTimer
                0x000000000000239c       0x68 ./output/timers.o

.text.xTimerGenericCommand
                0x0000000000002404       0x94
 .text.xTimerGenericCommand
                0x0000000000002404       0x94 ./output/timers.o
                0x0000000000002404                xTimerGenericCommand

.text.prvReloadTimer
                0x0000000000002498       0x42
 .text.prvReloadTimer
                0x0000000000002498       0x42 ./output/timers.o

.text.prvProcessExpiredTimer
                0x00000000000024dc       0x60
 .text.prvProcessExpiredTimer
                0x00000000000024dc       0x60 ./output/timers.o

.text.prvTimerTask
                0x000000000000253c       0x24
 .text.prvTimerTask
                0x000000000000253c       0x24 ./output/timers.o

.text.prvProcessTimerOrBlockTask
                0x0000000000002560       0x9c
 .text.prvProcessTimerOrBlockTask
                0x0000000000002560       0x9c ./output/timers.o

.text.prvGetNextExpireTime
                0x00000000000025fc       0x44
 .text.prvGetNextExpireTime
                0x00000000000025fc       0x44 ./output/timers.o

.text.prvSampleTimeNow
                0x0000000000002640       0x40
 .text.prvSampleTimeNow
                0x0000000000002640       0x40 ./output/timers.o

.text.prvInsertTimerInActiveList
                0x0000000000002680       0x84
 .text.prvInsertTimerInActiveList
                0x0000000000002680       0x84 ./output/timers.o

.text.prvProcessReceivedCommands
                0x0000000000002704      0x1a0
 .text.prvProcessReceivedCommands
                0x0000000000002704      0x1a0 ./output/timers.o

.text.prvSwitchTimerLists
                0x00000000000028a4       0x4c
 .text.prvSwitchTimerLists
                0x00000000000028a4       0x4c ./output/timers.o

.text.prvCheckForValidListAndQueue
                0x00000000000028f0       0x80
 .text.prvCheckForValidListAndQueue
                0x00000000000028f0       0x80 ./output/timers.o

.text.pvPortMalloc
                0x0000000000002970      0x168
 .text.pvPortMalloc
                0x0000000000002970      0x168 ./output/heap_4.o
                0x0000000000002970                pvPortMalloc

.text.vPortFree
                0x0000000000002ad8       0xa4
 .text.vPortFree
                0x0000000000002ad8       0xa4 ./output/heap_4.o
                0x0000000000002ad8                vPortFree

.text.prvHeapInit
                0x0000000000002b7c       0xb8
 .text.prvHeapInit
                0x0000000000002b7c       0xb8 ./output/heap_4.o

.text.prvInsertBlockIntoFreeList
                0x0000000000002c34       0xb0
 .text.prvInsertBlockIntoFreeList
                0x0000000000002c34       0xb0 ./output/heap_4.o

.text.pxPortInitialiseStack
                0x0000000000002ce4       0x58
 .text.pxPortInitialiseStack
                0x0000000000002ce4       0x58 ./output/port.o
                0x0000000000002ce4                pxPortInitialiseStack

.text.prvTaskExitError
                0x0000000000002d3c       0x4c
 .text.prvTaskExitError
                0x0000000000002d3c       0x4c ./output/port.o

.text.vPortSVCHandler
                0x0000000000002d90       0x28
 .text.vPortSVCHandler
                0x0000000000002d90       0x28 ./output/port.o
                0x0000000000002d90                vPortSVCHandler

.text.prvPortStartFirstTask
                0x0000000000002db8       0x24
 .text.prvPortStartFirstTask
                0x0000000000002db8       0x24 ./output/port.o

.text.xPortStartScheduler
                0x0000000000002ddc       0xc0
 .text.xPortStartScheduler
                0x0000000000002ddc       0xc0 ./output/port.o
                0x0000000000002ddc                xPortStartScheduler

.text.vPortEnterCritical
                0x0000000000002e9c       0x54
 .text.vPortEnterCritical
                0x0000000000002e9c       0x54 ./output/port.o
                0x0000000000002e9c                vPortEnterCritical

.text.vPortExitCritical
                0x0000000000002ef0       0x48
 .text.vPortExitCritical
                0x0000000000002ef0       0x48 ./output/port.o
                0x0000000000002ef0                vPortExitCritical

.text.xPortPendSVHandler
                0x0000000000002f40       0x48
 .text.xPortPendSVHandler
                0x0000000000002f40       0x48 ./output/port.o
                0x0000000000002f40                xPortPendSVHandler

.text.xPortSysTickHandler
                0x0000000000002f88       0x44
 .text.xPortSysTickHandler
                0x0000000000002f88       0x44 ./output/port.o
                0x0000000000002f88                xPortSysTickHandler

.text.vPortSetupTimerInterrupt
                0x0000000000002fcc       0x34
 .text.vPortSetupTimerInterrupt
                0x0000000000002fcc       0x34 ./output/port.o
                0x0000000000002fcc                vPortSetupTimerInterrupt

.text.vPortValidateInterruptPriority
                0x0000000000003000       0x68
 .text.vPortValidateInterruptPriority
                0x0000000000003000       0x68 ./output/port.o
                0x0000000000003000                vPortValidateInterruptPriority

.text.prvRecordValue_NormallyFull
                0x0000000000003068       0x3c
 .text.prvRecordValue_NormallyFull
                0x0000000000003068       0x3c ./output/IntQueue.o

.text.prvRecordValue_NormallyEmpty
                0x00000000000030a4       0x3c
 .text.prvRecordValue_NormallyEmpty
                0x00000000000030a4       0x3c ./output/IntQueue.o

.text.prvQueueAccessLogError
                0x00000000000030e0       0x28
 .text.prvQueueAccessLogError
                0x00000000000030e0       0x28 ./output/IntQueue.o

.text.xFirstTimerHandler
                0x0000000000003108      0x1b8
 .text.xFirstTimerHandler
                0x0000000000003108      0x1b8 ./output/IntQueue.o
                0x0000000000003108                xFirstTimerHandler

.text.xSecondTimerHandler
                0x00000000000032c0      0x290
 .text.xSecondTimerHandler
                0x00000000000032c0      0x290 ./output/IntQueue.o
                0x00000000000032c0                xSecondTimerHandler

.text.TIMER0_Handler
                0x0000000000003550       0x48
 .text.TIMER0_Handler
                0x0000000000003550       0x48 ./output/IntQueueTimer.o
                0x0000000000003550                TIMER0_Handler

.text.TIMER1_Handler
                0x0000000000003598       0x48
 .text.TIMER1_Handler
                0x0000000000003598       0x48 ./output/IntQueueTimer.o
                0x0000000000003598                TIMER1_Handler

.text.main      0x00000000000035e0       0x10
 .text.main     0x00000000000035e0       0x10 ./output/main.o
                0x00000000000035e0                main

.text.vApplicationMallocFailedHook
                0x00000000000035f0       0x28
 .text.vApplicationMallocFailedHook
                0x00000000000035f0       0x28 ./output/main.o
                0x00000000000035f0                vApplicationMallocFailedHook

.text.vApplicationStackOverflowHook
                0x0000000000003618       0x2c
 .text.vApplicationStackOverflowHook
                0x0000000000003618       0x2c ./output/main.o
                0x0000000000003618                vApplicationStackOverflowHook

.text.vApplicationTickHook
                0x0000000000003644        0xc
 .text.vApplicationTickHook
                0x0000000000003644        0xc ./output/main.o
                0x0000000000003644                vApplicationTickHook

.text.vAssertCalled
                0x0000000000003650       0x3c
 .text.vAssertCalled
                0x0000000000003650       0x3c ./output/main.o
                0x0000000000003650                vAssertCalled

.text.vApplicationGetIdleTaskMemory
                0x000000000000368c       0x30
 .text.vApplicationGetIdleTaskMemory
                0x000000000000368c       0x30 ./output/main.o
                0x000000000000368c                vApplicationGetIdleTaskMemory

.text.vApplicationGetTimerTaskMemory
                0x00000000000036bc       0x30
 .text.vApplicationGetTimerTaskMemory
                0x00000000000036bc       0x30 ./output/main.o
                0x00000000000036bc                vApplicationGetTimerTaskMemory

.text.prvUARTInit
                0x00000000000036ec       0x20
 .text.prvUARTInit
                0x00000000000036ec       0x20 ./output/main.o

.text.main_blinky
                0x000000000000370c       0xa0
 .text.main_blinky
                0x000000000000370c       0xa0 ./output/main_blinky.o
                0x000000000000370c                main_blinky

.text.prvQueueSendTask
                0x00000000000037ac       0x3c
 .text.prvQueueSendTask
                0x00000000000037ac       0x3c ./output/main_blinky.o

.text.prvQueueSendTimerCallback
                0x00000000000037e8       0x28
 .text.prvQueueSendTimerCallback
                0x00000000000037e8       0x28 ./output/main_blinky.o

.text.prvQueueReceiveTask
                0x0000000000003810       0x50
 .text.prvQueueReceiveTask
                0x0000000000003810       0x50 ./output/main_blinky.o

.text.Reset_Handler
                0x0000000000003860        0xc
 .text.Reset_Handler
                0x0000000000003860        0xc ./output/startup_gcc.o
                0x0000000000003860                Reset_Handler

.text.prvGetRegistersFromStack
                0x000000000000386c       0x84
 .text.prvGetRegistersFromStack
                0x000000000000386c       0x84 ./output/startup_gcc.o
                0x000000000000386c                prvGetRegistersFromStack

.text.Default_Handler
                0x0000000000003900       0x18
 .text.Default_Handler
                0x0000000000003900       0x18 ./output/startup_gcc.o

.text.HardFault_Handler
                0x0000000000003a00       0x1c
 .text.HardFault_Handler
                0x0000000000003a00       0x1c ./output/startup_gcc.o

.text.printchar
                0x0000000000003a1c       0x62
 .text.printchar
                0x0000000000003a1c       0x62 ./output/printf-stdarg.o

.text.prints    0x0000000000003a7e       0xb6
 .text.prints   0x0000000000003a7e       0xb6 ./output/printf-stdarg.o

.text.printi    0x0000000000003b34       0xe2
 .text.printi   0x0000000000003b34       0xe2 ./output/printf-stdarg.o

.text.tiny_print
                0x0000000000003c18      0x1fc
 .text.tiny_print
                0x0000000000003c18      0x1fc ./output/printf-stdarg.o

.text.printf    0x0000000000003e14       0x2a
 .text.printf   0x0000000000003e14       0x2a ./output/printf-stdarg.o
                0x0000000000003e14                printf

.text.__sflush_r
                0x0000000000003e40      0x104
 .text.__sflush_r
                0x0000000000003e40      0x104 /Applications/gcc-arm-none-eabi-10.3-2021.10/bin/../lib/gcc/arm-none-eabi/10.3.1/../../../../arm-none-eabi/lib/thumb/v7-m/nofp/libg_nano.a(lib_a-fflush.o)
                0x0000000000003e40                __sflush_r

.text._fflush_r
                0x0000000000003f44       0x78
 .text._fflush_r
                0x0000000000003f44       0x78 /Applications/gcc-arm-none-eabi-10.3-2021.10/bin/../lib/gcc/arm-none-eabi/10.3.1/../../../../arm-none-eabi/lib/thumb/v7-m/nofp/libg_nano.a(lib_a-fflush.o)
                0x0000000000003f44                _fflush_r

.text.fflush    0x0000000000003fbc       0x24
 .text.fflush   0x0000000000003fbc       0x24 /Applications/gcc-arm-none-eabi-10.3-2021.10/bin/../lib/gcc/arm-none-eabi/10.3.1/../../../../arm-none-eabi/lib/thumb/v7-m/nofp/libg_nano.a(lib_a-fflush.o)
                0x0000000000003fbc                fflush

.text.std       0x0000000000003fe0       0x48
 .text.std      0x0000000000003fe0       0x48 /Applications/gcc-arm-none-eabi-10.3-2021.10/bin/../lib/gcc/arm-none-eabi/10.3.1/../../../../arm-none-eabi/lib/thumb/v7-m/nofp/libg_nano.a(lib_a-findfp.o)

.text._cleanup_r
                0x0000000000004028        0xc
 .text._cleanup_r
                0x0000000000004028        0xc /Applications/gcc-arm-none-eabi-10.3-2021.10/bin/../lib/gcc/arm-none-eabi/10.3.1/../../../../arm-none-eabi/lib/thumb/v7-m/nofp/libg_nano.a(lib_a-findfp.o)
                0x0000000000004028                _cleanup_r

.text.__sfmoreglue
                0x0000000000004034       0x2c
 .text.__sfmoreglue
                0x0000000000004034       0x2c /Applications/gcc-arm-none-eabi-10.3-2021.10/bin/../lib/gcc/arm-none-eabi/10.3.1/../../../../arm-none-eabi/lib/thumb/v7-m/nofp/libg_nano.a(lib_a-findfp.o)
                0x0000000000004034                __sfmoreglue

.text.__sfp_lock_acquire
                0x0000000000004060        0xc
 .text.__sfp_lock_acquire
                0x0000000000004060        0xc /Applications/gcc-arm-none-eabi-10.3-2021.10/bin/../lib/gcc/arm-none-eabi/10.3.1/../../../../arm-none-eabi/lib/thumb/v7-m/nofp/libg_nano.a(lib_a-findfp.o)
                0x0000000000004060                __sfp_lock_acquire

.text.__sfp_lock_release
                0x000000000000406c        0xc
 .text.__sfp_lock_release
                0x000000000000406c        0xc /Applications/gcc-arm-none-eabi-10.3-2021.10/bin/../lib/gcc/arm-none-eabi/10.3.1/../../../../arm-none-eabi/lib/thumb/v7-m/nofp/libg_nano.a(lib_a-findfp.o)
                0x000000000000406c                __sfp_lock_release

.text.__sinit_lock_acquire
                0x0000000000004078        0xc
 .text.__sinit_lock_acquire
                0x0000000000004078        0xc /Applications/gcc-arm-none-eabi-10.3-2021.10/bin/../lib/gcc/arm-none-eabi/10.3.1/../../../../arm-none-eabi/lib/thumb/v7-m/nofp/libg_nano.a(lib_a-findfp.o)
                0x0000000000004078                __sinit_lock_acquire

.text.__sinit_lock_release
                0x0000000000004084        0xc
 .text.__sinit_lock_release
                0x0000000000004084        0xc /Applications/gcc-arm-none-eabi-10.3-2021.10/bin/../lib/gcc/arm-none-eabi/10.3.1/../../../../arm-none-eabi/lib/thumb/v7-m/nofp/libg_nano.a(lib_a-findfp.o)
                0x0000000000004084                __sinit_lock_release

.text.__sinit   0x0000000000004090       0x70
 .text.__sinit  0x0000000000004090       0x70 /Applications/gcc-arm-none-eabi-10.3-2021.10/bin/../lib/gcc/arm-none-eabi/10.3.1/../../../../arm-none-eabi/lib/thumb/v7-m/nofp/libg_nano.a(lib_a-findfp.o)
                0x0000000000004090                __sinit

.text.__sfp     0x0000000000004100       0x8c
 .text.__sfp    0x0000000000004100       0x8c /Applications/gcc-arm-none-eabi-10.3-2021.10/bin/../lib/gcc/arm-none-eabi/10.3.1/../../../../arm-none-eabi/lib/thumb/v7-m/nofp/libg_nano.a(lib_a-findfp.o)
                0x0000000000004100                __sfp

.text._fwalk_reent
                0x000000000000418c       0x3e
 .text._fwalk_reent
                0x000000000000418c       0x3e /Applications/gcc-arm-none-eabi-10.3-2021.10/bin/../lib/gcc/arm-none-eabi/10.3.1/../../../../arm-none-eabi/lib/thumb/v7-m/nofp/libg_nano.a(lib_a-fwalk.o)
                0x000000000000418c                _fwalk_reent

.text.__retarget_lock_init_recursive
                0x00000000000041ca        0x2
 .text.__retarget_lock_init_recursive
                0x00000000000041ca        0x2 /Applications/gcc-arm-none-eabi-10.3-2021.10/bin/../lib/gcc/arm-none-eabi/10.3.1/../../../../arm-none-eabi/lib/thumb/v7-m/nofp/libg_nano.a(lib_a-lock.o)
                0x00000000000041ca                __retarget_lock_init_recursive

.text.__retarget_lock_acquire_recursive
                0x00000000000041cc        0x2
 .text.__retarget_lock_acquire_recursive
                0x00000000000041cc        0x2 /Applications/gcc-arm-none-eabi-10.3-2021.10/bin/../lib/gcc/arm-none-eabi/10.3.1/../../../../arm-none-eabi/lib/thumb/v7-m/nofp/libg_nano.a(lib_a-lock.o)
                0x00000000000041cc                __retarget_lock_acquire_recursive

.text.__retarget_lock_release_recursive
                0x00000000000041ce        0x2
 .text.__retarget_lock_release_recursive
                0x00000000000041ce        0x2 /Applications/gcc-arm-none-eabi-10.3-2021.10/bin/../lib/gcc/arm-none-eabi/10.3.1/../../../../arm-none-eabi/lib/thumb/v7-m/nofp/libg_nano.a(lib_a-lock.o)
                0x00000000000041ce                __retarget_lock_release_recursive

.text.memcpy    0x00000000000041d0       0x1c
 .text.memcpy   0x00000000000041d0       0x1c /Applications/gcc-arm-none-eabi-10.3-2021.10/bin/../lib/gcc/arm-none-eabi/10.3.1/../../../../arm-none-eabi/lib/thumb/v7-m/nofp/libg_nano.a(lib_a-memcpy-stub.o)
                0x00000000000041d0                memcpy

.text.memset    0x00000000000041ec       0x10
 .text.memset   0x00000000000041ec       0x10 /Applications/gcc-arm-none-eabi-10.3-2021.10/bin/../lib/gcc/arm-none-eabi/10.3.1/../../../../arm-none-eabi/lib/thumb/v7-m/nofp/libg_nano.a(lib_a-memset.o)
                0x00000000000041ec                memset

.text._free_r   0x00000000000041fc       0x90
 .text._free_r  0x00000000000041fc       0x90 /Applications/gcc-arm-none-eabi-10.3-2021.10/bin/../lib/gcc/arm-none-eabi/10.3.1/../../../../arm-none-eabi/lib/thumb/v7-m/nofp/libg_nano.a(lib_a-nano-freer.o)
                0x00000000000041fc                _free_r

.text.sbrk_aligned
                0x000000000000428c       0x40
 .text.sbrk_aligned
                0x000000000000428c       0x40 /Applications/gcc-arm-none-eabi-10.3-2021.10/bin/../lib/gcc/arm-none-eabi/10.3.1/../../../../arm-none-eabi/lib/thumb/v7-m/nofp/libg_nano.a(lib_a-nano-mallocr.o)

.text._malloc_r
                0x00000000000042cc       0xe8
 .text._malloc_r
                0x00000000000042cc       0xe8 /Applications/gcc-arm-none-eabi-10.3-2021.10/bin/../lib/gcc/arm-none-eabi/10.3.1/../../../../arm-none-eabi/lib/thumb/v7-m/nofp/libg_nano.a(lib_a-nano-mallocr.o)
                0x00000000000042cc                _malloc_r

.text._sbrk_r   0x00000000000043b4       0x20
 .text._sbrk_r  0x00000000000043b4       0x20 /Applications/gcc-arm-none-eabi-10.3-2021.10/bin/../lib/gcc/arm-none-eabi/10.3.1/../../../../arm-none-eabi/lib/thumb/v7-m/nofp/libg_nano.a(lib_a-sbrkr.o)
                0x00000000000043b4                _sbrk_r

.text.__sread   0x00000000000043d4       0x22
 .text.__sread  0x00000000000043d4       0x22 /Applications/gcc-arm-none-eabi-10.3-2021.10/bin/../lib/gcc/arm-none-eabi/10.3.1/../../../../arm-none-eabi/lib/thumb/v7-m/nofp/libg_nano.a(lib_a-stdio.o)
                0x00000000000043d4                __sread

.text.__swrite  0x00000000000043f6       0x38
 .text.__swrite
                0x00000000000043f6       0x38 /Applications/gcc-arm-none-eabi-10.3-2021.10/bin/../lib/gcc/arm-none-eabi/10.3.1/../../../../arm-none-eabi/lib/thumb/v7-m/nofp/libg_nano.a(lib_a-stdio.o)
                0x00000000000043f6                __swrite

.text.__sseek   0x000000000000442e       0x24
 .text.__sseek  0x000000000000442e       0x24 /Applications/gcc-arm-none-eabi-10.3-2021.10/bin/../lib/gcc/arm-none-eabi/10.3.1/../../../../arm-none-eabi/lib/thumb/v7-m/nofp/libg_nano.a(lib_a-stdio.o)
                0x000000000000442e                __sseek

.text.__sclose  0x0000000000004452        0x8
 .text.__sclose
                0x0000000000004452        0x8 /Applications/gcc-arm-none-eabi-10.3-2021.10/bin/../lib/gcc/arm-none-eabi/10.3.1/../../../../arm-none-eabi/lib/thumb/v7-m/nofp/libg_nano.a(lib_a-stdio.o)
                0x0000000000004452                __sclose

.text._write_r  0x000000000000445c       0x24
 .text._write_r
                0x000000000000445c       0x24 /Applications/gcc-arm-none-eabi-10.3-2021.10/bin/../lib/gcc/arm-none-eabi/10.3.1/../../../../arm-none-eabi/lib/thumb/v7-m/nofp/libg_nano.a(lib_a-writer.o)
                0x000000000000445c                _write_r

.text._close_r  0x0000000000004480       0x20
 .text._close_r
                0x0000000000004480       0x20 /Applications/gcc-arm-none-eabi-10.3-2021.10/bin/../lib/gcc/arm-none-eabi/10.3.1/../../../../arm-none-eabi/lib/thumb/v7-m/nofp/libg_nano.a(lib_a-closer.o)
                0x0000000000004480                _close_r

.text._lseek_r  0x00000000000044a0       0x24
 .text._lseek_r
                0x00000000000044a0       0x24 /Applications/gcc-arm-none-eabi-10.3-2021.10/bin/../lib/gcc/arm-none-eabi/10.3.1/../../../../arm-none-eabi/lib/thumb/v7-m/nofp/libg_nano.a(lib_a-lseekr.o)
                0x00000000000044a0                _lseek_r

.text.__malloc_lock
                0x00000000000044c4        0xc
 .text.__malloc_lock
                0x00000000000044c4        0xc /Applications/gcc-arm-none-eabi-10.3-2021.10/bin/../lib/gcc/arm-none-eabi/10.3.1/../../../../arm-none-eabi/lib/thumb/v7-m/nofp/libg_nano.a(lib_a-mlock.o)
                0x00000000000044c4                __malloc_lock

.text.__malloc_unlock
                0x00000000000044d0        0xc
 .text.__malloc_unlock
                0x00000000000044d0        0xc /Applications/gcc-arm-none-eabi-10.3-2021.10/bin/../lib/gcc/arm-none-eabi/10.3.1/../../../../arm-none-eabi/lib/thumb/v7-m/nofp/libg_nano.a(lib_a-mlock.o)
                0x00000000000044d0                __malloc_unlock

.text._read_r   0x00000000000044dc       0x24
 .text._read_r  0x00000000000044dc       0x24 /Applications/gcc-arm-none-eabi-10.3-2021.10/bin/../lib/gcc/arm-none-eabi/10.3.1/../../../../arm-none-eabi/lib/thumb/v7-m/nofp/libg_nano.a(lib_a-readr.o)
                0x00000000000044dc                _read_r

.text.findslot  0x0000000000004500       0x34
 .text.findslot
                0x0000000000004500       0x34 /Applications/gcc-arm-none-eabi-10.3-2021.10/bin/../lib/gcc/arm-none-eabi/10.3.1/../../../../arm-none-eabi/lib/thumb/v7-m/nofp/librdimon_nano.a(rdimon-syscalls.o)

.text.error     0x0000000000004534       0x1c
 .text.error    0x0000000000004534       0x1c /Applications/gcc-arm-none-eabi-10.3-2021.10/bin/../lib/gcc/arm-none-eabi/10.3.1/../../../../arm-none-eabi/lib/thumb/v7-m/nofp/librdimon_nano.a(rdimon-syscalls.o)

.text.checkerror
                0x0000000000004550        0xa
 .text.checkerror
                0x0000000000004550        0xa /Applications/gcc-arm-none-eabi-10.3-2021.10/bin/../lib/gcc/arm-none-eabi/10.3.1/../../../../arm-none-eabi/lib/thumb/v7-m/nofp/librdimon_nano.a(rdimon-syscalls.o)

.text._swiread  0x000000000000455a       0x20
 .text._swiread
                0x000000000000455a       0x20 /Applications/gcc-arm-none-eabi-10.3-2021.10/bin/../lib/gcc/arm-none-eabi/10.3.1/../../../../arm-none-eabi/lib/thumb/v7-m/nofp/librdimon_nano.a(rdimon-syscalls.o)
                0x000000000000455a                _swiread

.text._read     0x000000000000457a       0x34
 .text._read    0x000000000000457a       0x34 /Applications/gcc-arm-none-eabi-10.3-2021.10/bin/../lib/gcc/arm-none-eabi/10.3.1/../../../../arm-none-eabi/lib/thumb/v7-m/nofp/librdimon_nano.a(rdimon-syscalls.o)
                0x000000000000457a                _read

.text._swilseek
                0x00000000000045ae       0x78
 .text._swilseek
                0x00000000000045ae       0x78 /Applications/gcc-arm-none-eabi-10.3-2021.10/bin/../lib/gcc/arm-none-eabi/10.3.1/../../../../arm-none-eabi/lib/thumb/v7-m/nofp/librdimon_nano.a(rdimon-syscalls.o)
                0x00000000000045ae                _swilseek

.text._lseek    0x0000000000004626        0x4
 .text._lseek   0x0000000000004626        0x4 /Applications/gcc-arm-none-eabi-10.3-2021.10/bin/../lib/gcc/arm-none-eabi/10.3.1/../../../../arm-none-eabi/lib/thumb/v7-m/nofp/librdimon_nano.a(rdimon-syscalls.o)
                0x0000000000004626                _lseek

.text._swiwrite
                0x000000000000462a       0x20
 .text._swiwrite
                0x000000000000462a       0x20 /Applications/gcc-arm-none-eabi-10.3-2021.10/bin/../lib/gcc/arm-none-eabi/10.3.1/../../../../arm-none-eabi/lib/thumb/v7-m/nofp/librdimon_nano.a(rdimon-syscalls.o)
                0x000000000000462a                _swiwrite

.text._write    0x000000000000464a       0x40
 .text._write   0x000000000000464a       0x40 /Applications/gcc-arm-none-eabi-10.3-2021.10/bin/../lib/gcc/arm-none-eabi/10.3.1/../../../../arm-none-eabi/lib/thumb/v7-m/nofp/librdimon_nano.a(rdimon-syscalls.o)
                0x000000000000464a                _write

.text._swiclose
                0x000000000000468a       0x1a
 .text._swiclose
                0x000000000000468a       0x1a /Applications/gcc-arm-none-eabi-10.3-2021.10/bin/../lib/gcc/arm-none-eabi/10.3.1/../../../../arm-none-eabi/lib/thumb/v7-m/nofp/librdimon_nano.a(rdimon-syscalls.o)
                0x000000000000468a                _swiclose

.text._close    0x00000000000046a4       0x4c
 .text._close   0x00000000000046a4       0x4c /Applications/gcc-arm-none-eabi-10.3-2021.10/bin/../lib/gcc/arm-none-eabi/10.3.1/../../../../arm-none-eabi/lib/thumb/v7-m/nofp/librdimon_nano.a(rdimon-syscalls.o)
                0x00000000000046a4                _close

.text._sbrk     0x00000000000046f0       0x48
 .text._sbrk    0x00000000000046f0       0x48 /Applications/gcc-arm-none-eabi-10.3-2021.10/bin/../lib/gcc/arm-none-eabi/10.3.1/../../../../arm-none-eabi/lib/thumb/v7-m/nofp/librdimon_nano.a(rdimon-syscalls.o)
                0x00000000000046f0                _sbrk

.text.__errno   0x0000000000004738        0xc
 .text.__errno  0x0000000000004738        0xc /Applications/gcc-arm-none-eabi-10.3-2021.10/bin/../lib/gcc/arm-none-eabi/10.3.1/../../../../arm-none-eabi/lib/thumb/v7-m/nofp/libc_nano.a(lib_a-errno.o)
                0x0000000000004738                __errno

.rel.dyn        0x0000000000004744        0x0
 .rel.iplt      0x0000000000004744        0x0 ./output/tasks.o

.data           0x0000000020000000        0x0
                0x0000000020000000                . = ALIGN (0x8)
                0x0000000020000000                _data = .
                0x0000000020000000                _sdata = .
 *(vtable)
 *(.data)
                0x0000000020000000                _edata = .

.data.uxTopUsedPriority
                0x0000000020000000        0x4
 .data.uxTopUsedPriority
                0x0000000020000000        0x4 ./output/tasks.o
                0x0000000020000000                uxTopUsedPriority

.igot.plt       0x0000000020000004        0x0
 .igot.plt      0x0000000020000004        0x0 ./output/tasks.o

.data.uxCriticalNesting
                0x0000000020000004        0x4
 .data.uxCriticalNesting
                0x0000000020000004        0x4 ./output/port.o

.data.xErrorStatus
                0x0000000020000008        0x4
 .data.xErrorStatus
                0x0000000020000008        0x4 ./output/IntQueue.o

.data._impure_ptr
                0x000000002000000c        0x4
 .data._impure_ptr
                0x000000002000000c        0x4 /Applications/gcc-arm-none-eabi-10.3-2021.10/bin/../lib/gcc/arm-none-eabi/10.3.1/../../../../arm-none-eabi/lib/thumb/v7-m/nofp/libg_nano.a(lib_a-impure.o)
                0x000000002000000c                _impure_ptr

.data.impure_data
                0x0000000020000010       0x60
 .data.impure_data
                0x0000000020000010       0x60 /Applications/gcc-arm-none-eabi-10.3-2021.10/bin/../lib/gcc/arm-none-eabi/10.3.1/../../../../arm-none-eabi/lib/thumb/v7-m/nofp/libg_nano.a(lib_a-impure.o)

.data.__heap_limit
                0x0000000020000070        0x4
 .data.__heap_limit
                0x0000000020000070        0x4 /Applications/gcc-arm-none-eabi-10.3-2021.10/bin/../lib/gcc/arm-none-eabi/10.3.1/../../../../arm-none-eabi/lib/thumb/v7-m/nofp/librdimon_nano.a(rdimon-syscalls.o)
                0x0000000020000070                __heap_limit

.bss            0x0000000020000074        0x4
                0x0000000020000078                . = ALIGN (0x8)
 *fill*         0x0000000020000074        0x4 
                0x0000000020000078                _bss = .
                0x0000000020000078                _sbss = .
 *(.bss)
                0x0000000020000078                _ebss = .

.bss.pxCurrentTCB
                0x0000000020000078        0x4
 .bss.pxCurrentTCB
                0x0000000020000078        0x4 ./output/tasks.o
                0x0000000020000078                pxCurrentTCB

.bss.pxReadyTasksLists
                0x000000002000007c       0xb4
 .bss.pxReadyTasksLists
                0x000000002000007c       0xb4 ./output/tasks.o

.bss.xDelayedTaskList1
                0x0000000020000130       0x14
 .bss.xDelayedTaskList1
                0x0000000020000130       0x14 ./output/tasks.o

.bss.xDelayedTaskList2
                0x0000000020000144       0x14
 .bss.xDelayedTaskList2
                0x0000000020000144       0x14 ./output/tasks.o

.bss.pxDelayedTaskList
                0x0000000020000158        0x4
 .bss.pxDelayedTaskList
                0x0000000020000158        0x4 ./output/tasks.o

.bss.pxOverflowDelayedTaskList
                0x000000002000015c        0x4
 .bss.pxOverflowDelayedTaskList
                0x000000002000015c        0x4 ./output/tasks.o

.bss.xPendingReadyList
                0x0000000020000160       0x14
 .bss.xPendingReadyList
                0x0000000020000160       0x14 ./output/tasks.o

.bss.xTasksWaitingTermination
                0x0000000020000174       0x14
 .bss.xTasksWaitingTermination
                0x0000000020000174       0x14 ./output/tasks.o

.bss.uxDeletedTasksWaitingCleanUp
                0x0000000020000188        0x4
 .bss.uxDeletedTasksWaitingCleanUp
                0x0000000020000188        0x4 ./output/tasks.o

.bss.xSuspendedTaskList
                0x000000002000018c       0x14
 .bss.xSuspendedTaskList
                0x000000002000018c       0x14 ./output/tasks.o

.bss.uxCurrentNumberOfTasks
                0x00000000200001a0        0x4
 .bss.uxCurrentNumberOfTasks
                0x00000000200001a0        0x4 ./output/tasks.o

.bss.xTickCount
                0x00000000200001a4        0x4
 .bss.xTickCount
                0x00000000200001a4        0x4 ./output/tasks.o

.bss.uxTopReadyPriority
                0x00000000200001a8        0x4
 .bss.uxTopReadyPriority
                0x00000000200001a8        0x4 ./output/tasks.o

.bss.xSchedulerRunning
                0x00000000200001ac        0x4
 .bss.xSchedulerRunning
                0x00000000200001ac        0x4 ./output/tasks.o

.bss.xPendedTicks
                0x00000000200001b0        0x4
 .bss.xPendedTicks
                0x00000000200001b0        0x4 ./output/tasks.o

.bss.xYieldPending
                0x00000000200001b4        0x4
 .bss.xYieldPending
                0x00000000200001b4        0x4 ./output/tasks.o

.bss.xNumOfOverflows
                0x00000000200001b8        0x4
 .bss.xNumOfOverflows
                0x00000000200001b8        0x4 ./output/tasks.o

.bss.uxTaskNumber
                0x00000000200001bc        0x4
 .bss.uxTaskNumber
                0x00000000200001bc        0x4 ./output/tasks.o

.bss.xNextTaskUnblockTime
                0x00000000200001c0        0x4
 .bss.xNextTaskUnblockTime
                0x00000000200001c0        0x4 ./output/tasks.o

.bss.xIdleTaskHandle
                0x00000000200001c4        0x4
 .bss.xIdleTaskHandle
                0x00000000200001c4        0x4 ./output/tasks.o

.bss.uxSchedulerSuspended
                0x00000000200001c8        0x4
 .bss.uxSchedulerSuspended
                0x00000000200001c8        0x4 ./output/tasks.o

.bss.xQueueRegistry
                0x00000000200001cc       0x50
 .bss.xQueueRegistry
                0x00000000200001cc       0x50 ./output/queue.o
                0x00000000200001cc                xQueueRegistry

.bss.xActiveTimerList1
                0x000000002000021c       0x14
 .bss.xActiveTimerList1
                0x000000002000021c       0x14 ./output/timers.o

.bss.xActiveTimerList2
                0x0000000020000230       0x14
 .bss.xActiveTimerList2
                0x0000000020000230       0x14 ./output/timers.o

.bss.pxCurrentTimerList
                0x0000000020000244        0x4
 .bss.pxCurrentTimerList
                0x0000000020000244        0x4 ./output/timers.o

.bss.pxOverflowTimerList
                0x0000000020000248        0x4
 .bss.pxOverflowTimerList
                0x0000000020000248        0x4 ./output/timers.o

.bss.xTimerQueue
                0x000000002000024c        0x4
 .bss.xTimerQueue
                0x000000002000024c        0x4 ./output/timers.o

.bss.xTimerTaskHandle
                0x0000000020000250        0x4
 .bss.xTimerTaskHandle
                0x0000000020000250        0x4 ./output/timers.o

.bss.xLastTime.2
                0x0000000020000254        0x4
 .bss.xLastTime.2
                0x0000000020000254        0x4 ./output/timers.o

.bss.ucStaticTimerQueueStorage.1
                0x0000000020000258      0x140
 .bss.ucStaticTimerQueueStorage.1
                0x0000000020000258      0x140 ./output/timers.o

.bss.xStaticTimerQueue.0
                0x0000000020000398       0x4c
 .bss.xStaticTimerQueue.0
                0x0000000020000398       0x4c ./output/timers.o

.bss.ucHeap     0x00000000200003e4     0xf000
 .bss.ucHeap    0x00000000200003e4     0xf000 ./output/heap_4.o

.bss.xStart     0x000000002000f3e4        0x8
 .bss.xStart    0x000000002000f3e4        0x8 ./output/heap_4.o

.bss.pxEnd      0x000000002000f3ec        0x4
 .bss.pxEnd     0x000000002000f3ec        0x4 ./output/heap_4.o

.bss.xFreeBytesRemaining
                0x000000002000f3f0        0x4
 .bss.xFreeBytesRemaining
                0x000000002000f3f0        0x4 ./output/heap_4.o

.bss.xMinimumEverFreeBytesRemaining
                0x000000002000f3f4        0x4
 .bss.xMinimumEverFreeBytesRemaining
                0x000000002000f3f4        0x4 ./output/heap_4.o

.bss.xNumberOfSuccessfulAllocations
                0x000000002000f3f8        0x4
 .bss.xNumberOfSuccessfulAllocations
                0x000000002000f3f8        0x4 ./output/heap_4.o

.bss.xNumberOfSuccessfulFrees
                0x000000002000f3fc        0x4
 .bss.xNumberOfSuccessfulFrees
                0x000000002000f3fc        0x4 ./output/heap_4.o

.bss.ucMaxSysCallPriority
                0x000000002000f400        0x1
 .bss.ucMaxSysCallPriority
                0x000000002000f400        0x1 ./output/port.o

.bss.ulMaxPRIGROUPValue
                0x000000002000f404        0x4
 .bss.ulMaxPRIGROUPValue
                0x000000002000f404        0x4 ./output/port.o

.bss.xNormallyEmptyQueue
                0x000000002000f408        0x4
 .bss.xNormallyEmptyQueue
                0x000000002000f408        0x4 ./output/IntQueue.o

.bss.xNormallyFullQueue
                0x000000002000f40c        0x4
 .bss.xNormallyFullQueue
                0x000000002000f40c        0x4 ./output/IntQueue.o

.bss.xErrorLine
                0x000000002000f410        0x4
 .bss.xErrorLine
                0x000000002000f410        0x4 ./output/IntQueue.o

.bss.uxValueForNormallyEmptyQueue
                0x000000002000f414        0x4
 .bss.uxValueForNormallyEmptyQueue
                0x000000002000f414        0x4 ./output/IntQueue.o

.bss.uxValueForNormallyFullQueue
                0x000000002000f418        0x4
 .bss.uxValueForNormallyFullQueue
                0x000000002000f418        0x4 ./output/IntQueue.o

.bss.ucNormallyEmptyReceivedValues
                0x000000002000f41c       0xc8
 .bss.ucNormallyEmptyReceivedValues
                0x000000002000f41c       0xc8 ./output/IntQueue.o

.bss.ucNormallyFullReceivedValues
                0x000000002000f4e4       0xc8
 .bss.ucNormallyFullReceivedValues
                0x000000002000f4e4       0xc8 ./output/IntQueue.o

.bss.uxNextOperation.5
                0x000000002000f5ac        0x4
 .bss.uxNextOperation.5
                0x000000002000f5ac        0x4 ./output/IntQueue.o

.bss.uxNextOperation.4
                0x000000002000f5b0        0x4
 .bss.uxNextOperation.4
                0x000000002000f5b0        0x4 ./output/IntQueue.o

.bss.ulNest     0x000000002000f5b4        0x4
 .bss.ulNest    0x000000002000f5b4        0x4 ./output/IntQueueTimer.o
                0x000000002000f5b4                ulNest

.bss.ulNestCount
                0x000000002000f5b8        0x4
 .bss.ulNestCount
                0x000000002000f5b8        0x4 ./output/IntQueueTimer.o
                0x000000002000f5b8                ulNestCount

.bss.xIdleTaskTCB.3
                0x000000002000f5bc       0x5c
 .bss.xIdleTaskTCB.3
                0x000000002000f5bc       0x5c ./output/main.o

.bss.uxIdleTaskStack.2
                0x000000002000f618      0x140
 .bss.uxIdleTaskStack.2
                0x000000002000f618      0x140 ./output/main.o

.bss.xTimerTaskTCB.1
                0x000000002000f758       0x5c
 .bss.xTimerTaskTCB.1
                0x000000002000f758       0x5c ./output/main.o

.bss.uxTimerTaskStack.0
                0x000000002000f7b4      0x280
 .bss.uxTimerTaskStack.0
                0x000000002000f7b4      0x280 ./output/main.o

.bss.xQueue     0x000000002000fa34        0x4
 .bss.xQueue    0x000000002000fa34        0x4 ./output/main_blinky.o

.bss.xTimer     0x000000002000fa38        0x4
 .bss.xTimer    0x000000002000fa38        0x4 ./output/main_blinky.o

.bss.r0         0x000000002000fa3c        0x4
 .bss.r0        0x000000002000fa3c        0x4 ./output/startup_gcc.o
                0x000000002000fa3c                r0

.bss.r1         0x000000002000fa40        0x4
 .bss.r1        0x000000002000fa40        0x4 ./output/startup_gcc.o
                0x000000002000fa40                r1

.bss.r2         0x000000002000fa44        0x4
 .bss.r2        0x000000002000fa44        0x4 ./output/startup_gcc.o
                0x000000002000fa44                r2

.bss.r3         0x000000002000fa48        0x4
 .bss.r3        0x000000002000fa48        0x4 ./output/startup_gcc.o
                0x000000002000fa48                r3

.bss.r12        0x000000002000fa4c        0x4
 .bss.r12       0x000000002000fa4c        0x4 ./output/startup_gcc.o
                0x000000002000fa4c                r12

.bss.lr         0x000000002000fa50        0x4
 .bss.lr        0x000000002000fa50        0x4 ./output/startup_gcc.o
                0x000000002000fa50                lr

.bss.pc         0x000000002000fa54        0x4
 .bss.pc        0x000000002000fa54        0x4 ./output/startup_gcc.o
                0x000000002000fa54                pc

.bss.psr        0x000000002000fa58        0x4
 .bss.psr       0x000000002000fa58        0x4 ./output/startup_gcc.o
                0x000000002000fa58                psr

.bss.__lock___malloc_recursive_mutex
                0x000000002000fa5c        0x1
 .bss.__lock___malloc_recursive_mutex
                0x000000002000fa5c        0x1 /Applications/gcc-arm-none-eabi-10.3-2021.10/bin/../lib/gcc/arm-none-eabi/10.3.1/../../../../arm-none-eabi/lib/thumb/v7-m/nofp/libg_nano.a(lib_a-lock.o)
                0x000000002000fa5c                __lock___malloc_recursive_mutex

.bss.__lock___sfp_recursive_mutex
                0x000000002000fa5d        0x1
 .bss.__lock___sfp_recursive_mutex
                0x000000002000fa5d        0x1 /Applications/gcc-arm-none-eabi-10.3-2021.10/bin/../lib/gcc/arm-none-eabi/10.3.1/../../../../arm-none-eabi/lib/thumb/v7-m/nofp/libg_nano.a(lib_a-lock.o)
                0x000000002000fa5d                __lock___sfp_recursive_mutex

.bss.__lock___sinit_recursive_mutex
                0x000000002000fa5e        0x1
 .bss.__lock___sinit_recursive_mutex
                0x000000002000fa5e        0x1 /Applications/gcc-arm-none-eabi-10.3-2021.10/bin/../lib/gcc/arm-none-eabi/10.3.1/../../../../arm-none-eabi/lib/thumb/v7-m/nofp/libg_nano.a(lib_a-lock.o)
                0x000000002000fa5e                __lock___sinit_recursive_mutex

.bss.__malloc_free_list
                0x000000002000fa60        0x4
 .bss.__malloc_free_list
                0x000000002000fa60        0x4 /Applications/gcc-arm-none-eabi-10.3-2021.10/bin/../lib/gcc/arm-none-eabi/10.3.1/../../../../arm-none-eabi/lib/thumb/v7-m/nofp/libg_nano.a(lib_a-nano-mallocr.o)
                0x000000002000fa60                __malloc_free_list

.bss.__malloc_sbrk_start
                0x000000002000fa64        0x4
 .bss.__malloc_sbrk_start
                0x000000002000fa64        0x4 /Applications/gcc-arm-none-eabi-10.3-2021.10/bin/../lib/gcc/arm-none-eabi/10.3.1/../../../../arm-none-eabi/lib/thumb/v7-m/nofp/libg_nano.a(lib_a-nano-mallocr.o)
                0x000000002000fa64                __malloc_sbrk_start

.bss.errno      0x000000002000fa68        0x4
 .bss.errno     0x000000002000fa68        0x4 /Applications/gcc-arm-none-eabi-10.3-2021.10/bin/../lib/gcc/arm-none-eabi/10.3.1/../../../../arm-none-eabi/lib/thumb/v7-m/nofp/libg_nano.a(lib_a-reent.o)
                0x000000002000fa68                errno

.bss.heap_end.0
                0x000000002000fa6c        0x4
 .bss.heap_end.0
                0x000000002000fa6c        0x4 /Applications/gcc-arm-none-eabi-10.3-2021.10/bin/../lib/gcc/arm-none-eabi/10.3.1/../../../../arm-none-eabi/lib/thumb/v7-m/nofp/librdimon_nano.a(rdimon-syscalls.o)

.bss.openfiles  0x000000002000fa70       0xa0
 .bss.openfiles
                0x000000002000fa70       0xa0 /Applications/gcc-arm-none-eabi-10.3-2021.10/bin/../lib/gcc/arm-none-eabi/10.3.1/../../../../arm-none-eabi/lib/thumb/v7-m/nofp/librdimon_nano.a(rdimon-syscalls.o)

.heap           0x000000002000fb10      0x408
                0x000000002000fb10                . = ALIGN (0x8)
                0x000000002000fb10                PROVIDE (end = .)
                [!provide]                        PROVIDE (_end = .)
                0x000000002000fb10                _heap_bottom = .
                0x000000002000fb18                . = (. + _Min_Heap_Size)
 *fill*         0x000000002000fb10        0x8 
                0x000000002000fb18                _heap_top = .
                0x000000002000ff18                . = (. + _Min_Stack_Size)
 *fill*         0x000000002000fb18      0x400 
                0x000000002000ff18                . = ALIGN (0x8)
                0x0000000020400000                __StackTop = (ORIGIN (RAM) + LENGTH (RAM))
                0x00000000203ffc00                __StackLimit = (__StackTop - _Min_Stack_Size)
                [!provide]                        PROVIDE (__stack = __StackTop)
                0x0000000000000001                ASSERT ((__StackLimit >= _heap_top), region RAM overflowed with stack)
START GROUP
LOAD /Applications/gcc-arm-none-eabi-10.3-2021.10/bin/../lib/gcc/arm-none-eabi/10.3.1/thumb/v7-m/nofp/libgcc.a
LOAD /Applications/gcc-arm-none-eabi-10.3-2021.10/bin/../lib/gcc/arm-none-eabi/10.3.1/../../../../arm-none-eabi/lib/thumb/v7-m/nofp/libg_nano.a
LOAD /Applications/gcc-arm-none-eabi-10.3-2021.10/bin/../lib/gcc/arm-none-eabi/10.3.1/../../../../arm-none-eabi/lib/thumb/v7-m/nofp/libc_nano.a
END GROUP
START GROUP
LOAD /Applications/gcc-arm-none-eabi-10.3-2021.10/bin/../lib/gcc/arm-none-eabi/10.3.1/thumb/v7-m/nofp/libgcc.a
LOAD /Applications/gcc-arm-none-eabi-10.3-2021.10/bin/../lib/gcc/arm-none-eabi/10.3.1/../../../../arm-none-eabi/lib/thumb/v7-m/nofp/libc_nano.a
LOAD /Applications/gcc-arm-none-eabi-10.3-2021.10/bin/../lib/gcc/arm-none-eabi/10.3.1/../../../../arm-none-eabi/lib/thumb/v7-m/nofp/librdimon_nano.a
LOAD /Applications/gcc-arm-none-eabi-10.3-2021.10/bin/../lib/gcc/arm-none-eabi/10.3.1/../../../../arm-none-eabi/lib/thumb/v7-m/nofp/libnosys.a
END GROUP
START GROUP
LOAD /Applications/gcc-arm-none-eabi-10.3-2021.10/bin/../lib/gcc/arm-none-eabi/10.3.1/thumb/v7-m/nofp/libgcc.a
LOAD /Applications/gcc-arm-none-eabi-10.3-2021.10/bin/../lib/gcc/arm-none-eabi/10.3.1/../../../../arm-none-eabi/lib/thumb/v7-m/nofp/libc_nano.a
LOAD /Applications/gcc-arm-none-eabi-10.3-2021.10/bin/../lib/gcc/arm-none-eabi/10.3.1/../../../../arm-none-eabi/lib/thumb/v7-m/nofp/libnosys.a
END GROUP
START GROUP
LOAD /Applications/gcc-arm-none-eabi-10.3-2021.10/bin/../lib/gcc/arm-none-eabi/10.3.1/thumb/v7-m/nofp/libgcc.a
LOAD /Applications/gcc-arm-none-eabi-10.3-2021.10/bin/../lib/gcc/arm-none-eabi/10.3.1/../../../../arm-none-eabi/lib/thumb/v7-m/nofp/libc_nano.a
LOAD /Applications/gcc-arm-none-eabi-10.3-2021.10/bin/../lib/gcc/arm-none-eabi/10.3.1/../../../../arm-none-eabi/lib/thumb/v7-m/nofp/librdimon_nano.a
END GROUP
OUTPUT(./output/RTOSDemo.out elf32-littlearm)
LOAD linker stubs

.debug_info     0x0000000000000000     0x78c8
 .debug_info    0x0000000000000000     0x20f6 ./output/tasks.o
 .debug_info    0x00000000000020f6      0x2c5 ./output/list.o
 .debug_info    0x00000000000023bb     0x17b3 ./output/queue.o
 .debug_info    0x0000000000003b6e     0x10b7 ./output/timers.o
 .debug_info    0x0000000000004c25      0x476 ./output/heap_4.o
 .debug_info    0x000000000000509b      0x3b3 ./output/port.o
 .debug_info    0x000000000000544e      0x903 ./output/IntQueue.o
 .debug_info    0x0000000000005d51      0x5c9 ./output/IntQueueTimer.o
 .debug_info    0x000000000000631a      0x519 ./output/main.o
 .debug_info    0x0000000000006833      0x20f ./output/main_blinky.o
 .debug_info    0x0000000000006a42      0xa3d ./output/startup_gcc.o
 .debug_info    0x000000000000747f      0x449 ./output/printf-stdarg.o

.debug_abbrev   0x0000000000000000     0x1680
 .debug_abbrev  0x0000000000000000      0x304 ./output/tasks.o
 .debug_abbrev  0x0000000000000304       0xf2 ./output/list.o
 .debug_abbrev  0x00000000000003f6      0x28b ./output/queue.o
 .debug_abbrev  0x0000000000000681      0x241 ./output/timers.o
 .debug_abbrev  0x00000000000008c2      0x1af ./output/heap_4.o
 .debug_abbrev  0x0000000000000a71      0x207 ./output/port.o
 .debug_abbrev  0x0000000000000c78      0x206 ./output/IntQueue.o
 .debug_abbrev  0x0000000000000e7e      0x1b4 ./output/IntQueueTimer.o
 .debug_abbrev  0x0000000000001032      0x1f5 ./output/main.o
 .debug_abbrev  0x0000000000001227       0xb2 ./output/main_blinky.o
 .debug_abbrev  0x00000000000012d9      0x244 ./output/startup_gcc.o
 .debug_abbrev  0x000000000000151d      0x163 ./output/printf-stdarg.o

.debug_aranges  0x0000000000000000      0x770
 .debug_aranges
                0x0000000000000000      0x200 ./output/tasks.o
 .debug_aranges
                0x0000000000000200       0x40 ./output/list.o
 .debug_aranges
                0x0000000000000240      0x170 ./output/queue.o
 .debug_aranges
                0x00000000000003b0       0xf0 ./output/timers.o
 .debug_aranges
                0x00000000000004a0       0x60 ./output/heap_4.o
 .debug_aranges
                0x0000000000000500       0x78 ./output/port.o
 .debug_aranges
                0x0000000000000578       0x78 ./output/IntQueue.o
 .debug_aranges
                0x00000000000005f0       0x40 ./output/IntQueueTimer.o
 .debug_aranges
                0x0000000000000630       0x78 ./output/main.o
 .debug_aranges
                0x00000000000006a8       0x38 ./output/main_blinky.o
 .debug_aranges
                0x00000000000006e0       0x38 ./output/startup_gcc.o
 .debug_aranges
                0x0000000000000718       0x58 ./output/printf-stdarg.o

.debug_ranges   0x0000000000000000      0x6b0
 .debug_ranges  0x0000000000000000      0x1f0 ./output/tasks.o
 .debug_ranges  0x00000000000001f0       0x30 ./output/list.o
 .debug_ranges  0x0000000000000220      0x160 ./output/queue.o
 .debug_ranges  0x0000000000000380       0xe0 ./output/timers.o
 .debug_ranges  0x0000000000000460       0x50 ./output/heap_4.o
 .debug_ranges  0x00000000000004b0       0x68 ./output/port.o
 .debug_ranges  0x0000000000000518       0x68 ./output/IntQueue.o
 .debug_ranges  0x0000000000000580       0x30 ./output/IntQueueTimer.o
 .debug_ranges  0x00000000000005b0       0x68 ./output/main.o
 .debug_ranges  0x0000000000000618       0x28 ./output/main_blinky.o
 .debug_ranges  0x0000000000000640       0x28 ./output/startup_gcc.o
 .debug_ranges  0x0000000000000668       0x48 ./output/printf-stdarg.o

.debug_macro    0x0000000000000000     0x5afb
 .debug_macro   0x0000000000000000      0x31c ./output/tasks.o
 .debug_macro   0x000000000000031c      0xa5a ./output/tasks.o
 .debug_macro   0x0000000000000d76       0x18 ./output/tasks.o
 .debug_macro   0x0000000000000d8e       0x22 ./output/tasks.o
 .debug_macro   0x0000000000000db0       0x5e ./output/tasks.o
 .debug_macro   0x0000000000000e0e       0x94 ./output/tasks.o
 .debug_macro   0x0000000000000ea2       0x35 ./output/tasks.o
 .debug_macro   0x0000000000000ed7       0x34 ./output/tasks.o
 .debug_macro   0x0000000000000f0b       0x16 ./output/tasks.o
 .debug_macro   0x0000000000000f21      0x10e ./output/tasks.o
 .debug_macro   0x000000000000102f       0x8d ./output/tasks.o
 .debug_macro   0x00000000000010bc       0x16 ./output/tasks.o
 .debug_macro   0x00000000000010d2       0x43 ./output/tasks.o
 .debug_macro   0x0000000000001115       0x57 ./output/tasks.o
 .debug_macro   0x000000000000116c       0x34 ./output/tasks.o
 .debug_macro   0x00000000000011a0       0x10 ./output/tasks.o
 .debug_macro   0x00000000000011b0       0x58 ./output/tasks.o
 .debug_macro   0x0000000000001208      0x182 ./output/tasks.o
 .debug_macro   0x000000000000138a      0x341 ./output/tasks.o
 .debug_macro   0x00000000000016cb       0x16 ./output/tasks.o
 .debug_macro   0x00000000000016e1       0x29 ./output/tasks.o
 .debug_macro   0x000000000000170a       0x16 ./output/tasks.o
 .debug_macro   0x0000000000001720       0x35 ./output/tasks.o
 .debug_macro   0x0000000000001755      0x34e ./output/tasks.o
 .debug_macro   0x0000000000001aa3      0x154 ./output/tasks.o
 .debug_macro   0x0000000000001bf7      0x15a ./output/tasks.o
 .debug_macro   0x0000000000001d51       0xe4 ./output/tasks.o
 .debug_macro   0x0000000000001e35       0x28 ./output/tasks.o
 .debug_macro   0x0000000000001e5d       0x1f ./output/tasks.o
 .debug_macro   0x0000000000001e7c       0x12 ./output/tasks.o
 .debug_macro   0x0000000000001e8e      0x4b7 ./output/tasks.o
 .debug_macro   0x0000000000002345       0xc3 ./output/tasks.o
 .debug_macro   0x0000000000002408      0x120 ./output/tasks.o
 .debug_macro   0x0000000000002528       0x91 ./output/tasks.o
 .debug_macro   0x00000000000025b9       0x16 ./output/tasks.o
 .debug_macro   0x00000000000025cf       0x1c ./output/tasks.o
 .debug_macro   0x00000000000025eb       0x10 ./output/tasks.o
 .debug_macro   0x00000000000025fb       0x10 ./output/tasks.o
 .debug_macro   0x000000000000260b       0x6a ./output/tasks.o
 .debug_macro   0x0000000000002675       0x1c ./output/tasks.o
 .debug_macro   0x0000000000002691       0x52 ./output/tasks.o
 .debug_macro   0x00000000000026e3       0x22 ./output/tasks.o
 .debug_macro   0x0000000000002705       0x10 ./output/tasks.o
 .debug_macro   0x0000000000002715       0x52 ./output/tasks.o
 .debug_macro   0x0000000000002767       0xd5 ./output/tasks.o
 .debug_macro   0x000000000000283c       0x1c ./output/tasks.o
 .debug_macro   0x0000000000002858       0x3d ./output/tasks.o
 .debug_macro   0x0000000000002895       0x16 ./output/tasks.o
 .debug_macro   0x00000000000028ab      0x16f ./output/tasks.o
 .debug_macro   0x0000000000002a1a      0x171 ./output/list.o
 .debug_macro   0x0000000000002b8b      0x203 ./output/queue.o
 .debug_macro   0x0000000000002d8e       0x87 ./output/queue.o
 .debug_macro   0x0000000000002e15      0x1c0 ./output/timers.o
 .debug_macro   0x0000000000002fd5       0x97 ./output/timers.o
 .debug_macro   0x000000000000306c      0x1ed ./output/heap_4.o
 .debug_macro   0x0000000000003259      0x138 ./output/port.o
 .debug_macro   0x0000000000003391      0x1fa ./output/IntQueue.o
 .debug_macro   0x000000000000358b       0xfc ./output/IntQueueTimer.o
 .debug_macro   0x0000000000003687       0x22 ./output/IntQueueTimer.o
 .debug_macro   0x00000000000036a9       0x1c ./output/IntQueueTimer.o
 .debug_macro   0x00000000000036c5       0x22 ./output/IntQueueTimer.o
 .debug_macro   0x00000000000036e7       0xd6 ./output/IntQueueTimer.o
 .debug_macro   0x00000000000037bd      0xe2d ./output/IntQueueTimer.o
 .debug_macro   0x00000000000045ea      0x11f ./output/IntQueueTimer.o
 .debug_macro   0x0000000000004709      0x7b3 ./output/IntQueueTimer.o
 .debug_macro   0x0000000000004ebc      0x4a6 ./output/IntQueueTimer.o
 .debug_macro   0x0000000000005362      0x265 ./output/main.o
 .debug_macro   0x00000000000055c7      0x256 ./output/main_blinky.o
 .debug_macro   0x000000000000581d       0x8d ./output/main_blinky.o
 .debug_macro   0x00000000000058aa      0x1bb ./output/startup_gcc.o
 .debug_macro   0x0000000000005a65       0x3e ./output/printf-stdarg.o
 .debug_macro   0x0000000000005aa3       0x58 ./output/printf-stdarg.o

.debug_line     0x0000000000000000     0x63af
 .debug_line    0x0000000000000000     0x193e ./output/tasks.o
 .debug_line    0x000000000000193e      0x466 ./output/list.o
 .debug_line    0x0000000000001da4     0x136a ./output/queue.o
 .debug_line    0x000000000000310e      0x95e ./output/timers.o
 .debug_line    0x0000000000003a6c      0x6af ./output/heap_4.o
 .debug_line    0x000000000000411b      0x40b ./output/port.o
 .debug_line    0x0000000000004526      0x91b ./output/IntQueue.o
 .debug_line    0x0000000000004e41      0x38a ./output/IntQueueTimer.o
 .debug_line    0x00000000000051cb      0x5d5 ./output/main.o
 .debug_line    0x00000000000057a0      0x4ab ./output/main_blinky.o
 .debug_line    0x0000000000005c4b      0x35a ./output/startup_gcc.o
 .debug_line    0x0000000000005fa5      0x40a ./output/printf-stdarg.o

.debug_str      0x0000000000000000    0x1d87a
 .debug_str     0x0000000000000000     0xe4b2 ./output/tasks.o
                                       0xe82b (size before relaxing)
 .debug_str     0x000000000000e4b2       0xaa ./output/list.o
                                       0xa4dc (size before relaxing)
 .debug_str     0x000000000000e55c     0x13b9 ./output/queue.o
                                       0xcc77 (size before relaxing)
 .debug_str     0x000000000000f915      0x656 ./output/timers.o
                                       0xcf32 (size before relaxing)
 .debug_str     0x000000000000ff6b      0x5f3 ./output/heap_4.o
                                       0xbc41 (size before relaxing)
 .debug_str     0x000000000001055e      0x709 ./output/port.o
                                       0x9107 (size before relaxing)
 .debug_str     0x0000000000010c67      0xb14 ./output/IntQueue.o
                                       0xc8f3 (size before relaxing)
 .debug_str     0x000000000001177b     0xb49c ./output/IntQueueTimer.o
                                      0x12127 (size before relaxing)
 .debug_str     0x000000000001cc17      0x3a6 ./output/main.o
                                       0xcb59 (size before relaxing)
 .debug_str     0x000000000001cfbd      0x212 ./output/main_blinky.o
                                       0xd85e (size before relaxing)
 .debug_str     0x000000000001d1cf      0x4c8 ./output/startup_gcc.o
                                       0x7c37 (size before relaxing)
 .debug_str     0x000000000001d697      0x1e3 ./output/printf-stdarg.o
                                       0x2f22 (size before relaxing)

.comment        0x0000000000000000       0x49
 .comment       0x0000000000000000       0x49 ./output/tasks.o
                                         0x4a (size before relaxing)
 .comment       0x0000000000000049       0x4a ./output/list.o
 .comment       0x0000000000000049       0x4a ./output/queue.o
 .comment       0x0000000000000049       0x4a ./output/timers.o
 .comment       0x0000000000000049       0x4a ./output/heap_4.o
 .comment       0x0000000000000049       0x4a ./output/port.o
 .comment       0x0000000000000049       0x4a ./output/IntQueue.o
 .comment       0x0000000000000049       0x4a ./output/IntQueueTimer.o
 .comment       0x0000000000000049       0x4a ./output/main.o
 .comment       0x0000000000000049       0x4a ./output/main_blinky.o
 .comment       0x0000000000000049       0x4a ./output/startup_gcc.o
 .comment       0x0000000000000049       0x4a ./output/printf-stdarg.o

.ARM.attributes
                0x0000000000000000       0x2b
 .ARM.attributes
                0x0000000000000000       0x2d ./output/tasks.o
 .ARM.attributes
                0x000000000000002d       0x2d ./output/list.o
 .ARM.attributes
                0x000000000000005a       0x2d ./output/queue.o
 .ARM.attributes
                0x0000000000000087       0x2d ./output/timers.o
 .ARM.attributes
                0x00000000000000b4       0x2d ./output/heap_4.o
 .ARM.attributes
                0x00000000000000e1       0x2d ./output/port.o
 .ARM.attributes
                0x000000000000010e       0x2d ./output/IntQueue.o
 .ARM.attributes
                0x000000000000013b       0x2d ./output/IntQueueTimer.o
 .ARM.attributes
                0x0000000000000168       0x2d ./output/main.o
 .ARM.attributes
                0x0000000000000195       0x2d ./output/main_blinky.o
 .ARM.attributes
                0x00000000000001c2       0x2d ./output/startup_gcc.o
 .ARM.attributes
                0x00000000000001ef       0x2d ./output/printf-stdarg.o
 .ARM.attributes
                0x000000000000021c       0x2d /Applications/gcc-arm-none-eabi-10.3-2021.10/bin/../lib/gcc/arm-none-eabi/10.3.1/../../../../arm-none-eabi/lib/thumb/v7-m/nofp/libg_nano.a(lib_a-fflush.o)
 .ARM.attributes
                0x0000000000000249       0x2d /Applications/gcc-arm-none-eabi-10.3-2021.10/bin/../lib/gcc/arm-none-eabi/10.3.1/../../../../arm-none-eabi/lib/thumb/v7-m/nofp/libg_nano.a(lib_a-findfp.o)
 .ARM.attributes
                0x0000000000000276       0x2d /Applications/gcc-arm-none-eabi-10.3-2021.10/bin/../lib/gcc/arm-none-eabi/10.3.1/../../../../arm-none-eabi/lib/thumb/v7-m/nofp/libg_nano.a(lib_a-fwalk.o)
 .ARM.attributes
                0x00000000000002a3       0x2d /Applications/gcc-arm-none-eabi-10.3-2021.10/bin/../lib/gcc/arm-none-eabi/10.3.1/../../../../arm-none-eabi/lib/thumb/v7-m/nofp/libg_nano.a(lib_a-impure.o)
 .ARM.attributes
                0x00000000000002d0       0x2d /Applications/gcc-arm-none-eabi-10.3-2021.10/bin/../lib/gcc/arm-none-eabi/10.3.1/../../../../arm-none-eabi/lib/thumb/v7-m/nofp/libg_nano.a(lib_a-lock.o)
 .ARM.attributes
                0x00000000000002fd       0x2d /Applications/gcc-arm-none-eabi-10.3-2021.10/bin/../lib/gcc/arm-none-eabi/10.3.1/../../../../arm-none-eabi/lib/thumb/v7-m/nofp/libg_nano.a(lib_a-memcpy-stub.o)
 .ARM.attributes
                0x000000000000032a       0x2d /Applications/gcc-arm-none-eabi-10.3-2021.10/bin/../lib/gcc/arm-none-eabi/10.3.1/../../../../arm-none-eabi/lib/thumb/v7-m/nofp/libg_nano.a(lib_a-memset.o)
 .ARM.attributes
                0x0000000000000357       0x2d /Applications/gcc-arm-none-eabi-10.3-2021.10/bin/../lib/gcc/arm-none-eabi/10.3.1/../../../../arm-none-eabi/lib/thumb/v7-m/nofp/libg_nano.a(lib_a-nano-freer.o)
 .ARM.attributes
                0x0000000000000384       0x2d /Applications/gcc-arm-none-eabi-10.3-2021.10/bin/../lib/gcc/arm-none-eabi/10.3.1/../../../../arm-none-eabi/lib/thumb/v7-m/nofp/libg_nano.a(lib_a-nano-mallocr.o)
 .ARM.attributes
                0x00000000000003b1       0x2d /Applications/gcc-arm-none-eabi-10.3-2021.10/bin/../lib/gcc/arm-none-eabi/10.3.1/../../../../arm-none-eabi/lib/thumb/v7-m/nofp/libg_nano.a(lib_a-sbrkr.o)
 .ARM.attributes
                0x00000000000003de       0x2d /Applications/gcc-arm-none-eabi-10.3-2021.10/bin/../lib/gcc/arm-none-eabi/10.3.1/../../../../arm-none-eabi/lib/thumb/v7-m/nofp/libg_nano.a(lib_a-stdio.o)
 .ARM.attributes
                0x000000000000040b       0x2d /Applications/gcc-arm-none-eabi-10.3-2021.10/bin/../lib/gcc/arm-none-eabi/10.3.1/../../../../arm-none-eabi/lib/thumb/v7-m/nofp/libg_nano.a(lib_a-writer.o)
 .ARM.attributes
                0x0000000000000438       0x2d /Applications/gcc-arm-none-eabi-10.3-2021.10/bin/../lib/gcc/arm-none-eabi/10.3.1/../../../../arm-none-eabi/lib/thumb/v7-m/nofp/libg_nano.a(lib_a-closer.o)
 .ARM.attributes
                0x0000000000000465       0x2d /Applications/gcc-arm-none-eabi-10.3-2021.10/bin/../lib/gcc/arm-none-eabi/10.3.1/../../../../arm-none-eabi/lib/thumb/v7-m/nofp/libg_nano.a(lib_a-lseekr.o)
 .ARM.attributes
                0x0000000000000492       0x2d /Applications/gcc-arm-none-eabi-10.3-2021.10/bin/../lib/gcc/arm-none-eabi/10.3.1/../../../../arm-none-eabi/lib/thumb/v7-m/nofp/libg_nano.a(lib_a-mlock.o)
 .ARM.attributes
                0x00000000000004bf       0x2d /Applications/gcc-arm-none-eabi-10.3-2021.10/bin/../lib/gcc/arm-none-eabi/10.3.1/../../../../arm-none-eabi/lib/thumb/v7-m/nofp/libg_nano.a(lib_a-readr.o)
 .ARM.attributes
                0x00000000000004ec       0x2d /Applications/gcc-arm-none-eabi-10.3-2021.10/bin/../lib/gcc/arm-none-eabi/10.3.1/../../../../arm-none-eabi/lib/thumb/v7-m/nofp/libg_nano.a(lib_a-reent.o)
 .ARM.attributes
                0x0000000000000519       0x2d /Applications/gcc-arm-none-eabi-10.3-2021.10/bin/../lib/gcc/arm-none-eabi/10.3.1/../../../../arm-none-eabi/lib/thumb/v7-m/nofp/librdimon_nano.a(rdimon-syscalls.o)
 .ARM.attributes
                0x0000000000000546       0x2d /Applications/gcc-arm-none-eabi-10.3-2021.10/bin/../lib/gcc/arm-none-eabi/10.3.1/../../../../arm-none-eabi/lib/thumb/v7-m/nofp/libc_nano.a(lib_a-errno.o)

.debug_frame    0x0000000000000000     0x2614
 .debug_frame   0x0000000000000000      0x8b0 ./output/tasks.o
 .debug_frame   0x00000000000008b0       0xd8 ./output/list.o
 .debug_frame   0x0000000000000988      0x630 ./output/queue.o
 .debug_frame   0x0000000000000fb8      0x3d4 ./output/timers.o
 .debug_frame   0x000000000000138c      0x150 ./output/heap_4.o
 .debug_frame   0x00000000000014dc      0x17c ./output/port.o
 .debug_frame   0x0000000000001658      0x1ac ./output/IntQueue.o
 .debug_frame   0x0000000000001804       0xb4 ./output/IntQueueTimer.o
 .debug_frame   0x00000000000018b8      0x1a8 ./output/main.o
 .debug_frame   0x0000000000001a60       0x94 ./output/main_blinky.o
 .debug_frame   0x0000000000001af4       0x6c ./output/startup_gcc.o
 .debug_frame   0x0000000000001b60      0x194 ./output/printf-stdarg.o
 .debug_frame   0x0000000000001cf4       0x5c /Applications/gcc-arm-none-eabi-10.3-2021.10/bin/../lib/gcc/arm-none-eabi/10.3.1/../../../../arm-none-eabi/lib/thumb/v7-m/nofp/libg_nano.a(lib_a-fflush.o)
 .debug_frame   0x0000000000001d50      0x14c /Applications/gcc-arm-none-eabi-10.3-2021.10/bin/../lib/gcc/arm-none-eabi/10.3.1/../../../../arm-none-eabi/lib/thumb/v7-m/nofp/libg_nano.a(lib_a-findfp.o)
 .debug_frame   0x0000000000001e9c       0x54 /Applications/gcc-arm-none-eabi-10.3-2021.10/bin/../lib/gcc/arm-none-eabi/10.3.1/../../../../arm-none-eabi/lib/thumb/v7-m/nofp/libg_nano.a(lib_a-fwalk.o)
 .debug_frame   0x0000000000001ef0       0xb0 /Applications/gcc-arm-none-eabi-10.3-2021.10/bin/../lib/gcc/arm-none-eabi/10.3.1/../../../../arm-none-eabi/lib/thumb/v7-m/nofp/libg_nano.a(lib_a-lock.o)
 .debug_frame   0x0000000000001fa0       0x28 /Applications/gcc-arm-none-eabi-10.3-2021.10/bin/../lib/gcc/arm-none-eabi/10.3.1/../../../../arm-none-eabi/lib/thumb/v7-m/nofp/libg_nano.a(lib_a-memcpy-stub.o)
 .debug_frame   0x0000000000001fc8       0x20 /Applications/gcc-arm-none-eabi-10.3-2021.10/bin/../lib/gcc/arm-none-eabi/10.3.1/../../../../arm-none-eabi/lib/thumb/v7-m/nofp/libg_nano.a(lib_a-memset.o)
 .debug_frame   0x0000000000001fe8       0x38 /Applications/gcc-arm-none-eabi-10.3-2021.10/bin/../lib/gcc/arm-none-eabi/10.3.1/../../../../arm-none-eabi/lib/thumb/v7-m/nofp/libg_nano.a(lib_a-nano-freer.o)
 .debug_frame   0x0000000000002020       0x4c /Applications/gcc-arm-none-eabi-10.3-2021.10/bin/../lib/gcc/arm-none-eabi/10.3.1/../../../../arm-none-eabi/lib/thumb/v7-m/nofp/libg_nano.a(lib_a-nano-mallocr.o)
 .debug_frame   0x000000000000206c       0x2c /Applications/gcc-arm-none-eabi-10.3-2021.10/bin/../lib/gcc/arm-none-eabi/10.3.1/../../../../arm-none-eabi/lib/thumb/v7-m/nofp/libg_nano.a(lib_a-sbrkr.o)
 .debug_frame   0x0000000000002098       0x88 /Applications/gcc-arm-none-eabi-10.3-2021.10/bin/../lib/gcc/arm-none-eabi/10.3.1/../../../../arm-none-eabi/lib/thumb/v7-m/nofp/libg_nano.a(lib_a-stdio.o)
 .debug_frame   0x0000000000002120       0x2c /Applications/gcc-arm-none-eabi-10.3-2021.10/bin/../lib/gcc/arm-none-eabi/10.3.1/../../../../arm-none-eabi/lib/thumb/v7-m/nofp/libg_nano.a(lib_a-writer.o)
 .debug_frame   0x000000000000214c       0x2c /Applications/gcc-arm-none-eabi-10.3-2021.10/bin/../lib/gcc/arm-none-eabi/10.3.1/../../../../arm-none-eabi/lib/thumb/v7-m/nofp/libg_nano.a(lib_a-closer.o)
 .debug_frame   0x0000000000002178       0x2c /Applications/gcc-arm-none-eabi-10.3-2021.10/bin/../lib/gcc/arm-none-eabi/10.3.1/../../../../arm-none-eabi/lib/thumb/v7-m/nofp/libg_nano.a(lib_a-lseekr.o)
 .debug_frame   0x00000000000021a4       0x30 /Applications/gcc-arm-none-eabi-10.3-2021.10/bin/../lib/gcc/arm-none-eabi/10.3.1/../../../../arm-none-eabi/lib/thumb/v7-m/nofp/libg_nano.a(lib_a-mlock.o)
 .debug_frame   0x00000000000021d4       0x2c /Applications/gcc-arm-none-eabi-10.3-2021.10/bin/../lib/gcc/arm-none-eabi/10.3.1/../../../../arm-none-eabi/lib/thumb/v7-m/nofp/libg_nano.a(lib_a-readr.o)
 .debug_frame   0x0000000000002200       0x5c /Applications/gcc-arm-none-eabi-10.3-2021.10/bin/../lib/gcc/arm-none-eabi/10.3.1/../../../../arm-none-eabi/lib/thumb/v7-m/nofp/libg_nano.a(lib_a-reent.o)
 .debug_frame   0x000000000000225c      0x398 /Applications/gcc-arm-none-eabi-10.3-2021.10/bin/../lib/gcc/arm-none-eabi/10.3.1/../../../../arm-none-eabi/lib/thumb/v7-m/nofp/librdimon_nano.a(rdimon-syscalls.o)
 .debug_frame   0x00000000000025f4       0x20 /Applications/gcc-arm-none-eabi-10.3-2021.10/bin/../lib/gcc/arm-none-eabi/10.3.1/../../../../arm-none-eabi/lib/thumb/v7-m/nofp/libc_nano.a(lib_a-errno.o)
